running egg_info
creating ../../../../build/my_control_node/my_control_node.egg-info
writing ../../../../build/my_control_node/my_control_node.egg-info/PKG-INFO
writing dependency_links to ../../../../build/my_control_node/my_control_node.egg-info/dependency_links.txt
writing entry points to ../../../../build/my_control_node/my_control_node.egg-info/entry_points.txt
writing requirements to ../../../../build/my_control_node/my_control_node.egg-info/requires.txt
writing top-level names to ../../../../build/my_control_node/my_control_node.egg-info/top_level.txt
writing manifest file '../../../../build/my_control_node/my_control_node.egg-info/SOURCES.txt'
reading manifest file '../../../../build/my_control_node/my_control_node.egg-info/SOURCES.txt'
writing manifest file '../../../../build/my_control_node/my_control_node.egg-info/SOURCES.txt'
running build
running build_py
creating /aichallenge/build/my_control_node/build
creating /aichallenge/build/my_control_node/build/lib
creating /aichallenge/build/my_control_node/build/lib/my_control_node
copying my_control_node/__init__.py -> /aichallenge/build/my_control_node/build/lib/my_control_node
copying my_control_node/control_node.py -> /aichallenge/build/my_control_node/build/lib/my_control_node
running install
running install_lib
creating /aichallenge/install/my_control_node/lib/python3.10/site-packages/my_control_node
copying /aichallenge/build/my_control_node/build/lib/my_control_node/__init__.py -> /aichallenge/install/my_control_node/lib/python3.10/site-packages/my_control_node
copying /aichallenge/build/my_control_node/build/lib/my_control_node/control_node.py -> /aichallenge/install/my_control_node/lib/python3.10/site-packages/my_control_node
byte-compiling /aichallenge/install/my_control_node/lib/python3.10/site-packages/my_control_node/__init__.py to __init__.cpython-310.pyc
byte-compiling /aichallenge/install/my_control_node/lib/python3.10/site-packages/my_control_node/control_node.py to control_node.cpython-310.pyc
running install_egg_info
Copying ../../../../build/my_control_node/my_control_node.egg-info to /aichallenge/install/my_control_node/lib/python3.10/site-packages/my_control_node-0.0.1-py3.10.egg-info
running install_scripts
Installing control_node script to /aichallenge/install/my_control_node/lib/my_control_node
writing list of installed files to '/aichallenge/build/my_control_node/install.log'
