[0.584s] Invoking command in '/aichallenge/workspace/src/aichallenge_submit/my_control_node': PYTHONPATH=/aichallenge/build/my_control_node/prefix_override:/aichallenge/install/my_control_node/lib/python3.10/site-packages:${PYTHONPATH} /usr/bin/python3 -W ignore:setup.py install is deprecated setup.py egg_info --egg-base ../../../../build/my_control_node build --build-base /aichallenge/build/my_control_node/build install --record /aichallenge/build/my_control_node/install.log --single-version-externally-managed
[0.768s] running egg_info
[0.768s] creating ../../../../build/my_control_node/my_control_node.egg-info
[0.768s] writing ../../../../build/my_control_node/my_control_node.egg-info/PKG-INFO
[0.768s] writing dependency_links to ../../../../build/my_control_node/my_control_node.egg-info/dependency_links.txt
[0.769s] writing entry points to ../../../../build/my_control_node/my_control_node.egg-info/entry_points.txt
[0.769s] writing requirements to ../../../../build/my_control_node/my_control_node.egg-info/requires.txt
[0.769s] writing top-level names to ../../../../build/my_control_node/my_control_node.egg-info/top_level.txt
[0.769s] writing manifest file '../../../../build/my_control_node/my_control_node.egg-info/SOURCES.txt'
[0.773s] reading manifest file '../../../../build/my_control_node/my_control_node.egg-info/SOURCES.txt'
[0.773s] writing manifest file '../../../../build/my_control_node/my_control_node.egg-info/SOURCES.txt'
[0.773s] running build
[0.773s] running build_py
[0.773s] creating /aichallenge/build/my_control_node/build
[0.773s] creating /aichallenge/build/my_control_node/build/lib
[0.773s] creating /aichallenge/build/my_control_node/build/lib/my_control_node
[0.773s] copying my_control_node/__init__.py -> /aichallenge/build/my_control_node/build/lib/my_control_node
[0.773s] copying my_control_node/control_node.py -> /aichallenge/build/my_control_node/build/lib/my_control_node
[0.773s] running install
[0.774s] running install_lib
[0.774s] creating /aichallenge/install/my_control_node/lib/python3.10/site-packages/my_control_node
[0.774s] copying /aichallenge/build/my_control_node/build/lib/my_control_node/__init__.py -> /aichallenge/install/my_control_node/lib/python3.10/site-packages/my_control_node
[0.774s] copying /aichallenge/build/my_control_node/build/lib/my_control_node/control_node.py -> /aichallenge/install/my_control_node/lib/python3.10/site-packages/my_control_node
[0.775s] byte-compiling /aichallenge/install/my_control_node/lib/python3.10/site-packages/my_control_node/__init__.py to __init__.cpython-310.pyc
[0.775s] byte-compiling /aichallenge/install/my_control_node/lib/python3.10/site-packages/my_control_node/control_node.py to control_node.cpython-310.pyc
[0.775s] running install_egg_info
[0.776s] Copying ../../../../build/my_control_node/my_control_node.egg-info to /aichallenge/install/my_control_node/lib/python3.10/site-packages/my_control_node-0.0.1-py3.10.egg-info
[0.777s] running install_scripts
[0.793s] Installing control_node script to /aichallenge/install/my_control_node/lib/my_control_node
[0.793s] writing list of installed files to '/aichallenge/build/my_control_node/install.log'
[0.808s] Invoked command in '/aichallenge/workspace/src/aichallenge_submit/my_control_node' returned '0': PYTHONPATH=/aichallenge/build/my_control_node/prefix_override:/aichallenge/install/my_control_node/lib/python3.10/site-packages:${PYTHONPATH} /usr/bin/python3 -W ignore:setup.py install is deprecated setup.py egg_info --egg-base ../../../../build/my_control_node build --build-base /aichallenge/build/my_control_node/build install --record /aichallenge/build/my_control_node/install.log --single-version-externally-managed
