[0.516s] Invoking command in '/aichallenge/workspace/src/aichallenge_submit/my_control_node': PYTHONPATH=/aichallenge/build/my_control_node/prefix_override:/aichallenge/install/my_control_node/lib/python3.10/site-packages:${PYTHONPATH} /usr/bin/python3 -W ignore:setup.py install is deprecated setup.py egg_info --egg-base ../../../../build/my_control_node build --build-base /aichallenge/build/my_control_node/build install --record /aichallenge/build/my_control_node/install.log --single-version-externally-managed
[0.705s] running egg_info
[0.706s] writing ../../../../build/my_control_node/my_control_node.egg-info/PKG-INFO
[0.706s] writing dependency_links to ../../../../build/my_control_node/my_control_node.egg-info/dependency_links.txt
[0.706s] writing entry points to ../../../../build/my_control_node/my_control_node.egg-info/entry_points.txt
[0.706s] writing requirements to ../../../../build/my_control_node/my_control_node.egg-info/requires.txt
[0.706s] writing top-level names to ../../../../build/my_control_node/my_control_node.egg-info/top_level.txt
[0.707s] reading manifest file '../../../../build/my_control_node/my_control_node.egg-info/SOURCES.txt'
[0.708s] writing manifest file '../../../../build/my_control_node/my_control_node.egg-info/SOURCES.txt'
[0.708s] running build
[0.708s] running build_py
[0.708s] running install
[0.708s] running install_lib
[0.709s] running install_egg_info
[0.711s] removing '/aichallenge/install/my_control_node/lib/python3.10/site-packages/my_control_node-0.0.1-py3.10.egg-info' (and everything under it)
[0.711s] Copying ../../../../build/my_control_node/my_control_node.egg-info to /aichallenge/install/my_control_node/lib/python3.10/site-packages/my_control_node-0.0.1-py3.10.egg-info
[0.711s] running install_scripts
[0.728s] Installing control_node script to /aichallenge/install/my_control_node/lib/my_control_node
[0.728s] writing list of installed files to '/aichallenge/build/my_control_node/install.log'
[0.742s] Invoked command in '/aichallenge/workspace/src/aichallenge_submit/my_control_node' returned '0': PYTHONPATH=/aichallenge/build/my_control_node/prefix_override:/aichallenge/install/my_control_node/lib/python3.10/site-packages:${PYTHONPATH} /usr/bin/python3 -W ignore:setup.py install is deprecated setup.py egg_info --egg-base ../../../../build/my_control_node build --build-base /aichallenge/build/my_control_node/build install --record /aichallenge/build/my_control_node/install.log --single-version-externally-managed
