[0.129s] DEBUG:colcon:Command line arguments: ['/usr/bin/colcon', 'build', '--symlink-install', '--cmake-args', '-DCMAKE_BUILD_TYPE=Release', '--packages-select', 'closest_point_finder']
[0.129s] DEBUG:colcon:Parsed command line arguments: Namespace(log_base=None, log_level=None, verb_name='build', build_base='build', install_base='install', merge_install=False, symlink_install=True, test_result_base=None, continue_on_error=False, executor='parallel', parallel_workers=8, event_handlers=None, ignore_user_meta=False, metas=['./colcon.meta'], base_paths=['.'], packages_ignore=None, packages_ignore_regex=None, paths=None, packages_up_to=None, packages_up_to_regex=None, packages_above=None, packages_above_and_dependencies=None, packages_above_depth=None, packages_select_by_dep=None, packages_skip_by_dep=None, packages_skip_up_to=None, packages_select_build_failed=False, packages_skip_build_finished=False, packages_select_test_failures=False, packages_skip_test_passed=False, packages_select=['closest_point_finder'], packages_skip=None, packages_select_regex=None, packages_skip_regex=None, packages_start=None, packages_end=None, allow_overriding=[], cmake_args=['-DCMAKE_BUILD_TYPE=Release'], cmake_target=None, cmake_target_skip_unavailable=False, cmake_clean_cache=False, cmake_clean_first=False, cmake_force_configure=False, ament_cmake_args=None, catkin_cmake_args=None, catkin_skip_building_tests=False, mixin_files=None, mixin=None, verb_parser=<colcon_mixin.mixin.mixin_argument.MixinArgumentDecorator object at 0x75ab5e958eb0>, verb_extension=<colcon_core.verb.build.BuildVerb object at 0x75ab5ea55570>, main=<bound method BuildVerb.main of <colcon_core.verb.build.BuildVerb object at 0x75ab5ea55570>>, mixin_verb=('build',))
[0.312s] Level 1:colcon.colcon_core.package_discovery:discover_packages(colcon_meta) check parameters
[0.313s] Level 1:colcon.colcon_core.package_discovery:discover_packages(recursive) check parameters
[0.313s] Level 1:colcon.colcon_core.package_discovery:discover_packages(ignore) check parameters
[0.313s] Level 1:colcon.colcon_core.package_discovery:discover_packages(path) check parameters
[0.313s] Level 1:colcon.colcon_core.package_discovery:discover_packages(colcon_meta) discover
[0.313s] Level 1:colcon.colcon_core.package_discovery:discover_packages(recursive) discover
[0.313s] INFO:colcon.colcon_core.package_discovery:Crawling recursively for packages in '/aichallenge'
[0.313s] Level 1:colcon.colcon_core.package_identification:_identify(.) by extensions ['ignore', 'ignore_ament_install']
[0.313s] Level 1:colcon.colcon_core.package_identification:_identify(.) by extension 'ignore'
[0.313s] Level 1:colcon.colcon_core.package_identification:_identify(.) by extension 'ignore_ament_install'
[0.313s] Level 1:colcon.colcon_core.package_identification:_identify(.) by extensions ['colcon_pkg']
[0.313s] Level 1:colcon.colcon_core.package_identification:_identify(.) by extension 'colcon_pkg'
[0.313s] Level 1:colcon.colcon_core.package_identification:_identify(.) by extensions ['colcon_meta']
[0.313s] Level 1:colcon.colcon_core.package_identification:_identify(.) by extension 'colcon_meta'
[0.313s] Level 1:colcon.colcon_core.package_identification:_identify(.) by extensions ['ros']
[0.313s] Level 1:colcon.colcon_core.package_identification:_identify(.) by extension 'ros'
[0.324s] Level 1:colcon.colcon_core.package_identification:_identify(.) by extensions ['cmake', 'python']
[0.324s] Level 1:colcon.colcon_core.package_identification:_identify(.) by extension 'cmake'
[0.324s] Level 1:colcon.colcon_core.package_identification:_identify(.) by extension 'python'
[0.324s] Level 1:colcon.colcon_core.package_identification:_identify(.) by extensions ['python_setup_py']
[0.324s] Level 1:colcon.colcon_core.package_identification:_identify(.) by extension 'python_setup_py'
[0.324s] Level 1:colcon.colcon_core.package_identification:_identify(build) by extensions ['ignore', 'ignore_ament_install']
[0.324s] Level 1:colcon.colcon_core.package_identification:_identify(build) by extension 'ignore'
[0.324s] Level 1:colcon.colcon_core.package_identification:_identify(build) ignored
[0.325s] Level 1:colcon.colcon_core.package_identification:_identify(install) by extensions ['ignore', 'ignore_ament_install']
[0.325s] Level 1:colcon.colcon_core.package_identification:_identify(install) by extension 'ignore'
[0.325s] Level 1:colcon.colcon_core.package_identification:_identify(install) ignored
[0.325s] Level 1:colcon.colcon_core.package_identification:_identify(log) by extensions ['ignore', 'ignore_ament_install']
[0.325s] Level 1:colcon.colcon_core.package_identification:_identify(log) by extension 'ignore'
[0.325s] Level 1:colcon.colcon_core.package_identification:_identify(log) ignored
[0.325s] Level 1:colcon.colcon_core.package_identification:_identify(simulator) by extensions ['ignore', 'ignore_ament_install']
[0.325s] Level 1:colcon.colcon_core.package_identification:_identify(simulator) by extension 'ignore'
[0.325s] Level 1:colcon.colcon_core.package_identification:_identify(simulator) by extension 'ignore_ament_install'
[0.325s] Level 1:colcon.colcon_core.package_identification:_identify(simulator) by extensions ['colcon_pkg']
[0.325s] Level 1:colcon.colcon_core.package_identification:_identify(simulator) by extension 'colcon_pkg'
[0.325s] Level 1:colcon.colcon_core.package_identification:_identify(simulator) by extensions ['colcon_meta']
[0.325s] Level 1:colcon.colcon_core.package_identification:_identify(simulator) by extension 'colcon_meta'
[0.325s] Level 1:colcon.colcon_core.package_identification:_identify(simulator) by extensions ['ros']
[0.325s] Level 1:colcon.colcon_core.package_identification:_identify(simulator) by extension 'ros'
[0.325s] Level 1:colcon.colcon_core.package_identification:_identify(simulator) by extensions ['cmake', 'python']
[0.325s] Level 1:colcon.colcon_core.package_identification:_identify(simulator) by extension 'cmake'
[0.325s] Level 1:colcon.colcon_core.package_identification:_identify(simulator) by extension 'python'
[0.325s] Level 1:colcon.colcon_core.package_identification:_identify(simulator) by extensions ['python_setup_py']
[0.325s] Level 1:colcon.colcon_core.package_identification:_identify(simulator) by extension 'python_setup_py'
[0.326s] Level 1:colcon.colcon_core.package_identification:_identify(simulator/AWSIM) by extensions ['ignore', 'ignore_ament_install']
[0.326s] Level 1:colcon.colcon_core.package_identification:_identify(simulator/AWSIM) by extension 'ignore'
[0.326s] Level 1:colcon.colcon_core.package_identification:_identify(simulator/AWSIM) by extension 'ignore_ament_install'
[0.326s] Level 1:colcon.colcon_core.package_identification:_identify(simulator/AWSIM) by extensions ['colcon_pkg']
[0.326s] Level 1:colcon.colcon_core.package_identification:_identify(simulator/AWSIM) by extension 'colcon_pkg'
[0.326s] Level 1:colcon.colcon_core.package_identification:_identify(simulator/AWSIM) by extensions ['colcon_meta']
[0.326s] Level 1:colcon.colcon_core.package_identification:_identify(simulator/AWSIM) by extension 'colcon_meta'
[0.326s] Level 1:colcon.colcon_core.package_identification:_identify(simulator/AWSIM) by extensions ['ros']
[0.326s] Level 1:colcon.colcon_core.package_identification:_identify(simulator/AWSIM) by extension 'ros'
[0.326s] Level 1:colcon.colcon_core.package_identification:_identify(simulator/AWSIM) by extensions ['cmake', 'python']
[0.326s] Level 1:colcon.colcon_core.package_identification:_identify(simulator/AWSIM) by extension 'cmake'
[0.326s] Level 1:colcon.colcon_core.package_identification:_identify(simulator/AWSIM) by extension 'python'
[0.326s] Level 1:colcon.colcon_core.package_identification:_identify(simulator/AWSIM) by extensions ['python_setup_py']
[0.326s] Level 1:colcon.colcon_core.package_identification:_identify(simulator/AWSIM) by extension 'python_setup_py'
[0.326s] Level 1:colcon.colcon_core.package_identification:_identify(simulator/AWSIM/AWSIM_Data) by extensions ['ignore', 'ignore_ament_install']
[0.326s] Level 1:colcon.colcon_core.package_identification:_identify(simulator/AWSIM/AWSIM_Data) by extension 'ignore'
[0.326s] Level 1:colcon.colcon_core.package_identification:_identify(simulator/AWSIM/AWSIM_Data) by extension 'ignore_ament_install'
[0.326s] Level 1:colcon.colcon_core.package_identification:_identify(simulator/AWSIM/AWSIM_Data) by extensions ['colcon_pkg']
[0.326s] Level 1:colcon.colcon_core.package_identification:_identify(simulator/AWSIM/AWSIM_Data) by extension 'colcon_pkg'
[0.326s] Level 1:colcon.colcon_core.package_identification:_identify(simulator/AWSIM/AWSIM_Data) by extensions ['colcon_meta']
[0.326s] Level 1:colcon.colcon_core.package_identification:_identify(simulator/AWSIM/AWSIM_Data) by extension 'colcon_meta'
[0.326s] Level 1:colcon.colcon_core.package_identification:_identify(simulator/AWSIM/AWSIM_Data) by extensions ['ros']
[0.326s] Level 1:colcon.colcon_core.package_identification:_identify(simulator/AWSIM/AWSIM_Data) by extension 'ros'
[0.327s] Level 1:colcon.colcon_core.package_identification:_identify(simulator/AWSIM/AWSIM_Data) by extensions ['cmake', 'python']
[0.327s] Level 1:colcon.colcon_core.package_identification:_identify(simulator/AWSIM/AWSIM_Data) by extension 'cmake'
[0.327s] Level 1:colcon.colcon_core.package_identification:_identify(simulator/AWSIM/AWSIM_Data) by extension 'python'
[0.327s] Level 1:colcon.colcon_core.package_identification:_identify(simulator/AWSIM/AWSIM_Data) by extensions ['python_setup_py']
[0.327s] Level 1:colcon.colcon_core.package_identification:_identify(simulator/AWSIM/AWSIM_Data) by extension 'python_setup_py'
[0.327s] Level 1:colcon.colcon_core.package_identification:_identify(simulator/AWSIM/AWSIM_Data/Managed) by extensions ['ignore', 'ignore_ament_install']
[0.327s] Level 1:colcon.colcon_core.package_identification:_identify(simulator/AWSIM/AWSIM_Data/Managed) by extension 'ignore'
[0.327s] Level 1:colcon.colcon_core.package_identification:_identify(simulator/AWSIM/AWSIM_Data/Managed) by extension 'ignore_ament_install'
[0.327s] Level 1:colcon.colcon_core.package_identification:_identify(simulator/AWSIM/AWSIM_Data/Managed) by extensions ['colcon_pkg']
[0.327s] Level 1:colcon.colcon_core.package_identification:_identify(simulator/AWSIM/AWSIM_Data/Managed) by extension 'colcon_pkg'
[0.327s] Level 1:colcon.colcon_core.package_identification:_identify(simulator/AWSIM/AWSIM_Data/Managed) by extensions ['colcon_meta']
[0.327s] Level 1:colcon.colcon_core.package_identification:_identify(simulator/AWSIM/AWSIM_Data/Managed) by extension 'colcon_meta'
[0.327s] Level 1:colcon.colcon_core.package_identification:_identify(simulator/AWSIM/AWSIM_Data/Managed) by extensions ['ros']
[0.327s] Level 1:colcon.colcon_core.package_identification:_identify(simulator/AWSIM/AWSIM_Data/Managed) by extension 'ros'
[0.327s] Level 1:colcon.colcon_core.package_identification:_identify(simulator/AWSIM/AWSIM_Data/Managed) by extensions ['cmake', 'python']
[0.327s] Level 1:colcon.colcon_core.package_identification:_identify(simulator/AWSIM/AWSIM_Data/Managed) by extension 'cmake'
[0.327s] Level 1:colcon.colcon_core.package_identification:_identify(simulator/AWSIM/AWSIM_Data/Managed) by extension 'python'
[0.327s] Level 1:colcon.colcon_core.package_identification:_identify(simulator/AWSIM/AWSIM_Data/Managed) by extensions ['python_setup_py']
[0.327s] Level 1:colcon.colcon_core.package_identification:_identify(simulator/AWSIM/AWSIM_Data/Managed) by extension 'python_setup_py'
[0.327s] Level 1:colcon.colcon_core.package_identification:_identify(simulator/AWSIM/AWSIM_Data/MonoBleedingEdge) by extensions ['ignore', 'ignore_ament_install']
[0.328s] Level 1:colcon.colcon_core.package_identification:_identify(simulator/AWSIM/AWSIM_Data/MonoBleedingEdge) by extension 'ignore'
[0.328s] Level 1:colcon.colcon_core.package_identification:_identify(simulator/AWSIM/AWSIM_Data/MonoBleedingEdge) by extension 'ignore_ament_install'
[0.328s] Level 1:colcon.colcon_core.package_identification:_identify(simulator/AWSIM/AWSIM_Data/MonoBleedingEdge) by extensions ['colcon_pkg']
[0.328s] Level 1:colcon.colcon_core.package_identification:_identify(simulator/AWSIM/AWSIM_Data/MonoBleedingEdge) by extension 'colcon_pkg'
[0.328s] Level 1:colcon.colcon_core.package_identification:_identify(simulator/AWSIM/AWSIM_Data/MonoBleedingEdge) by extensions ['colcon_meta']
[0.328s] Level 1:colcon.colcon_core.package_identification:_identify(simulator/AWSIM/AWSIM_Data/MonoBleedingEdge) by extension 'colcon_meta'
[0.328s] Level 1:colcon.colcon_core.package_identification:_identify(simulator/AWSIM/AWSIM_Data/MonoBleedingEdge) by extensions ['ros']
[0.328s] Level 1:colcon.colcon_core.package_identification:_identify(simulator/AWSIM/AWSIM_Data/MonoBleedingEdge) by extension 'ros'
[0.328s] Level 1:colcon.colcon_core.package_identification:_identify(simulator/AWSIM/AWSIM_Data/MonoBleedingEdge) by extensions ['cmake', 'python']
[0.328s] Level 1:colcon.colcon_core.package_identification:_identify(simulator/AWSIM/AWSIM_Data/MonoBleedingEdge) by extension 'cmake'
[0.328s] Level 1:colcon.colcon_core.package_identification:_identify(simulator/AWSIM/AWSIM_Data/MonoBleedingEdge) by extension 'python'
[0.328s] Level 1:colcon.colcon_core.package_identification:_identify(simulator/AWSIM/AWSIM_Data/MonoBleedingEdge) by extensions ['python_setup_py']
[0.328s] Level 1:colcon.colcon_core.package_identification:_identify(simulator/AWSIM/AWSIM_Data/MonoBleedingEdge) by extension 'python_setup_py'
[0.328s] Level 1:colcon.colcon_core.package_identification:_identify(simulator/AWSIM/AWSIM_Data/MonoBleedingEdge/etc) by extensions ['ignore', 'ignore_ament_install']
[0.328s] Level 1:colcon.colcon_core.package_identification:_identify(simulator/AWSIM/AWSIM_Data/MonoBleedingEdge/etc) by extension 'ignore'
[0.328s] Level 1:colcon.colcon_core.package_identification:_identify(simulator/AWSIM/AWSIM_Data/MonoBleedingEdge/etc) by extension 'ignore_ament_install'
[0.328s] Level 1:colcon.colcon_core.package_identification:_identify(simulator/AWSIM/AWSIM_Data/MonoBleedingEdge/etc) by extensions ['colcon_pkg']
[0.328s] Level 1:colcon.colcon_core.package_identification:_identify(simulator/AWSIM/AWSIM_Data/MonoBleedingEdge/etc) by extension 'colcon_pkg'
[0.328s] Level 1:colcon.colcon_core.package_identification:_identify(simulator/AWSIM/AWSIM_Data/MonoBleedingEdge/etc) by extensions ['colcon_meta']
[0.328s] Level 1:colcon.colcon_core.package_identification:_identify(simulator/AWSIM/AWSIM_Data/MonoBleedingEdge/etc) by extension 'colcon_meta'
[0.328s] Level 1:colcon.colcon_core.package_identification:_identify(simulator/AWSIM/AWSIM_Data/MonoBleedingEdge/etc) by extensions ['ros']
[0.328s] Level 1:colcon.colcon_core.package_identification:_identify(simulator/AWSIM/AWSIM_Data/MonoBleedingEdge/etc) by extension 'ros'
[0.328s] Level 1:colcon.colcon_core.package_identification:_identify(simulator/AWSIM/AWSIM_Data/MonoBleedingEdge/etc) by extensions ['cmake', 'python']
[0.328s] Level 1:colcon.colcon_core.package_identification:_identify(simulator/AWSIM/AWSIM_Data/MonoBleedingEdge/etc) by extension 'cmake'
[0.328s] Level 1:colcon.colcon_core.package_identification:_identify(simulator/AWSIM/AWSIM_Data/MonoBleedingEdge/etc) by extension 'python'
[0.329s] Level 1:colcon.colcon_core.package_identification:_identify(simulator/AWSIM/AWSIM_Data/MonoBleedingEdge/etc) by extensions ['python_setup_py']
[0.329s] Level 1:colcon.colcon_core.package_identification:_identify(simulator/AWSIM/AWSIM_Data/MonoBleedingEdge/etc) by extension 'python_setup_py'
[0.329s] Level 1:colcon.colcon_core.package_identification:_identify(simulator/AWSIM/AWSIM_Data/MonoBleedingEdge/etc/mono) by extensions ['ignore', 'ignore_ament_install']
[0.329s] Level 1:colcon.colcon_core.package_identification:_identify(simulator/AWSIM/AWSIM_Data/MonoBleedingEdge/etc/mono) by extension 'ignore'
[0.329s] Level 1:colcon.colcon_core.package_identification:_identify(simulator/AWSIM/AWSIM_Data/MonoBleedingEdge/etc/mono) by extension 'ignore_ament_install'
[0.329s] Level 1:colcon.colcon_core.package_identification:_identify(simulator/AWSIM/AWSIM_Data/MonoBleedingEdge/etc/mono) by extensions ['colcon_pkg']
[0.329s] Level 1:colcon.colcon_core.package_identification:_identify(simulator/AWSIM/AWSIM_Data/MonoBleedingEdge/etc/mono) by extension 'colcon_pkg'
[0.329s] Level 1:colcon.colcon_core.package_identification:_identify(simulator/AWSIM/AWSIM_Data/MonoBleedingEdge/etc/mono) by extensions ['colcon_meta']
[0.329s] Level 1:colcon.colcon_core.package_identification:_identify(simulator/AWSIM/AWSIM_Data/MonoBleedingEdge/etc/mono) by extension 'colcon_meta'
[0.329s] Level 1:colcon.colcon_core.package_identification:_identify(simulator/AWSIM/AWSIM_Data/MonoBleedingEdge/etc/mono) by extensions ['ros']
[0.329s] Level 1:colcon.colcon_core.package_identification:_identify(simulator/AWSIM/AWSIM_Data/MonoBleedingEdge/etc/mono) by extension 'ros'
[0.329s] Level 1:colcon.colcon_core.package_identification:_identify(simulator/AWSIM/AWSIM_Data/MonoBleedingEdge/etc/mono) by extensions ['cmake', 'python']
[0.329s] Level 1:colcon.colcon_core.package_identification:_identify(simulator/AWSIM/AWSIM_Data/MonoBleedingEdge/etc/mono) by extension 'cmake'
[0.329s] Level 1:colcon.colcon_core.package_identification:_identify(simulator/AWSIM/AWSIM_Data/MonoBleedingEdge/etc/mono) by extension 'python'
[0.329s] Level 1:colcon.colcon_core.package_identification:_identify(simulator/AWSIM/AWSIM_Data/MonoBleedingEdge/etc/mono) by extensions ['python_setup_py']
[0.329s] Level 1:colcon.colcon_core.package_identification:_identify(simulator/AWSIM/AWSIM_Data/MonoBleedingEdge/etc/mono) by extension 'python_setup_py'
[0.329s] Level 1:colcon.colcon_core.package_identification:_identify(simulator/AWSIM/AWSIM_Data/MonoBleedingEdge/etc/mono/2.0) by extensions ['ignore', 'ignore_ament_install']
[0.329s] Level 1:colcon.colcon_core.package_identification:_identify(simulator/AWSIM/AWSIM_Data/MonoBleedingEdge/etc/mono/2.0) by extension 'ignore'
[0.329s] Level 1:colcon.colcon_core.package_identification:_identify(simulator/AWSIM/AWSIM_Data/MonoBleedingEdge/etc/mono/2.0) by extension 'ignore_ament_install'
[0.329s] Level 1:colcon.colcon_core.package_identification:_identify(simulator/AWSIM/AWSIM_Data/MonoBleedingEdge/etc/mono/2.0) by extensions ['colcon_pkg']
[0.329s] Level 1:colcon.colcon_core.package_identification:_identify(simulator/AWSIM/AWSIM_Data/MonoBleedingEdge/etc/mono/2.0) by extension 'colcon_pkg'
[0.329s] Level 1:colcon.colcon_core.package_identification:_identify(simulator/AWSIM/AWSIM_Data/MonoBleedingEdge/etc/mono/2.0) by extensions ['colcon_meta']
[0.329s] Level 1:colcon.colcon_core.package_identification:_identify(simulator/AWSIM/AWSIM_Data/MonoBleedingEdge/etc/mono/2.0) by extension 'colcon_meta'
[0.330s] Level 1:colcon.colcon_core.package_identification:_identify(simulator/AWSIM/AWSIM_Data/MonoBleedingEdge/etc/mono/2.0) by extensions ['ros']
[0.330s] Level 1:colcon.colcon_core.package_identification:_identify(simulator/AWSIM/AWSIM_Data/MonoBleedingEdge/etc/mono/2.0) by extension 'ros'
[0.330s] Level 1:colcon.colcon_core.package_identification:_identify(simulator/AWSIM/AWSIM_Data/MonoBleedingEdge/etc/mono/2.0) by extensions ['cmake', 'python']
[0.330s] Level 1:colcon.colcon_core.package_identification:_identify(simulator/AWSIM/AWSIM_Data/MonoBleedingEdge/etc/mono/2.0) by extension 'cmake'
[0.330s] Level 1:colcon.colcon_core.package_identification:_identify(simulator/AWSIM/AWSIM_Data/MonoBleedingEdge/etc/mono/2.0) by extension 'python'
[0.330s] Level 1:colcon.colcon_core.package_identification:_identify(simulator/AWSIM/AWSIM_Data/MonoBleedingEdge/etc/mono/2.0) by extensions ['python_setup_py']
[0.330s] Level 1:colcon.colcon_core.package_identification:_identify(simulator/AWSIM/AWSIM_Data/MonoBleedingEdge/etc/mono/2.0) by extension 'python_setup_py'
[0.330s] Level 1:colcon.colcon_core.package_identification:_identify(simulator/AWSIM/AWSIM_Data/MonoBleedingEdge/etc/mono/2.0/Browsers) by extensions ['ignore', 'ignore_ament_install']
[0.330s] Level 1:colcon.colcon_core.package_identification:_identify(simulator/AWSIM/AWSIM_Data/MonoBleedingEdge/etc/mono/2.0/Browsers) by extension 'ignore'
[0.330s] Level 1:colcon.colcon_core.package_identification:_identify(simulator/AWSIM/AWSIM_Data/MonoBleedingEdge/etc/mono/2.0/Browsers) by extension 'ignore_ament_install'
[0.330s] Level 1:colcon.colcon_core.package_identification:_identify(simulator/AWSIM/AWSIM_Data/MonoBleedingEdge/etc/mono/2.0/Browsers) by extensions ['colcon_pkg']
[0.330s] Level 1:colcon.colcon_core.package_identification:_identify(simulator/AWSIM/AWSIM_Data/MonoBleedingEdge/etc/mono/2.0/Browsers) by extension 'colcon_pkg'
[0.330s] Level 1:colcon.colcon_core.package_identification:_identify(simulator/AWSIM/AWSIM_Data/MonoBleedingEdge/etc/mono/2.0/Browsers) by extensions ['colcon_meta']
[0.330s] Level 1:colcon.colcon_core.package_identification:_identify(simulator/AWSIM/AWSIM_Data/MonoBleedingEdge/etc/mono/2.0/Browsers) by extension 'colcon_meta'
[0.330s] Level 1:colcon.colcon_core.package_identification:_identify(simulator/AWSIM/AWSIM_Data/MonoBleedingEdge/etc/mono/2.0/Browsers) by extensions ['ros']
[0.330s] Level 1:colcon.colcon_core.package_identification:_identify(simulator/AWSIM/AWSIM_Data/MonoBleedingEdge/etc/mono/2.0/Browsers) by extension 'ros'
[0.330s] Level 1:colcon.colcon_core.package_identification:_identify(simulator/AWSIM/AWSIM_Data/MonoBleedingEdge/etc/mono/2.0/Browsers) by extensions ['cmake', 'python']
[0.330s] Level 1:colcon.colcon_core.package_identification:_identify(simulator/AWSIM/AWSIM_Data/MonoBleedingEdge/etc/mono/2.0/Browsers) by extension 'cmake'
[0.330s] Level 1:colcon.colcon_core.package_identification:_identify(simulator/AWSIM/AWSIM_Data/MonoBleedingEdge/etc/mono/2.0/Browsers) by extension 'python'
[0.330s] Level 1:colcon.colcon_core.package_identification:_identify(simulator/AWSIM/AWSIM_Data/MonoBleedingEdge/etc/mono/2.0/Browsers) by extensions ['python_setup_py']
[0.330s] Level 1:colcon.colcon_core.package_identification:_identify(simulator/AWSIM/AWSIM_Data/MonoBleedingEdge/etc/mono/2.0/Browsers) by extension 'python_setup_py'
[0.330s] Level 1:colcon.colcon_core.package_identification:_identify(simulator/AWSIM/AWSIM_Data/MonoBleedingEdge/etc/mono/4.0) by extensions ['ignore', 'ignore_ament_install']
[0.330s] Level 1:colcon.colcon_core.package_identification:_identify(simulator/AWSIM/AWSIM_Data/MonoBleedingEdge/etc/mono/4.0) by extension 'ignore'
[0.331s] Level 1:colcon.colcon_core.package_identification:_identify(simulator/AWSIM/AWSIM_Data/MonoBleedingEdge/etc/mono/4.0) by extension 'ignore_ament_install'
[0.331s] Level 1:colcon.colcon_core.package_identification:_identify(simulator/AWSIM/AWSIM_Data/MonoBleedingEdge/etc/mono/4.0) by extensions ['colcon_pkg']
[0.331s] Level 1:colcon.colcon_core.package_identification:_identify(simulator/AWSIM/AWSIM_Data/MonoBleedingEdge/etc/mono/4.0) by extension 'colcon_pkg'
[0.331s] Level 1:colcon.colcon_core.package_identification:_identify(simulator/AWSIM/AWSIM_Data/MonoBleedingEdge/etc/mono/4.0) by extensions ['colcon_meta']
[0.331s] Level 1:colcon.colcon_core.package_identification:_identify(simulator/AWSIM/AWSIM_Data/MonoBleedingEdge/etc/mono/4.0) by extension 'colcon_meta'
[0.331s] Level 1:colcon.colcon_core.package_identification:_identify(simulator/AWSIM/AWSIM_Data/MonoBleedingEdge/etc/mono/4.0) by extensions ['ros']
[0.331s] Level 1:colcon.colcon_core.package_identification:_identify(simulator/AWSIM/AWSIM_Data/MonoBleedingEdge/etc/mono/4.0) by extension 'ros'
[0.331s] Level 1:colcon.colcon_core.package_identification:_identify(simulator/AWSIM/AWSIM_Data/MonoBleedingEdge/etc/mono/4.0) by extensions ['cmake', 'python']
[0.331s] Level 1:colcon.colcon_core.package_identification:_identify(simulator/AWSIM/AWSIM_Data/MonoBleedingEdge/etc/mono/4.0) by extension 'cmake'
[0.331s] Level 1:colcon.colcon_core.package_identification:_identify(simulator/AWSIM/AWSIM_Data/MonoBleedingEdge/etc/mono/4.0) by extension 'python'
[0.331s] Level 1:colcon.colcon_core.package_identification:_identify(simulator/AWSIM/AWSIM_Data/MonoBleedingEdge/etc/mono/4.0) by extensions ['python_setup_py']
[0.331s] Level 1:colcon.colcon_core.package_identification:_identify(simulator/AWSIM/AWSIM_Data/MonoBleedingEdge/etc/mono/4.0) by extension 'python_setup_py'
[0.331s] Level 1:colcon.colcon_core.package_identification:_identify(simulator/AWSIM/AWSIM_Data/MonoBleedingEdge/etc/mono/4.0/Browsers) by extensions ['ignore', 'ignore_ament_install']
[0.331s] Level 1:colcon.colcon_core.package_identification:_identify(simulator/AWSIM/AWSIM_Data/MonoBleedingEdge/etc/mono/4.0/Browsers) by extension 'ignore'
[0.331s] Level 1:colcon.colcon_core.package_identification:_identify(simulator/AWSIM/AWSIM_Data/MonoBleedingEdge/etc/mono/4.0/Browsers) by extension 'ignore_ament_install'
[0.331s] Level 1:colcon.colcon_core.package_identification:_identify(simulator/AWSIM/AWSIM_Data/MonoBleedingEdge/etc/mono/4.0/Browsers) by extensions ['colcon_pkg']
[0.331s] Level 1:colcon.colcon_core.package_identification:_identify(simulator/AWSIM/AWSIM_Data/MonoBleedingEdge/etc/mono/4.0/Browsers) by extension 'colcon_pkg'
[0.331s] Level 1:colcon.colcon_core.package_identification:_identify(simulator/AWSIM/AWSIM_Data/MonoBleedingEdge/etc/mono/4.0/Browsers) by extensions ['colcon_meta']
[0.331s] Level 1:colcon.colcon_core.package_identification:_identify(simulator/AWSIM/AWSIM_Data/MonoBleedingEdge/etc/mono/4.0/Browsers) by extension 'colcon_meta'
[0.331s] Level 1:colcon.colcon_core.package_identification:_identify(simulator/AWSIM/AWSIM_Data/MonoBleedingEdge/etc/mono/4.0/Browsers) by extensions ['ros']
[0.331s] Level 1:colcon.colcon_core.package_identification:_identify(simulator/AWSIM/AWSIM_Data/MonoBleedingEdge/etc/mono/4.0/Browsers) by extension 'ros'
[0.331s] Level 1:colcon.colcon_core.package_identification:_identify(simulator/AWSIM/AWSIM_Data/MonoBleedingEdge/etc/mono/4.0/Browsers) by extensions ['cmake', 'python']
[0.331s] Level 1:colcon.colcon_core.package_identification:_identify(simulator/AWSIM/AWSIM_Data/MonoBleedingEdge/etc/mono/4.0/Browsers) by extension 'cmake'
[0.331s] Level 1:colcon.colcon_core.package_identification:_identify(simulator/AWSIM/AWSIM_Data/MonoBleedingEdge/etc/mono/4.0/Browsers) by extension 'python'
[0.332s] Level 1:colcon.colcon_core.package_identification:_identify(simulator/AWSIM/AWSIM_Data/MonoBleedingEdge/etc/mono/4.0/Browsers) by extensions ['python_setup_py']
[0.332s] Level 1:colcon.colcon_core.package_identification:_identify(simulator/AWSIM/AWSIM_Data/MonoBleedingEdge/etc/mono/4.0/Browsers) by extension 'python_setup_py'
[0.332s] Level 1:colcon.colcon_core.package_identification:_identify(simulator/AWSIM/AWSIM_Data/MonoBleedingEdge/etc/mono/4.5) by extensions ['ignore', 'ignore_ament_install']
[0.332s] Level 1:colcon.colcon_core.package_identification:_identify(simulator/AWSIM/AWSIM_Data/MonoBleedingEdge/etc/mono/4.5) by extension 'ignore'
[0.332s] Level 1:colcon.colcon_core.package_identification:_identify(simulator/AWSIM/AWSIM_Data/MonoBleedingEdge/etc/mono/4.5) by extension 'ignore_ament_install'
[0.332s] Level 1:colcon.colcon_core.package_identification:_identify(simulator/AWSIM/AWSIM_Data/MonoBleedingEdge/etc/mono/4.5) by extensions ['colcon_pkg']
[0.332s] Level 1:colcon.colcon_core.package_identification:_identify(simulator/AWSIM/AWSIM_Data/MonoBleedingEdge/etc/mono/4.5) by extension 'colcon_pkg'
[0.332s] Level 1:colcon.colcon_core.package_identification:_identify(simulator/AWSIM/AWSIM_Data/MonoBleedingEdge/etc/mono/4.5) by extensions ['colcon_meta']
[0.332s] Level 1:colcon.colcon_core.package_identification:_identify(simulator/AWSIM/AWSIM_Data/MonoBleedingEdge/etc/mono/4.5) by extension 'colcon_meta'
[0.332s] Level 1:colcon.colcon_core.package_identification:_identify(simulator/AWSIM/AWSIM_Data/MonoBleedingEdge/etc/mono/4.5) by extensions ['ros']
[0.332s] Level 1:colcon.colcon_core.package_identification:_identify(simulator/AWSIM/AWSIM_Data/MonoBleedingEdge/etc/mono/4.5) by extension 'ros'
[0.332s] Level 1:colcon.colcon_core.package_identification:_identify(simulator/AWSIM/AWSIM_Data/MonoBleedingEdge/etc/mono/4.5) by extensions ['cmake', 'python']
[0.332s] Level 1:colcon.colcon_core.package_identification:_identify(simulator/AWSIM/AWSIM_Data/MonoBleedingEdge/etc/mono/4.5) by extension 'cmake'
[0.332s] Level 1:colcon.colcon_core.package_identification:_identify(simulator/AWSIM/AWSIM_Data/MonoBleedingEdge/etc/mono/4.5) by extension 'python'
[0.332s] Level 1:colcon.colcon_core.package_identification:_identify(simulator/AWSIM/AWSIM_Data/MonoBleedingEdge/etc/mono/4.5) by extensions ['python_setup_py']
[0.332s] Level 1:colcon.colcon_core.package_identification:_identify(simulator/AWSIM/AWSIM_Data/MonoBleedingEdge/etc/mono/4.5) by extension 'python_setup_py'
[0.332s] Level 1:colcon.colcon_core.package_identification:_identify(simulator/AWSIM/AWSIM_Data/MonoBleedingEdge/etc/mono/4.5/Browsers) by extensions ['ignore', 'ignore_ament_install']
[0.332s] Level 1:colcon.colcon_core.package_identification:_identify(simulator/AWSIM/AWSIM_Data/MonoBleedingEdge/etc/mono/4.5/Browsers) by extension 'ignore'
[0.332s] Level 1:colcon.colcon_core.package_identification:_identify(simulator/AWSIM/AWSIM_Data/MonoBleedingEdge/etc/mono/4.5/Browsers) by extension 'ignore_ament_install'
[0.332s] Level 1:colcon.colcon_core.package_identification:_identify(simulator/AWSIM/AWSIM_Data/MonoBleedingEdge/etc/mono/4.5/Browsers) by extensions ['colcon_pkg']
[0.332s] Level 1:colcon.colcon_core.package_identification:_identify(simulator/AWSIM/AWSIM_Data/MonoBleedingEdge/etc/mono/4.5/Browsers) by extension 'colcon_pkg'
[0.332s] Level 1:colcon.colcon_core.package_identification:_identify(simulator/AWSIM/AWSIM_Data/MonoBleedingEdge/etc/mono/4.5/Browsers) by extensions ['colcon_meta']
[0.333s] Level 1:colcon.colcon_core.package_identification:_identify(simulator/AWSIM/AWSIM_Data/MonoBleedingEdge/etc/mono/4.5/Browsers) by extension 'colcon_meta'
[0.333s] Level 1:colcon.colcon_core.package_identification:_identify(simulator/AWSIM/AWSIM_Data/MonoBleedingEdge/etc/mono/4.5/Browsers) by extensions ['ros']
[0.333s] Level 1:colcon.colcon_core.package_identification:_identify(simulator/AWSIM/AWSIM_Data/MonoBleedingEdge/etc/mono/4.5/Browsers) by extension 'ros'
[0.333s] Level 1:colcon.colcon_core.package_identification:_identify(simulator/AWSIM/AWSIM_Data/MonoBleedingEdge/etc/mono/4.5/Browsers) by extensions ['cmake', 'python']
[0.333s] Level 1:colcon.colcon_core.package_identification:_identify(simulator/AWSIM/AWSIM_Data/MonoBleedingEdge/etc/mono/4.5/Browsers) by extension 'cmake'
[0.333s] Level 1:colcon.colcon_core.package_identification:_identify(simulator/AWSIM/AWSIM_Data/MonoBleedingEdge/etc/mono/4.5/Browsers) by extension 'python'
[0.333s] Level 1:colcon.colcon_core.package_identification:_identify(simulator/AWSIM/AWSIM_Data/MonoBleedingEdge/etc/mono/4.5/Browsers) by extensions ['python_setup_py']
[0.333s] Level 1:colcon.colcon_core.package_identification:_identify(simulator/AWSIM/AWSIM_Data/MonoBleedingEdge/etc/mono/4.5/Browsers) by extension 'python_setup_py'
[0.333s] Level 1:colcon.colcon_core.package_identification:_identify(simulator/AWSIM/AWSIM_Data/MonoBleedingEdge/etc/mono/mconfig) by extensions ['ignore', 'ignore_ament_install']
[0.333s] Level 1:colcon.colcon_core.package_identification:_identify(simulator/AWSIM/AWSIM_Data/MonoBleedingEdge/etc/mono/mconfig) by extension 'ignore'
[0.333s] Level 1:colcon.colcon_core.package_identification:_identify(simulator/AWSIM/AWSIM_Data/MonoBleedingEdge/etc/mono/mconfig) by extension 'ignore_ament_install'
[0.333s] Level 1:colcon.colcon_core.package_identification:_identify(simulator/AWSIM/AWSIM_Data/MonoBleedingEdge/etc/mono/mconfig) by extensions ['colcon_pkg']
[0.333s] Level 1:colcon.colcon_core.package_identification:_identify(simulator/AWSIM/AWSIM_Data/MonoBleedingEdge/etc/mono/mconfig) by extension 'colcon_pkg'
[0.333s] Level 1:colcon.colcon_core.package_identification:_identify(simulator/AWSIM/AWSIM_Data/MonoBleedingEdge/etc/mono/mconfig) by extensions ['colcon_meta']
[0.333s] Level 1:colcon.colcon_core.package_identification:_identify(simulator/AWSIM/AWSIM_Data/MonoBleedingEdge/etc/mono/mconfig) by extension 'colcon_meta'
[0.333s] Level 1:colcon.colcon_core.package_identification:_identify(simulator/AWSIM/AWSIM_Data/MonoBleedingEdge/etc/mono/mconfig) by extensions ['ros']
[0.333s] Level 1:colcon.colcon_core.package_identification:_identify(simulator/AWSIM/AWSIM_Data/MonoBleedingEdge/etc/mono/mconfig) by extension 'ros'
[0.333s] Level 1:colcon.colcon_core.package_identification:_identify(simulator/AWSIM/AWSIM_Data/MonoBleedingEdge/etc/mono/mconfig) by extensions ['cmake', 'python']
[0.333s] Level 1:colcon.colcon_core.package_identification:_identify(simulator/AWSIM/AWSIM_Data/MonoBleedingEdge/etc/mono/mconfig) by extension 'cmake'
[0.333s] Level 1:colcon.colcon_core.package_identification:_identify(simulator/AWSIM/AWSIM_Data/MonoBleedingEdge/etc/mono/mconfig) by extension 'python'
[0.333s] Level 1:colcon.colcon_core.package_identification:_identify(simulator/AWSIM/AWSIM_Data/MonoBleedingEdge/etc/mono/mconfig) by extensions ['python_setup_py']
[0.333s] Level 1:colcon.colcon_core.package_identification:_identify(simulator/AWSIM/AWSIM_Data/MonoBleedingEdge/etc/mono/mconfig) by extension 'python_setup_py'
[0.333s] Level 1:colcon.colcon_core.package_identification:_identify(simulator/AWSIM/AWSIM_Data/MonoBleedingEdge/x86_64) by extensions ['ignore', 'ignore_ament_install']
[0.334s] Level 1:colcon.colcon_core.package_identification:_identify(simulator/AWSIM/AWSIM_Data/MonoBleedingEdge/x86_64) by extension 'ignore'
[0.334s] Level 1:colcon.colcon_core.package_identification:_identify(simulator/AWSIM/AWSIM_Data/MonoBleedingEdge/x86_64) by extension 'ignore_ament_install'
[0.334s] Level 1:colcon.colcon_core.package_identification:_identify(simulator/AWSIM/AWSIM_Data/MonoBleedingEdge/x86_64) by extensions ['colcon_pkg']
[0.334s] Level 1:colcon.colcon_core.package_identification:_identify(simulator/AWSIM/AWSIM_Data/MonoBleedingEdge/x86_64) by extension 'colcon_pkg'
[0.334s] Level 1:colcon.colcon_core.package_identification:_identify(simulator/AWSIM/AWSIM_Data/MonoBleedingEdge/x86_64) by extensions ['colcon_meta']
[0.334s] Level 1:colcon.colcon_core.package_identification:_identify(simulator/AWSIM/AWSIM_Data/MonoBleedingEdge/x86_64) by extension 'colcon_meta'
[0.334s] Level 1:colcon.colcon_core.package_identification:_identify(simulator/AWSIM/AWSIM_Data/MonoBleedingEdge/x86_64) by extensions ['ros']
[0.334s] Level 1:colcon.colcon_core.package_identification:_identify(simulator/AWSIM/AWSIM_Data/MonoBleedingEdge/x86_64) by extension 'ros'
[0.334s] Level 1:colcon.colcon_core.package_identification:_identify(simulator/AWSIM/AWSIM_Data/MonoBleedingEdge/x86_64) by extensions ['cmake', 'python']
[0.334s] Level 1:colcon.colcon_core.package_identification:_identify(simulator/AWSIM/AWSIM_Data/MonoBleedingEdge/x86_64) by extension 'cmake'
[0.334s] Level 1:colcon.colcon_core.package_identification:_identify(simulator/AWSIM/AWSIM_Data/MonoBleedingEdge/x86_64) by extension 'python'
[0.334s] Level 1:colcon.colcon_core.package_identification:_identify(simulator/AWSIM/AWSIM_Data/MonoBleedingEdge/x86_64) by extensions ['python_setup_py']
[0.334s] Level 1:colcon.colcon_core.package_identification:_identify(simulator/AWSIM/AWSIM_Data/MonoBleedingEdge/x86_64) by extension 'python_setup_py'
[0.335s] Level 1:colcon.colcon_core.package_identification:_identify(simulator/AWSIM/AWSIM_Data/Plugins) by extensions ['ignore', 'ignore_ament_install']
[0.335s] Level 1:colcon.colcon_core.package_identification:_identify(simulator/AWSIM/AWSIM_Data/Plugins) by extension 'ignore'
[0.335s] Level 1:colcon.colcon_core.package_identification:_identify(simulator/AWSIM/AWSIM_Data/Plugins) by extension 'ignore_ament_install'
[0.335s] Level 1:colcon.colcon_core.package_identification:_identify(simulator/AWSIM/AWSIM_Data/Plugins) by extensions ['colcon_pkg']
[0.335s] Level 1:colcon.colcon_core.package_identification:_identify(simulator/AWSIM/AWSIM_Data/Plugins) by extension 'colcon_pkg'
[0.335s] Level 1:colcon.colcon_core.package_identification:_identify(simulator/AWSIM/AWSIM_Data/Plugins) by extensions ['colcon_meta']
[0.335s] Level 1:colcon.colcon_core.package_identification:_identify(simulator/AWSIM/AWSIM_Data/Plugins) by extension 'colcon_meta'
[0.335s] Level 1:colcon.colcon_core.package_identification:_identify(simulator/AWSIM/AWSIM_Data/Plugins) by extensions ['ros']
[0.335s] Level 1:colcon.colcon_core.package_identification:_identify(simulator/AWSIM/AWSIM_Data/Plugins) by extension 'ros'
[0.335s] Level 1:colcon.colcon_core.package_identification:_identify(simulator/AWSIM/AWSIM_Data/Plugins) by extensions ['cmake', 'python']
[0.335s] Level 1:colcon.colcon_core.package_identification:_identify(simulator/AWSIM/AWSIM_Data/Plugins) by extension 'cmake'
[0.335s] Level 1:colcon.colcon_core.package_identification:_identify(simulator/AWSIM/AWSIM_Data/Plugins) by extension 'python'
[0.335s] Level 1:colcon.colcon_core.package_identification:_identify(simulator/AWSIM/AWSIM_Data/Plugins) by extensions ['python_setup_py']
[0.335s] Level 1:colcon.colcon_core.package_identification:_identify(simulator/AWSIM/AWSIM_Data/Plugins) by extension 'python_setup_py'
[0.335s] Level 1:colcon.colcon_core.package_identification:_identify(simulator/AWSIM/AWSIM_Data/Resources) by extensions ['ignore', 'ignore_ament_install']
[0.336s] Level 1:colcon.colcon_core.package_identification:_identify(simulator/AWSIM/AWSIM_Data/Resources) by extension 'ignore'
[0.336s] Level 1:colcon.colcon_core.package_identification:_identify(simulator/AWSIM/AWSIM_Data/Resources) by extension 'ignore_ament_install'
[0.336s] Level 1:colcon.colcon_core.package_identification:_identify(simulator/AWSIM/AWSIM_Data/Resources) by extensions ['colcon_pkg']
[0.336s] Level 1:colcon.colcon_core.package_identification:_identify(simulator/AWSIM/AWSIM_Data/Resources) by extension 'colcon_pkg'
[0.336s] Level 1:colcon.colcon_core.package_identification:_identify(simulator/AWSIM/AWSIM_Data/Resources) by extensions ['colcon_meta']
[0.336s] Level 1:colcon.colcon_core.package_identification:_identify(simulator/AWSIM/AWSIM_Data/Resources) by extension 'colcon_meta'
[0.336s] Level 1:colcon.colcon_core.package_identification:_identify(simulator/AWSIM/AWSIM_Data/Resources) by extensions ['ros']
[0.336s] Level 1:colcon.colcon_core.package_identification:_identify(simulator/AWSIM/AWSIM_Data/Resources) by extension 'ros'
[0.336s] Level 1:colcon.colcon_core.package_identification:_identify(simulator/AWSIM/AWSIM_Data/Resources) by extensions ['cmake', 'python']
[0.336s] Level 1:colcon.colcon_core.package_identification:_identify(simulator/AWSIM/AWSIM_Data/Resources) by extension 'cmake'
[0.336s] Level 1:colcon.colcon_core.package_identification:_identify(simulator/AWSIM/AWSIM_Data/Resources) by extension 'python'
[0.336s] Level 1:colcon.colcon_core.package_identification:_identify(simulator/AWSIM/AWSIM_Data/Resources) by extensions ['python_setup_py']
[0.336s] Level 1:colcon.colcon_core.package_identification:_identify(simulator/AWSIM/AWSIM_Data/Resources) by extension 'python_setup_py'
[0.336s] Level 1:colcon.colcon_core.package_identification:_identify(workspace) by extensions ['ignore', 'ignore_ament_install']
[0.336s] Level 1:colcon.colcon_core.package_identification:_identify(workspace) by extension 'ignore'
[0.336s] Level 1:colcon.colcon_core.package_identification:_identify(workspace) by extension 'ignore_ament_install'
[0.336s] Level 1:colcon.colcon_core.package_identification:_identify(workspace) by extensions ['colcon_pkg']
[0.336s] Level 1:colcon.colcon_core.package_identification:_identify(workspace) by extension 'colcon_pkg'
[0.336s] Level 1:colcon.colcon_core.package_identification:_identify(workspace) by extensions ['colcon_meta']
[0.336s] Level 1:colcon.colcon_core.package_identification:_identify(workspace) by extension 'colcon_meta'
[0.336s] Level 1:colcon.colcon_core.package_identification:_identify(workspace) by extensions ['ros']
[0.336s] Level 1:colcon.colcon_core.package_identification:_identify(workspace) by extension 'ros'
[0.336s] Level 1:colcon.colcon_core.package_identification:_identify(workspace) by extensions ['cmake', 'python']
[0.336s] Level 1:colcon.colcon_core.package_identification:_identify(workspace) by extension 'cmake'
[0.336s] Level 1:colcon.colcon_core.package_identification:_identify(workspace) by extension 'python'
[0.336s] Level 1:colcon.colcon_core.package_identification:_identify(workspace) by extensions ['python_setup_py']
[0.337s] Level 1:colcon.colcon_core.package_identification:_identify(workspace) by extension 'python_setup_py'
[0.337s] Level 1:colcon.colcon_core.package_identification:_identify(workspace/build) by extensions ['ignore', 'ignore_ament_install']
[0.337s] Level 1:colcon.colcon_core.package_identification:_identify(workspace/build) by extension 'ignore'
[0.337s] Level 1:colcon.colcon_core.package_identification:_identify(workspace/build) ignored
[0.337s] Level 1:colcon.colcon_core.package_identification:_identify(workspace/install) by extensions ['ignore', 'ignore_ament_install']
[0.337s] Level 1:colcon.colcon_core.package_identification:_identify(workspace/install) by extension 'ignore'
[0.337s] Level 1:colcon.colcon_core.package_identification:_identify(workspace/install) ignored
[0.337s] Level 1:colcon.colcon_core.package_identification:_identify(workspace/log) by extensions ['ignore', 'ignore_ament_install']
[0.337s] Level 1:colcon.colcon_core.package_identification:_identify(workspace/log) by extension 'ignore'
[0.337s] Level 1:colcon.colcon_core.package_identification:_identify(workspace/log) ignored
[0.337s] Level 1:colcon.colcon_core.package_identification:_identify(workspace/src) by extensions ['ignore', 'ignore_ament_install']
[0.337s] Level 1:colcon.colcon_core.package_identification:_identify(workspace/src) by extension 'ignore'
[0.337s] Level 1:colcon.colcon_core.package_identification:_identify(workspace/src) by extension 'ignore_ament_install'
[0.337s] Level 1:colcon.colcon_core.package_identification:_identify(workspace/src) by extensions ['colcon_pkg']
[0.337s] Level 1:colcon.colcon_core.package_identification:_identify(workspace/src) by extension 'colcon_pkg'
[0.337s] Level 1:colcon.colcon_core.package_identification:_identify(workspace/src) by extensions ['colcon_meta']
[0.337s] Level 1:colcon.colcon_core.package_identification:_identify(workspace/src) by extension 'colcon_meta'
[0.337s] Level 1:colcon.colcon_core.package_identification:_identify(workspace/src) by extensions ['ros']
[0.337s] Level 1:colcon.colcon_core.package_identification:_identify(workspace/src) by extension 'ros'
[0.338s] Level 1:colcon.colcon_core.package_identification:_identify(workspace/src) by extensions ['cmake', 'python']
[0.338s] Level 1:colcon.colcon_core.package_identification:_identify(workspace/src) by extension 'cmake'
[0.338s] Level 1:colcon.colcon_core.package_identification:_identify(workspace/src) by extension 'python'
[0.338s] Level 1:colcon.colcon_core.package_identification:_identify(workspace/src) by extensions ['python_setup_py']
[0.338s] Level 1:colcon.colcon_core.package_identification:_identify(workspace/src) by extension 'python_setup_py'
[0.338s] Level 1:colcon.colcon_core.package_identification:_identify(workspace/src/aichallenge_submit) by extensions ['ignore', 'ignore_ament_install']
[0.338s] Level 1:colcon.colcon_core.package_identification:_identify(workspace/src/aichallenge_submit) by extension 'ignore'
[0.338s] Level 1:colcon.colcon_core.package_identification:_identify(workspace/src/aichallenge_submit) by extension 'ignore_ament_install'
[0.338s] Level 1:colcon.colcon_core.package_identification:_identify(workspace/src/aichallenge_submit) by extensions ['colcon_pkg']
[0.338s] Level 1:colcon.colcon_core.package_identification:_identify(workspace/src/aichallenge_submit) by extension 'colcon_pkg'
[0.338s] Level 1:colcon.colcon_core.package_identification:_identify(workspace/src/aichallenge_submit) by extensions ['colcon_meta']
[0.338s] Level 1:colcon.colcon_core.package_identification:_identify(workspace/src/aichallenge_submit) by extension 'colcon_meta'
[0.338s] Level 1:colcon.colcon_core.package_identification:_identify(workspace/src/aichallenge_submit) by extensions ['ros']
[0.338s] Level 1:colcon.colcon_core.package_identification:_identify(workspace/src/aichallenge_submit) by extension 'ros'
[0.338s] Level 1:colcon.colcon_core.package_identification:_identify(workspace/src/aichallenge_submit) by extensions ['cmake', 'python']
[0.338s] Level 1:colcon.colcon_core.package_identification:_identify(workspace/src/aichallenge_submit) by extension 'cmake'
[0.338s] Level 1:colcon.colcon_core.package_identification:_identify(workspace/src/aichallenge_submit) by extension 'python'
[0.338s] Level 1:colcon.colcon_core.package_identification:_identify(workspace/src/aichallenge_submit) by extensions ['python_setup_py']
[0.338s] Level 1:colcon.colcon_core.package_identification:_identify(workspace/src/aichallenge_submit) by extension 'python_setup_py'
[0.338s] Level 1:colcon.colcon_core.package_identification:_identify(workspace/src/aichallenge_submit/aichallenge_submit_launch) by extensions ['ignore', 'ignore_ament_install']
[0.338s] Level 1:colcon.colcon_core.package_identification:_identify(workspace/src/aichallenge_submit/aichallenge_submit_launch) by extension 'ignore'
[0.338s] Level 1:colcon.colcon_core.package_identification:_identify(workspace/src/aichallenge_submit/aichallenge_submit_launch) by extension 'ignore_ament_install'
[0.338s] Level 1:colcon.colcon_core.package_identification:_identify(workspace/src/aichallenge_submit/aichallenge_submit_launch) by extensions ['colcon_pkg']
[0.338s] Level 1:colcon.colcon_core.package_identification:_identify(workspace/src/aichallenge_submit/aichallenge_submit_launch) by extension 'colcon_pkg'
[0.338s] Level 1:colcon.colcon_core.package_identification:_identify(workspace/src/aichallenge_submit/aichallenge_submit_launch) by extensions ['colcon_meta']
[0.339s] Level 1:colcon.colcon_core.package_identification:_identify(workspace/src/aichallenge_submit/aichallenge_submit_launch) by extension 'colcon_meta'
[0.339s] Level 1:colcon.colcon_core.package_identification:_identify(workspace/src/aichallenge_submit/aichallenge_submit_launch) by extensions ['ros']
[0.339s] Level 1:colcon.colcon_core.package_identification:_identify(workspace/src/aichallenge_submit/aichallenge_submit_launch) by extension 'ros'
[0.341s] DEBUG:colcon.colcon_core.package_identification:Package 'workspace/src/aichallenge_submit/aichallenge_submit_launch' with type 'ros.ament_cmake' and name 'aichallenge_submit_launch'
[0.341s] Level 1:colcon.colcon_core.package_identification:_identify(workspace/src/aichallenge_submit/closest_point_finder) by extensions ['ignore', 'ignore_ament_install']
[0.341s] Level 1:colcon.colcon_core.package_identification:_identify(workspace/src/aichallenge_submit/closest_point_finder) by extension 'ignore'
[0.341s] Level 1:colcon.colcon_core.package_identification:_identify(workspace/src/aichallenge_submit/closest_point_finder) by extension 'ignore_ament_install'
[0.342s] Level 1:colcon.colcon_core.package_identification:_identify(workspace/src/aichallenge_submit/closest_point_finder) by extensions ['colcon_pkg']
[0.342s] Level 1:colcon.colcon_core.package_identification:_identify(workspace/src/aichallenge_submit/closest_point_finder) by extension 'colcon_pkg'
[0.342s] Level 1:colcon.colcon_core.package_identification:_identify(workspace/src/aichallenge_submit/closest_point_finder) by extensions ['colcon_meta']
[0.342s] Level 1:colcon.colcon_core.package_identification:_identify(workspace/src/aichallenge_submit/closest_point_finder) by extension 'colcon_meta'
[0.342s] Level 1:colcon.colcon_core.package_identification:_identify(workspace/src/aichallenge_submit/closest_point_finder) by extensions ['ros']
[0.342s] Level 1:colcon.colcon_core.package_identification:_identify(workspace/src/aichallenge_submit/closest_point_finder) by extension 'ros'
[0.342s] DEBUG:colcon.colcon_core.package_identification:Package 'workspace/src/aichallenge_submit/closest_point_finder' with type 'ros.ament_cmake' and name 'closest_point_finder'
[0.342s] Level 1:colcon.colcon_core.package_identification:_identify(workspace/src/aichallenge_submit/goal_pose_setter) by extensions ['ignore', 'ignore_ament_install']
[0.342s] Level 1:colcon.colcon_core.package_identification:_identify(workspace/src/aichallenge_submit/goal_pose_setter) by extension 'ignore'
[0.342s] Level 1:colcon.colcon_core.package_identification:_identify(workspace/src/aichallenge_submit/goal_pose_setter) by extension 'ignore_ament_install'
[0.343s] Level 1:colcon.colcon_core.package_identification:_identify(workspace/src/aichallenge_submit/goal_pose_setter) by extensions ['colcon_pkg']
[0.343s] Level 1:colcon.colcon_core.package_identification:_identify(workspace/src/aichallenge_submit/goal_pose_setter) by extension 'colcon_pkg'
[0.343s] Level 1:colcon.colcon_core.package_identification:_identify(workspace/src/aichallenge_submit/goal_pose_setter) by extensions ['colcon_meta']
[0.343s] Level 1:colcon.colcon_core.package_identification:_identify(workspace/src/aichallenge_submit/goal_pose_setter) by extension 'colcon_meta'
[0.343s] Level 1:colcon.colcon_core.package_identification:_identify(workspace/src/aichallenge_submit/goal_pose_setter) by extensions ['ros']
[0.343s] Level 1:colcon.colcon_core.package_identification:_identify(workspace/src/aichallenge_submit/goal_pose_setter) by extension 'ros'
[0.343s] DEBUG:colcon.colcon_core.package_identification:Package 'workspace/src/aichallenge_submit/goal_pose_setter' with type 'ros.ament_cmake' and name 'goal_pose_setter'
[0.343s] Level 1:colcon.colcon_core.package_identification:_identify(workspace/src/aichallenge_submit/gyro_odometer) by extensions ['ignore', 'ignore_ament_install']
[0.344s] Level 1:colcon.colcon_core.package_identification:_identify(workspace/src/aichallenge_submit/gyro_odometer) by extension 'ignore'
[0.344s] Level 1:colcon.colcon_core.package_identification:_identify(workspace/src/aichallenge_submit/gyro_odometer) by extension 'ignore_ament_install'
[0.344s] Level 1:colcon.colcon_core.package_identification:_identify(workspace/src/aichallenge_submit/gyro_odometer) by extensions ['colcon_pkg']
[0.344s] Level 1:colcon.colcon_core.package_identification:_identify(workspace/src/aichallenge_submit/gyro_odometer) by extension 'colcon_pkg'
[0.344s] Level 1:colcon.colcon_core.package_identification:_identify(workspace/src/aichallenge_submit/gyro_odometer) by extensions ['colcon_meta']
[0.344s] Level 1:colcon.colcon_core.package_identification:_identify(workspace/src/aichallenge_submit/gyro_odometer) by extension 'colcon_meta'
[0.344s] Level 1:colcon.colcon_core.package_identification:_identify(workspace/src/aichallenge_submit/gyro_odometer) by extensions ['ros']
[0.344s] Level 1:colcon.colcon_core.package_identification:_identify(workspace/src/aichallenge_submit/gyro_odometer) by extension 'ros'
[0.345s] DEBUG:colcon.colcon_core.package_identification:Package 'workspace/src/aichallenge_submit/gyro_odometer' with type 'ros.ament_cmake' and name 'gyro_odometer'
[0.345s] Level 1:colcon.colcon_core.package_identification:_identify(workspace/src/aichallenge_submit/imu_corrector) by extensions ['ignore', 'ignore_ament_install']
[0.345s] Level 1:colcon.colcon_core.package_identification:_identify(workspace/src/aichallenge_submit/imu_corrector) by extension 'ignore'
[0.345s] Level 1:colcon.colcon_core.package_identification:_identify(workspace/src/aichallenge_submit/imu_corrector) by extension 'ignore_ament_install'
[0.345s] Level 1:colcon.colcon_core.package_identification:_identify(workspace/src/aichallenge_submit/imu_corrector) by extensions ['colcon_pkg']
[0.345s] Level 1:colcon.colcon_core.package_identification:_identify(workspace/src/aichallenge_submit/imu_corrector) by extension 'colcon_pkg'
[0.345s] Level 1:colcon.colcon_core.package_identification:_identify(workspace/src/aichallenge_submit/imu_corrector) by extensions ['colcon_meta']
[0.345s] Level 1:colcon.colcon_core.package_identification:_identify(workspace/src/aichallenge_submit/imu_corrector) by extension 'colcon_meta'
[0.345s] Level 1:colcon.colcon_core.package_identification:_identify(workspace/src/aichallenge_submit/imu_corrector) by extensions ['ros']
[0.345s] Level 1:colcon.colcon_core.package_identification:_identify(workspace/src/aichallenge_submit/imu_corrector) by extension 'ros'
[0.346s] DEBUG:colcon.colcon_core.package_identification:Package 'workspace/src/aichallenge_submit/imu_corrector' with type 'ros.ament_cmake' and name 'imu_corrector'
[0.346s] Level 1:colcon.colcon_core.package_identification:_identify(workspace/src/aichallenge_submit/imu_gnss_poser) by extensions ['ignore', 'ignore_ament_install']
[0.346s] Level 1:colcon.colcon_core.package_identification:_identify(workspace/src/aichallenge_submit/imu_gnss_poser) by extension 'ignore'
[0.346s] Level 1:colcon.colcon_core.package_identification:_identify(workspace/src/aichallenge_submit/imu_gnss_poser) by extension 'ignore_ament_install'
[0.346s] Level 1:colcon.colcon_core.package_identification:_identify(workspace/src/aichallenge_submit/imu_gnss_poser) by extensions ['colcon_pkg']
[0.346s] Level 1:colcon.colcon_core.package_identification:_identify(workspace/src/aichallenge_submit/imu_gnss_poser) by extension 'colcon_pkg'
[0.346s] Level 1:colcon.colcon_core.package_identification:_identify(workspace/src/aichallenge_submit/imu_gnss_poser) by extensions ['colcon_meta']
[0.346s] Level 1:colcon.colcon_core.package_identification:_identify(workspace/src/aichallenge_submit/imu_gnss_poser) by extension 'colcon_meta'
[0.346s] Level 1:colcon.colcon_core.package_identification:_identify(workspace/src/aichallenge_submit/imu_gnss_poser) by extensions ['ros']
[0.346s] Level 1:colcon.colcon_core.package_identification:_identify(workspace/src/aichallenge_submit/imu_gnss_poser) by extension 'ros'
[0.347s] DEBUG:colcon.colcon_core.package_identification:Package 'workspace/src/aichallenge_submit/imu_gnss_poser' with type 'ros.ament_cmake' and name 'imu_gnss_poser'
[0.347s] Level 1:colcon.colcon_core.package_identification:_identify(workspace/src/aichallenge_submit/my_control_node) by extensions ['ignore', 'ignore_ament_install']
[0.347s] Level 1:colcon.colcon_core.package_identification:_identify(workspace/src/aichallenge_submit/my_control_node) by extension 'ignore'
[0.347s] Level 1:colcon.colcon_core.package_identification:_identify(workspace/src/aichallenge_submit/my_control_node) by extension 'ignore_ament_install'
[0.347s] Level 1:colcon.colcon_core.package_identification:_identify(workspace/src/aichallenge_submit/my_control_node) by extensions ['colcon_pkg']
[0.347s] Level 1:colcon.colcon_core.package_identification:_identify(workspace/src/aichallenge_submit/my_control_node) by extension 'colcon_pkg'
[0.347s] Level 1:colcon.colcon_core.package_identification:_identify(workspace/src/aichallenge_submit/my_control_node) by extensions ['colcon_meta']
[0.347s] Level 1:colcon.colcon_core.package_identification:_identify(workspace/src/aichallenge_submit/my_control_node) by extension 'colcon_meta'
[0.347s] Level 1:colcon.colcon_core.package_identification:_identify(workspace/src/aichallenge_submit/my_control_node) by extensions ['ros']
[0.347s] Level 1:colcon.colcon_core.package_identification:_identify(workspace/src/aichallenge_submit/my_control_node) by extension 'ros'
[0.347s] DEBUG:colcon.colcon_core.package_identification:Package 'workspace/src/aichallenge_submit/my_control_node' with type 'ros.ament_python' and name 'my_control_node'
[0.348s] Level 1:colcon.colcon_core.package_identification:_identify(workspace/src/aichallenge_submit/path_to_trajectory) by extensions ['ignore', 'ignore_ament_install']
[0.348s] Level 1:colcon.colcon_core.package_identification:_identify(workspace/src/aichallenge_submit/path_to_trajectory) by extension 'ignore'
[0.348s] Level 1:colcon.colcon_core.package_identification:_identify(workspace/src/aichallenge_submit/path_to_trajectory) by extension 'ignore_ament_install'
[0.348s] Level 1:colcon.colcon_core.package_identification:_identify(workspace/src/aichallenge_submit/path_to_trajectory) by extensions ['colcon_pkg']
[0.348s] Level 1:colcon.colcon_core.package_identification:_identify(workspace/src/aichallenge_submit/path_to_trajectory) by extension 'colcon_pkg'
[0.348s] Level 1:colcon.colcon_core.package_identification:_identify(workspace/src/aichallenge_submit/path_to_trajectory) by extensions ['colcon_meta']
[0.348s] Level 1:colcon.colcon_core.package_identification:_identify(workspace/src/aichallenge_submit/path_to_trajectory) by extension 'colcon_meta'
[0.348s] Level 1:colcon.colcon_core.package_identification:_identify(workspace/src/aichallenge_submit/path_to_trajectory) by extensions ['ros']
[0.348s] Level 1:colcon.colcon_core.package_identification:_identify(workspace/src/aichallenge_submit/path_to_trajectory) by extension 'ros'
[0.348s] DEBUG:colcon.colcon_core.package_identification:Package 'workspace/src/aichallenge_submit/path_to_trajectory' with type 'ros.ament_cmake' and name 'path_to_trajectory'
[0.348s] Level 1:colcon.colcon_core.package_identification:_identify(workspace/src/aichallenge_submit/racing_kart_description) by extensions ['ignore', 'ignore_ament_install']
[0.349s] Level 1:colcon.colcon_core.package_identification:_identify(workspace/src/aichallenge_submit/racing_kart_description) by extension 'ignore'
[0.349s] Level 1:colcon.colcon_core.package_identification:_identify(workspace/src/aichallenge_submit/racing_kart_description) by extension 'ignore_ament_install'
[0.349s] Level 1:colcon.colcon_core.package_identification:_identify(workspace/src/aichallenge_submit/racing_kart_description) by extensions ['colcon_pkg']
[0.349s] Level 1:colcon.colcon_core.package_identification:_identify(workspace/src/aichallenge_submit/racing_kart_description) by extension 'colcon_pkg'
[0.349s] Level 1:colcon.colcon_core.package_identification:_identify(workspace/src/aichallenge_submit/racing_kart_description) by extensions ['colcon_meta']
[0.349s] Level 1:colcon.colcon_core.package_identification:_identify(workspace/src/aichallenge_submit/racing_kart_description) by extension 'colcon_meta'
[0.349s] Level 1:colcon.colcon_core.package_identification:_identify(workspace/src/aichallenge_submit/racing_kart_description) by extensions ['ros']
[0.349s] Level 1:colcon.colcon_core.package_identification:_identify(workspace/src/aichallenge_submit/racing_kart_description) by extension 'ros'
[0.349s] DEBUG:colcon.colcon_core.package_identification:Package 'workspace/src/aichallenge_submit/racing_kart_description' with type 'ros.ament_cmake' and name 'racing_kart_description'
[0.349s] Level 1:colcon.colcon_core.package_identification:_identify(workspace/src/aichallenge_submit/racing_kart_sensor_kit_description) by extensions ['ignore', 'ignore_ament_install']
[0.349s] Level 1:colcon.colcon_core.package_identification:_identify(workspace/src/aichallenge_submit/racing_kart_sensor_kit_description) by extension 'ignore'
[0.349s] Level 1:colcon.colcon_core.package_identification:_identify(workspace/src/aichallenge_submit/racing_kart_sensor_kit_description) by extension 'ignore_ament_install'
[0.349s] Level 1:colcon.colcon_core.package_identification:_identify(workspace/src/aichallenge_submit/racing_kart_sensor_kit_description) by extensions ['colcon_pkg']
[0.350s] Level 1:colcon.colcon_core.package_identification:_identify(workspace/src/aichallenge_submit/racing_kart_sensor_kit_description) by extension 'colcon_pkg'
[0.350s] Level 1:colcon.colcon_core.package_identification:_identify(workspace/src/aichallenge_submit/racing_kart_sensor_kit_description) by extensions ['colcon_meta']
[0.350s] Level 1:colcon.colcon_core.package_identification:_identify(workspace/src/aichallenge_submit/racing_kart_sensor_kit_description) by extension 'colcon_meta'
[0.350s] Level 1:colcon.colcon_core.package_identification:_identify(workspace/src/aichallenge_submit/racing_kart_sensor_kit_description) by extensions ['ros']
[0.350s] Level 1:colcon.colcon_core.package_identification:_identify(workspace/src/aichallenge_submit/racing_kart_sensor_kit_description) by extension 'ros'
[0.350s] DEBUG:colcon.colcon_core.package_identification:Package 'workspace/src/aichallenge_submit/racing_kart_sensor_kit_description' with type 'ros.ament_cmake' and name 'racing_kart_sensor_kit_description'
[0.350s] Level 1:colcon.colcon_core.package_identification:_identify(workspace/src/aichallenge_submit/simple_pure_pursuit) by extensions ['ignore', 'ignore_ament_install']
[0.350s] Level 1:colcon.colcon_core.package_identification:_identify(workspace/src/aichallenge_submit/simple_pure_pursuit) by extension 'ignore'
[0.350s] Level 1:colcon.colcon_core.package_identification:_identify(workspace/src/aichallenge_submit/simple_pure_pursuit) by extension 'ignore_ament_install'
[0.350s] Level 1:colcon.colcon_core.package_identification:_identify(workspace/src/aichallenge_submit/simple_pure_pursuit) by extensions ['colcon_pkg']
[0.350s] Level 1:colcon.colcon_core.package_identification:_identify(workspace/src/aichallenge_submit/simple_pure_pursuit) by extension 'colcon_pkg'
[0.350s] Level 1:colcon.colcon_core.package_identification:_identify(workspace/src/aichallenge_submit/simple_pure_pursuit) by extensions ['colcon_meta']
[0.350s] Level 1:colcon.colcon_core.package_identification:_identify(workspace/src/aichallenge_submit/simple_pure_pursuit) by extension 'colcon_meta'
[0.350s] Level 1:colcon.colcon_core.package_identification:_identify(workspace/src/aichallenge_submit/simple_pure_pursuit) by extensions ['ros']
[0.350s] Level 1:colcon.colcon_core.package_identification:_identify(workspace/src/aichallenge_submit/simple_pure_pursuit) by extension 'ros'
[0.351s] DEBUG:colcon.colcon_core.package_identification:Package 'workspace/src/aichallenge_submit/simple_pure_pursuit' with type 'ros.ament_cmake' and name 'simple_pure_pursuit'
[0.351s] Level 1:colcon.colcon_core.package_identification:_identify(workspace/src/aichallenge_system) by extensions ['ignore', 'ignore_ament_install']
[0.351s] Level 1:colcon.colcon_core.package_identification:_identify(workspace/src/aichallenge_system) by extension 'ignore'
[0.351s] Level 1:colcon.colcon_core.package_identification:_identify(workspace/src/aichallenge_system) by extension 'ignore_ament_install'
[0.351s] Level 1:colcon.colcon_core.package_identification:_identify(workspace/src/aichallenge_system) by extensions ['colcon_pkg']
[0.351s] Level 1:colcon.colcon_core.package_identification:_identify(workspace/src/aichallenge_system) by extension 'colcon_pkg'
[0.351s] Level 1:colcon.colcon_core.package_identification:_identify(workspace/src/aichallenge_system) by extensions ['colcon_meta']
[0.351s] Level 1:colcon.colcon_core.package_identification:_identify(workspace/src/aichallenge_system) by extension 'colcon_meta'
[0.351s] Level 1:colcon.colcon_core.package_identification:_identify(workspace/src/aichallenge_system) by extensions ['ros']
[0.351s] Level 1:colcon.colcon_core.package_identification:_identify(workspace/src/aichallenge_system) by extension 'ros'
[0.351s] Level 1:colcon.colcon_core.package_identification:_identify(workspace/src/aichallenge_system) by extensions ['cmake', 'python']
[0.351s] Level 1:colcon.colcon_core.package_identification:_identify(workspace/src/aichallenge_system) by extension 'cmake'
[0.351s] Level 1:colcon.colcon_core.package_identification:_identify(workspace/src/aichallenge_system) by extension 'python'
[0.351s] Level 1:colcon.colcon_core.package_identification:_identify(workspace/src/aichallenge_system) by extensions ['python_setup_py']
[0.352s] Level 1:colcon.colcon_core.package_identification:_identify(workspace/src/aichallenge_system) by extension 'python_setup_py'
[0.352s] Level 1:colcon.colcon_core.package_identification:_identify(workspace/src/aichallenge_system/aichallenge_awsim_adapter) by extensions ['ignore', 'ignore_ament_install']
[0.352s] Level 1:colcon.colcon_core.package_identification:_identify(workspace/src/aichallenge_system/aichallenge_awsim_adapter) by extension 'ignore'
[0.352s] Level 1:colcon.colcon_core.package_identification:_identify(workspace/src/aichallenge_system/aichallenge_awsim_adapter) by extension 'ignore_ament_install'
[0.352s] Level 1:colcon.colcon_core.package_identification:_identify(workspace/src/aichallenge_system/aichallenge_awsim_adapter) by extensions ['colcon_pkg']
[0.352s] Level 1:colcon.colcon_core.package_identification:_identify(workspace/src/aichallenge_system/aichallenge_awsim_adapter) by extension 'colcon_pkg'
[0.352s] Level 1:colcon.colcon_core.package_identification:_identify(workspace/src/aichallenge_system/aichallenge_awsim_adapter) by extensions ['colcon_meta']
[0.352s] Level 1:colcon.colcon_core.package_identification:_identify(workspace/src/aichallenge_system/aichallenge_awsim_adapter) by extension 'colcon_meta'
[0.352s] Level 1:colcon.colcon_core.package_identification:_identify(workspace/src/aichallenge_system/aichallenge_awsim_adapter) by extensions ['ros']
[0.352s] Level 1:colcon.colcon_core.package_identification:_identify(workspace/src/aichallenge_system/aichallenge_awsim_adapter) by extension 'ros'
[0.353s] DEBUG:colcon.colcon_core.package_identification:Package 'workspace/src/aichallenge_system/aichallenge_awsim_adapter' with type 'ros.ament_cmake' and name 'aichallenge_awsim_adapter'
[0.353s] Level 1:colcon.colcon_core.package_identification:_identify(workspace/src/aichallenge_system/aichallenge_system_launch) by extensions ['ignore', 'ignore_ament_install']
[0.353s] Level 1:colcon.colcon_core.package_identification:_identify(workspace/src/aichallenge_system/aichallenge_system_launch) by extension 'ignore'
[0.353s] Level 1:colcon.colcon_core.package_identification:_identify(workspace/src/aichallenge_system/aichallenge_system_launch) by extension 'ignore_ament_install'
[0.353s] Level 1:colcon.colcon_core.package_identification:_identify(workspace/src/aichallenge_system/aichallenge_system_launch) by extensions ['colcon_pkg']
[0.353s] Level 1:colcon.colcon_core.package_identification:_identify(workspace/src/aichallenge_system/aichallenge_system_launch) by extension 'colcon_pkg'
[0.353s] Level 1:colcon.colcon_core.package_identification:_identify(workspace/src/aichallenge_system/aichallenge_system_launch) by extensions ['colcon_meta']
[0.353s] Level 1:colcon.colcon_core.package_identification:_identify(workspace/src/aichallenge_system/aichallenge_system_launch) by extension 'colcon_meta'
[0.353s] Level 1:colcon.colcon_core.package_identification:_identify(workspace/src/aichallenge_system/aichallenge_system_launch) by extensions ['ros']
[0.353s] Level 1:colcon.colcon_core.package_identification:_identify(workspace/src/aichallenge_system/aichallenge_system_launch) by extension 'ros'
[0.354s] DEBUG:colcon.colcon_core.package_identification:Package 'workspace/src/aichallenge_system/aichallenge_system_launch' with type 'ros.ament_cmake' and name 'aichallenge_system_launch'
[0.354s] Level 1:colcon.colcon_core.package_identification:_identify(workspace/src/aichallenge_system/script) by extensions ['ignore', 'ignore_ament_install']
[0.354s] Level 1:colcon.colcon_core.package_identification:_identify(workspace/src/aichallenge_system/script) by extension 'ignore'
[0.354s] Level 1:colcon.colcon_core.package_identification:_identify(workspace/src/aichallenge_system/script) by extension 'ignore_ament_install'
[0.354s] Level 1:colcon.colcon_core.package_identification:_identify(workspace/src/aichallenge_system/script) by extensions ['colcon_pkg']
[0.354s] Level 1:colcon.colcon_core.package_identification:_identify(workspace/src/aichallenge_system/script) by extension 'colcon_pkg'
[0.354s] Level 1:colcon.colcon_core.package_identification:_identify(workspace/src/aichallenge_system/script) by extensions ['colcon_meta']
[0.354s] Level 1:colcon.colcon_core.package_identification:_identify(workspace/src/aichallenge_system/script) by extension 'colcon_meta'
[0.354s] Level 1:colcon.colcon_core.package_identification:_identify(workspace/src/aichallenge_system/script) by extensions ['ros']
[0.354s] Level 1:colcon.colcon_core.package_identification:_identify(workspace/src/aichallenge_system/script) by extension 'ros'
[0.354s] Level 1:colcon.colcon_core.package_identification:_identify(workspace/src/aichallenge_system/script) by extensions ['cmake', 'python']
[0.354s] Level 1:colcon.colcon_core.package_identification:_identify(workspace/src/aichallenge_system/script) by extension 'cmake'
[0.354s] Level 1:colcon.colcon_core.package_identification:_identify(workspace/src/aichallenge_system/script) by extension 'python'
[0.354s] Level 1:colcon.colcon_core.package_identification:_identify(workspace/src/aichallenge_system/script) by extensions ['python_setup_py']
[0.354s] Level 1:colcon.colcon_core.package_identification:_identify(workspace/src/aichallenge_system/script) by extension 'python_setup_py'
[0.354s] Level 1:colcon.colcon_core.package_discovery:discover_packages(recursive) using defaults
[0.354s] Level 1:colcon.colcon_core.package_discovery:discover_packages(ignore) discover
[0.354s] Level 1:colcon.colcon_core.package_discovery:discover_packages(ignore) using defaults
[0.354s] Level 1:colcon.colcon_core.package_discovery:discover_packages(path) discover
[0.354s] Level 1:colcon.colcon_core.package_discovery:discover_packages(path) using defaults
[0.394s] INFO:colcon.colcon_core.package_selection:Skipping not selected package 'aichallenge_awsim_adapter' in 'workspace/src/aichallenge_system/aichallenge_awsim_adapter'
[0.394s] INFO:colcon.colcon_core.package_selection:Skipping not selected package 'goal_pose_setter' in 'workspace/src/aichallenge_submit/goal_pose_setter'
[0.394s] INFO:colcon.colcon_core.package_selection:Skipping not selected package 'gyro_odometer' in 'workspace/src/aichallenge_submit/gyro_odometer'
[0.394s] INFO:colcon.colcon_core.package_selection:Skipping not selected package 'imu_corrector' in 'workspace/src/aichallenge_submit/imu_corrector'
[0.394s] INFO:colcon.colcon_core.package_selection:Skipping not selected package 'imu_gnss_poser' in 'workspace/src/aichallenge_submit/imu_gnss_poser'
[0.394s] INFO:colcon.colcon_core.package_selection:Skipping not selected package 'my_control_node' in 'workspace/src/aichallenge_submit/my_control_node'
[0.394s] INFO:colcon.colcon_core.package_selection:Skipping not selected package 'path_to_trajectory' in 'workspace/src/aichallenge_submit/path_to_trajectory'
[0.394s] INFO:colcon.colcon_core.package_selection:Skipping not selected package 'racing_kart_description' in 'workspace/src/aichallenge_submit/racing_kart_description'
[0.394s] INFO:colcon.colcon_core.package_selection:Skipping not selected package 'racing_kart_sensor_kit_description' in 'workspace/src/aichallenge_submit/racing_kart_sensor_kit_description'
[0.394s] INFO:colcon.colcon_core.package_selection:Skipping not selected package 'simple_pure_pursuit' in 'workspace/src/aichallenge_submit/simple_pure_pursuit'
[0.394s] INFO:colcon.colcon_core.package_selection:Skipping not selected package 'aichallenge_submit_launch' in 'workspace/src/aichallenge_submit/aichallenge_submit_launch'
[0.394s] INFO:colcon.colcon_core.package_selection:Skipping not selected package 'aichallenge_system_launch' in 'workspace/src/aichallenge_system/aichallenge_system_launch'
[0.395s] Level 1:colcon.colcon_core.package_discovery:discover_packages(prefix_path) check parameters
[0.395s] Level 1:colcon.colcon_core.package_discovery:discover_packages(prefix_path) discover
[0.408s] DEBUG:colcon.colcon_installed_package_information.package_discovery:Found 219 installed packages in /autoware/install
[0.410s] DEBUG:colcon.colcon_installed_package_information.package_discovery:Found 262 installed packages in /opt/ros/humble
[0.412s] Level 1:colcon.colcon_core.package_discovery:discover_packages(prefix_path) using defaults
[0.461s] Level 5:colcon.colcon_core.verb:set package 'closest_point_finder' build argument 'cmake_args' from command line to '['-DCMAKE_BUILD_TYPE=Release']'
[0.461s] Level 5:colcon.colcon_core.verb:set package 'closest_point_finder' build argument 'cmake_target' from command line to 'None'
[0.461s] Level 5:colcon.colcon_core.verb:set package 'closest_point_finder' build argument 'cmake_target_skip_unavailable' from command line to 'False'
[0.461s] Level 5:colcon.colcon_core.verb:set package 'closest_point_finder' build argument 'cmake_clean_cache' from command line to 'False'
[0.461s] Level 5:colcon.colcon_core.verb:set package 'closest_point_finder' build argument 'cmake_clean_first' from command line to 'False'
[0.461s] Level 5:colcon.colcon_core.verb:set package 'closest_point_finder' build argument 'cmake_force_configure' from command line to 'False'
[0.461s] Level 5:colcon.colcon_core.verb:set package 'closest_point_finder' build argument 'ament_cmake_args' from command line to 'None'
[0.461s] Level 5:colcon.colcon_core.verb:set package 'closest_point_finder' build argument 'catkin_cmake_args' from command line to 'None'
[0.461s] Level 5:colcon.colcon_core.verb:set package 'closest_point_finder' build argument 'catkin_skip_building_tests' from command line to 'False'
[0.461s] DEBUG:colcon.colcon_core.verb:Building package 'closest_point_finder' with the following arguments: {'ament_cmake_args': None, 'build_base': '/aichallenge/build/closest_point_finder', 'catkin_cmake_args': None, 'catkin_skip_building_tests': False, 'cmake_args': ['-DCMAKE_BUILD_TYPE=Release'], 'cmake_clean_cache': False, 'cmake_clean_first': False, 'cmake_force_configure': False, 'cmake_target': None, 'cmake_target_skip_unavailable': False, 'install_base': '/aichallenge/install/closest_point_finder', 'merge_install': False, 'path': '/aichallenge/workspace/src/aichallenge_submit/closest_point_finder', 'symlink_install': True, 'test_result_base': None}
[0.461s] INFO:colcon.colcon_core.executor:Executing jobs using 'parallel' executor
[0.462s] DEBUG:colcon.colcon_parallel_executor.executor.parallel:run_until_complete
[0.463s] INFO:colcon.colcon_ros.task.ament_cmake.build:Building ROS package in '/aichallenge/workspace/src/aichallenge_submit/closest_point_finder' with build type 'ament_cmake'
[0.463s] INFO:colcon.colcon_cmake.task.cmake.build:Building CMake package in '/aichallenge/workspace/src/aichallenge_submit/closest_point_finder'
[0.468s] INFO:colcon.colcon_core.plugin_system:Skipping extension 'colcon_core.shell.bat': Not used on non-Windows systems
[0.469s] INFO:colcon.colcon_core.shell:Skip shell extension 'powershell' for command environment: Not usable outside of PowerShell
[0.469s] DEBUG:colcon.colcon_core.shell:Skip shell extension 'dsv' for command environment
[0.508s] DEBUG:colcon.colcon_core.event_handler.log_command:Invoking command in '/aichallenge/build/closest_point_finder': CMAKE_PREFIX_PATH=${CMAKE_PREFIX_PATH}:/autoware/install/simulator_compatibility_test:/autoware/install/ad_api_visualizers:/opt/ros/humble /usr/bin/cmake /aichallenge/workspace/src/aichallenge_submit/closest_point_finder -DCMAKE_BUILD_TYPE=Release -DAMENT_CMAKE_SYMLINK_INSTALL=1 -DCMAKE_INSTALL_PREFIX=/aichallenge/install/closest_point_finder
[12.521s] DEBUG:colcon.colcon_core.event_handler.log_command:Invoked command in '/aichallenge/build/closest_point_finder' returned '0': CMAKE_PREFIX_PATH=${CMAKE_PREFIX_PATH}:/autoware/install/simulator_compatibility_test:/autoware/install/ad_api_visualizers:/opt/ros/humble /usr/bin/cmake /aichallenge/workspace/src/aichallenge_submit/closest_point_finder -DCMAKE_BUILD_TYPE=Release -DAMENT_CMAKE_SYMLINK_INSTALL=1 -DCMAKE_INSTALL_PREFIX=/aichallenge/install/closest_point_finder
[12.523s] DEBUG:colcon.colcon_core.event_handler.log_command:Invoking command in '/aichallenge/build/closest_point_finder': CMAKE_PREFIX_PATH=${CMAKE_PREFIX_PATH}:/autoware/install/simulator_compatibility_test:/autoware/install/ad_api_visualizers:/opt/ros/humble /usr/bin/cmake --build /aichallenge/build/closest_point_finder -- -j8 -l8
[32.850s] DEBUG:colcon.colcon_core.event_handler.log_command:Invoked command in '/aichallenge/build/closest_point_finder' returned '0': CMAKE_PREFIX_PATH=${CMAKE_PREFIX_PATH}:/autoware/install/simulator_compatibility_test:/autoware/install/ad_api_visualizers:/opt/ros/humble /usr/bin/cmake --build /aichallenge/build/closest_point_finder -- -j8 -l8
[33.127s] DEBUG:colcon.colcon_core.event_handler.log_command:Invoking command in '/aichallenge/build/closest_point_finder': CMAKE_PREFIX_PATH=${CMAKE_PREFIX_PATH}:/autoware/install/simulator_compatibility_test:/autoware/install/ad_api_visualizers:/opt/ros/humble /usr/bin/cmake --install /aichallenge/build/closest_point_finder
[33.618s] Level 1:colcon.colcon_core.environment:create_environment_scripts_only(closest_point_finder)
[33.619s] DEBUG:colcon.colcon_core.event_handler.log_command:Invoked command in '/aichallenge/build/closest_point_finder' returned '0': CMAKE_PREFIX_PATH=${CMAKE_PREFIX_PATH}:/autoware/install/simulator_compatibility_test:/autoware/install/ad_api_visualizers:/opt/ros/humble /usr/bin/cmake --install /aichallenge/build/closest_point_finder
[33.625s] Level 1:colcon.colcon_core.environment:checking '/aichallenge/install/closest_point_finder' for CMake module files
[33.625s] Level 1:colcon.colcon_core.environment:checking '/aichallenge/install/closest_point_finder' for CMake config files
[33.626s] Level 1:colcon.colcon_core.shell:create_environment_hook('closest_point_finder', 'cmake_prefix_path')
[33.626s] INFO:colcon.colcon_core.shell:Creating environment hook '/aichallenge/install/closest_point_finder/share/closest_point_finder/hook/cmake_prefix_path.ps1'
[33.627s] INFO:colcon.colcon_core.shell:Creating environment descriptor '/aichallenge/install/closest_point_finder/share/closest_point_finder/hook/cmake_prefix_path.dsv'
[33.628s] INFO:colcon.colcon_core.shell:Creating environment hook '/aichallenge/install/closest_point_finder/share/closest_point_finder/hook/cmake_prefix_path.sh'
[33.629s] Level 1:colcon.colcon_core.environment:checking '/aichallenge/install/closest_point_finder/bin'
[33.630s] Level 1:colcon.colcon_core.environment:checking '/aichallenge/install/closest_point_finder/lib/pkgconfig/closest_point_finder.pc'
[33.630s] Level 1:colcon.colcon_core.environment:checking '/aichallenge/install/closest_point_finder/lib/python3.10/site-packages'
[33.630s] Level 1:colcon.colcon_core.environment:checking '/aichallenge/install/closest_point_finder/bin'
[33.631s] INFO:colcon.colcon_core.shell:Creating package script '/aichallenge/install/closest_point_finder/share/closest_point_finder/package.ps1'
[33.632s] INFO:colcon.colcon_core.shell:Creating package descriptor '/aichallenge/install/closest_point_finder/share/closest_point_finder/package.dsv'
[33.633s] INFO:colcon.colcon_core.shell:Creating package script '/aichallenge/install/closest_point_finder/share/closest_point_finder/package.sh'
[33.635s] INFO:colcon.colcon_core.shell:Creating package script '/aichallenge/install/closest_point_finder/share/closest_point_finder/package.bash'
[33.636s] INFO:colcon.colcon_core.shell:Creating package script '/aichallenge/install/closest_point_finder/share/closest_point_finder/package.zsh'
[33.637s] Level 1:colcon.colcon_core.environment:create_file_with_runtime_dependencies(/aichallenge/install/closest_point_finder/share/colcon-core/packages/closest_point_finder)
[33.883s] Level 1:colcon.colcon_core.environment:create_environment_scripts_only(closest_point_finder)
[33.884s] Level 1:colcon.colcon_core.environment:checking '/aichallenge/install/closest_point_finder' for CMake module files
[33.884s] Level 1:colcon.colcon_core.environment:checking '/aichallenge/install/closest_point_finder' for CMake config files
[33.885s] Level 1:colcon.colcon_core.shell:create_environment_hook('closest_point_finder', 'cmake_prefix_path')
[33.885s] INFO:colcon.colcon_core.shell:Creating environment hook '/aichallenge/install/closest_point_finder/share/closest_point_finder/hook/cmake_prefix_path.ps1'
[33.886s] INFO:colcon.colcon_core.shell:Creating environment descriptor '/aichallenge/install/closest_point_finder/share/closest_point_finder/hook/cmake_prefix_path.dsv'
[33.886s] INFO:colcon.colcon_core.shell:Creating environment hook '/aichallenge/install/closest_point_finder/share/closest_point_finder/hook/cmake_prefix_path.sh'
[33.887s] Level 1:colcon.colcon_core.environment:checking '/aichallenge/install/closest_point_finder/bin'
[33.887s] Level 1:colcon.colcon_core.environment:checking '/aichallenge/install/closest_point_finder/lib/pkgconfig/closest_point_finder.pc'
[33.887s] Level 1:colcon.colcon_core.environment:checking '/aichallenge/install/closest_point_finder/lib/python3.10/site-packages'
[33.888s] Level 1:colcon.colcon_core.environment:checking '/aichallenge/install/closest_point_finder/bin'
[33.888s] INFO:colcon.colcon_core.shell:Creating package script '/aichallenge/install/closest_point_finder/share/closest_point_finder/package.ps1'
[33.889s] INFO:colcon.colcon_core.shell:Creating package descriptor '/aichallenge/install/closest_point_finder/share/closest_point_finder/package.dsv'
[33.890s] INFO:colcon.colcon_core.shell:Creating package script '/aichallenge/install/closest_point_finder/share/closest_point_finder/package.sh'
[33.890s] INFO:colcon.colcon_core.shell:Creating package script '/aichallenge/install/closest_point_finder/share/closest_point_finder/package.bash'
[33.891s] INFO:colcon.colcon_core.shell:Creating package script '/aichallenge/install/closest_point_finder/share/closest_point_finder/package.zsh'
[33.892s] Level 1:colcon.colcon_core.environment:create_file_with_runtime_dependencies(/aichallenge/install/closest_point_finder/share/colcon-core/packages/closest_point_finder)
[33.892s] DEBUG:colcon.colcon_parallel_executor.executor.parallel:closing loop
[33.892s] DEBUG:colcon.colcon_parallel_executor.executor.parallel:loop closed
[33.893s] DEBUG:colcon.colcon_parallel_executor.executor.parallel:run_until_complete finished with '0'
[33.893s] DEBUG:colcon.colcon_core.event_reactor:joining thread
[33.908s] INFO:colcon.colcon_core.plugin_system:Skipping extension 'colcon_notification.desktop_notification.notify_send': Could not find 'notify-send'
[33.908s] INFO:colcon.colcon_core.plugin_system:Skipping extension 'colcon_notification.desktop_notification.terminal_notifier': Not used on non-Darwin systems
[33.908s] INFO:colcon.colcon_core.plugin_system:Skipping extension 'colcon_notification.desktop_notification.win32': Not used on non-Windows systems
[33.908s] INFO:colcon.colcon_notification.desktop_notification:Sending desktop notification using 'notify2'
[33.912s] DEBUG:colcon.colcon_notification.desktop_notification.notify2:Failed to initialize notify2: org.freedesktop.DBus.Error.Spawn.ExecFailed: /usr/bin/dbus-launch terminated abnormally without any error message
[33.913s] DEBUG:colcon.colcon_core.event_reactor:joined thread
[33.914s] INFO:colcon.colcon_core.shell:Creating prefix script '/aichallenge/install/local_setup.ps1'
[33.916s] INFO:colcon.colcon_core.shell:Creating prefix util module '/aichallenge/install/_local_setup_util_ps1.py'
[33.919s] INFO:colcon.colcon_core.shell:Creating prefix chain script '/aichallenge/install/setup.ps1'
[33.933s] INFO:colcon.colcon_core.shell:Creating prefix script '/aichallenge/install/local_setup.sh'
[33.935s] INFO:colcon.colcon_core.shell:Creating prefix util module '/aichallenge/install/_local_setup_util_sh.py'
[33.936s] INFO:colcon.colcon_core.shell:Creating prefix chain script '/aichallenge/install/setup.sh'
[33.949s] INFO:colcon.colcon_core.shell:Creating prefix script '/aichallenge/install/local_setup.bash'
[33.950s] INFO:colcon.colcon_core.shell:Creating prefix chain script '/aichallenge/install/setup.bash'
[33.962s] INFO:colcon.colcon_core.shell:Creating prefix script '/aichallenge/install/local_setup.zsh'
[33.963s] INFO:colcon.colcon_core.shell:Creating prefix chain script '/aichallenge/install/setup.zsh'
