[0.045s] Invoking command in '/aichallenge/build/closest_point_finder': CMAKE_PREFIX_PATH=${CMAKE_PREFIX_PATH}:/autoware/install/simulator_compatibility_test:/autoware/install/ad_api_visualizers:/opt/ros/humble /usr/bin/cmake /aichallenge/workspace/src/aichallenge_submit/closest_point_finder -DCMAKE_BUILD_TYPE=Release -DAMENT_CMAKE_SYMLINK_INSTALL=1 -DCMAKE_INSTALL_PREFIX=/aichallenge/install/closest_point_finder
[0.291s] -- The C compiler identification is GNU 11.4.0
[0.456s] -- The CXX compiler identification is GNU 11.4.0
[0.477s] -- Detecting C compiler ABI info
[0.793s] -- Detecting C compiler ABI info - done
[0.810s] -- Check for working C compiler: /usr/bin/cc - skipped
[0.811s] -- Detecting C compile features
[0.812s] -- Detecting C compile features - done
[0.820s] -- Detecting CXX compiler ABI info
[1.161s] -- Detecting CXX compiler ABI info - done
[1.183s] -- Check for working CXX compiler: /usr/bin/c++ - skipped
[1.183s] -- Detecting CXX compile features
[1.185s] -- Detecting CXX compile features - done
[1.217s] -- Found autoware_cmake: 0.1.0 (/autoware/install/autoware_cmake/share/autoware_cmake/cmake)
[1.650s] -- Found Python3: /usr/bin/python3 (found version "3.10.12") found components: Interpreter 
[1.765s] -- Override CMake install command with custom implementation using symlinks instead of copying resources
[2.472s] -- Found rosidl_generator_c: 3.1.5 (/opt/ros/humble/share/rosidl_generator_c/cmake)
[2.510s] -- Found rosidl_adapter: 3.1.5 (/opt/ros/humble/share/rosidl_adapter/cmake)
[2.554s] -- Found rosidl_generator_cpp: 3.1.5 (/opt/ros/humble/share/rosidl_generator_cpp/cmake)
[2.613s] -- Using all available rosidl_typesupport_c: rosidl_typesupport_fastrtps_c;rosidl_typesupport_introspection_c
[2.697s] -- Using all available rosidl_typesupport_cpp: rosidl_typesupport_fastrtps_cpp;rosidl_typesupport_introspection_cpp
[2.955s] -- Found rmw_implementation_cmake: 6.1.1 (/opt/ros/humble/share/rmw_implementation_cmake/cmake)
[2.987s] -- Found rmw_cyclonedds_cpp: 1.3.4 (/opt/ros/humble/share/rmw_cyclonedds_cpp/cmake)
[3.137s] -- Using RMW implementation 'rmw_cyclonedds_cpp' as default
[3.197s] -- Looking for pthread.h
[3.500s] -- Looking for pthread.h - found
[3.500s] -- Performing Test CMAKE_HAVE_LIBC_PTHREAD
[3.820s] -- Performing Test CMAKE_HAVE_LIBC_PTHREAD - Success
[3.822s] -- Found Threads: TRUE  
[5.685s] -- Found eigen3_cmake_module: 0.1.1 (/opt/ros/humble/share/eigen3_cmake_module/cmake)
[5.686s] -- Found Eigen3: TRUE (found version "3.4.0") 
[5.686s] -- Ensuring Eigen3 include directory is part of orocos-kdl CMake target
[7.472s] -- Found ament_lint_auto: 0.12.10 (/opt/ros/humble/share/ament_lint_auto/cmake)
[11.976s] -- Added test 'copyright' to check source files copyright and LICENSE
[11.980s] -- Added test 'cppcheck' to perform static code analysis on C / C++ code
[11.981s] -- Configured cppcheck include dirs: /aichallenge/workspace/src/aichallenge_submit/closest_point_finder/include
[11.981s] -- Configured cppcheck exclude dirs and/or files: 
[11.984s] -- Added test 'cpplint' to check C / C++ code against the Google style
[11.985s] -- Configured cpplint exclude dirs and/or files: 
[11.988s] -- Added test 'lint_cmake' to check CMake code style
[11.991s] -- Added test 'uncrustify' to check C / C++ code style
[11.992s] -- Configured uncrustify additional arguments: 
[11.995s] -- Added test 'xmllint' to check XML markup files
[12.002s] -- Configuring done
[12.043s] -- Generating done
[12.045s] -- Build files have been written to: /aichallenge/build/closest_point_finder
[12.057s] Invoked command in '/aichallenge/build/closest_point_finder' returned '0': CMAKE_PREFIX_PATH=${CMAKE_PREFIX_PATH}:/autoware/install/simulator_compatibility_test:/autoware/install/ad_api_visualizers:/opt/ros/humble /usr/bin/cmake /aichallenge/workspace/src/aichallenge_submit/closest_point_finder -DCMAKE_BUILD_TYPE=Release -DAMENT_CMAKE_SYMLINK_INSTALL=1 -DCMAKE_INSTALL_PREFIX=/aichallenge/install/closest_point_finder
[12.059s] Invoking command in '/aichallenge/build/closest_point_finder': CMAKE_PREFIX_PATH=${CMAKE_PREFIX_PATH}:/autoware/install/simulator_compatibility_test:/autoware/install/ad_api_visualizers:/opt/ros/humble /usr/bin/cmake --build /aichallenge/build/closest_point_finder -- -j8 -l8
[12.299s] [ 50%] [32mBuilding CXX object CMakeFiles/closest_point_finder.dir/src/closest_point_finder.cpp.o[0m
[31.975s] [100%] [32m[1mLinking CXX executable closest_point_finder[0m
[32.353s] [100%] Built target closest_point_finder
[32.386s] Invoked command in '/aichallenge/build/closest_point_finder' returned '0': CMAKE_PREFIX_PATH=${CMAKE_PREFIX_PATH}:/autoware/install/simulator_compatibility_test:/autoware/install/ad_api_visualizers:/opt/ros/humble /usr/bin/cmake --build /aichallenge/build/closest_point_finder -- -j8 -l8
[32.664s] Invoking command in '/aichallenge/build/closest_point_finder': CMAKE_PREFIX_PATH=${CMAKE_PREFIX_PATH}:/autoware/install/simulator_compatibility_test:/autoware/install/ad_api_visualizers:/opt/ros/humble /usr/bin/cmake --install /aichallenge/build/closest_point_finder
[32.702s] -- Install configuration: "Release"
[32.703s] -- Execute custom install script
[32.703s] -- Symlinking: /aichallenge/install/closest_point_finder/share/ament_index/resource_index/package_run_dependencies/closest_point_finder
[32.732s] -- Symlinking: /aichallenge/install/closest_point_finder/share/ament_index/resource_index/parent_prefix_path/closest_point_finder
[32.768s] -- Symlinking: /aichallenge/install/closest_point_finder/share/closest_point_finder/environment/ament_prefix_path.sh
[32.805s] -- Symlinking: /aichallenge/install/closest_point_finder/share/closest_point_finder/environment/ament_prefix_path.dsv
[32.830s] -- Symlinking: /aichallenge/install/closest_point_finder/share/closest_point_finder/environment/path.sh
[32.856s] -- Symlinking: /aichallenge/install/closest_point_finder/share/closest_point_finder/environment/path.dsv
[32.881s] -- Symlinking: /aichallenge/install/closest_point_finder/share/closest_point_finder/local_setup.bash
[32.906s] -- Symlinking: /aichallenge/install/closest_point_finder/share/closest_point_finder/local_setup.sh
[32.932s] -- Symlinking: /aichallenge/install/closest_point_finder/share/closest_point_finder/local_setup.zsh
[32.971s] -- Symlinking: /aichallenge/install/closest_point_finder/share/closest_point_finder/local_setup.dsv
[32.998s] -- Symlinking: /aichallenge/install/closest_point_finder/share/closest_point_finder/package.dsv
[33.024s] -- Symlinking: /aichallenge/install/closest_point_finder/share/ament_index/resource_index/packages/closest_point_finder
[33.049s] -- Symlinking: /aichallenge/install/closest_point_finder/share/closest_point_finder/cmake/closest_point_finderConfig.cmake
[33.075s] -- Symlinking: /aichallenge/install/closest_point_finder/share/closest_point_finder/cmake/closest_point_finderConfig-version.cmake
[33.108s] -- Symlinking: /aichallenge/install/closest_point_finder/share/closest_point_finder/package.xml
[33.156s] Invoked command in '/aichallenge/build/closest_point_finder' returned '0': CMAKE_PREFIX_PATH=${CMAKE_PREFIX_PATH}:/autoware/install/simulator_compatibility_test:/autoware/install/ad_api_visualizers:/opt/ros/humble /usr/bin/cmake --install /aichallenge/build/closest_point_finder
