[0.109s] DEBUG:colcon:Command line arguments: ['/usr/bin/colcon', 'build', '--packages-select', 'my_control_node']
[0.109s] DEBUG:colcon:Parsed command line arguments: Namespace(log_base=None, log_level=None, verb_name='build', build_base='build', install_base='install', merge_install=False, symlink_install=False, test_result_base=None, continue_on_error=False, executor='parallel', parallel_workers=16, event_handlers=None, ignore_user_meta=False, metas=['./colcon.meta'], base_paths=['.'], packages_ignore=None, packages_ignore_regex=None, paths=None, packages_up_to=None, packages_up_to_regex=None, packages_above=None, packages_above_and_dependencies=None, packages_above_depth=None, packages_select_by_dep=None, packages_skip_by_dep=None, packages_skip_up_to=None, packages_select_build_failed=False, packages_skip_build_finished=False, packages_select_test_failures=False, packages_skip_test_passed=False, packages_select=['my_control_node'], packages_skip=None, packages_select_regex=None, packages_skip_regex=None, packages_start=None, packages_end=None, allow_overriding=[], cmake_args=None, cmake_target=None, cmake_target_skip_unavailable=False, cmake_clean_cache=False, cmake_clean_first=False, cmake_force_configure=False, ament_cmake_args=None, catkin_cmake_args=None, catkin_skip_building_tests=False, mixin_files=None, mixin=None, verb_parser=<colcon_mixin.mixin.mixin_argument.MixinArgumentDecorator object at 0x76a53e524ee0>, verb_extension=<colcon_core.verb.build.BuildVerb object at 0x76a53e524940>, main=<bound method BuildVerb.main of <colcon_core.verb.build.BuildVerb object at 0x76a53e524940>>, mixin_verb=('build',))
[0.275s] Level 1:colcon.colcon_core.package_discovery:discover_packages(colcon_meta) check parameters
[0.275s] Level 1:colcon.colcon_core.package_discovery:discover_packages(recursive) check parameters
[0.275s] Level 1:colcon.colcon_core.package_discovery:discover_packages(ignore) check parameters
[0.276s] Level 1:colcon.colcon_core.package_discovery:discover_packages(path) check parameters
[0.276s] Level 1:colcon.colcon_core.package_discovery:discover_packages(colcon_meta) discover
[0.276s] Level 1:colcon.colcon_core.package_discovery:discover_packages(recursive) discover
[0.276s] INFO:colcon.colcon_core.package_discovery:Crawling recursively for packages in '/aichallenge'
[0.276s] Level 1:colcon.colcon_core.package_identification:_identify(.) by extensions ['ignore', 'ignore_ament_install']
[0.276s] Level 1:colcon.colcon_core.package_identification:_identify(.) by extension 'ignore'
[0.276s] Level 1:colcon.colcon_core.package_identification:_identify(.) by extension 'ignore_ament_install'
[0.276s] Level 1:colcon.colcon_core.package_identification:_identify(.) by extensions ['colcon_pkg']
[0.276s] Level 1:colcon.colcon_core.package_identification:_identify(.) by extension 'colcon_pkg'
[0.276s] Level 1:colcon.colcon_core.package_identification:_identify(.) by extensions ['colcon_meta']
[0.276s] Level 1:colcon.colcon_core.package_identification:_identify(.) by extension 'colcon_meta'
[0.276s] Level 1:colcon.colcon_core.package_identification:_identify(.) by extensions ['ros']
[0.276s] Level 1:colcon.colcon_core.package_identification:_identify(.) by extension 'ros'
[0.283s] Level 1:colcon.colcon_core.package_identification:_identify(.) by extensions ['cmake', 'python']
[0.283s] Level 1:colcon.colcon_core.package_identification:_identify(.) by extension 'cmake'
[0.283s] Level 1:colcon.colcon_core.package_identification:_identify(.) by extension 'python'
[0.283s] Level 1:colcon.colcon_core.package_identification:_identify(.) by extensions ['python_setup_py']
[0.283s] Level 1:colcon.colcon_core.package_identification:_identify(.) by extension 'python_setup_py'
[0.283s] Level 1:colcon.colcon_core.package_identification:_identify(build) by extensions ['ignore', 'ignore_ament_install']
[0.283s] Level 1:colcon.colcon_core.package_identification:_identify(build) by extension 'ignore'
[0.283s] Level 1:colcon.colcon_core.package_identification:_identify(build) ignored
[0.283s] Level 1:colcon.colcon_core.package_identification:_identify(install) by extensions ['ignore', 'ignore_ament_install']
[0.284s] Level 1:colcon.colcon_core.package_identification:_identify(install) by extension 'ignore'
[0.284s] Level 1:colcon.colcon_core.package_identification:_identify(install) ignored
[0.284s] Level 1:colcon.colcon_core.package_identification:_identify(log) by extensions ['ignore', 'ignore_ament_install']
[0.284s] Level 1:colcon.colcon_core.package_identification:_identify(log) by extension 'ignore'
[0.284s] Level 1:colcon.colcon_core.package_identification:_identify(log) ignored
[0.284s] Level 1:colcon.colcon_core.package_identification:_identify(simulator) by extensions ['ignore', 'ignore_ament_install']
[0.284s] Level 1:colcon.colcon_core.package_identification:_identify(simulator) by extension 'ignore'
[0.284s] Level 1:colcon.colcon_core.package_identification:_identify(simulator) by extension 'ignore_ament_install'
[0.284s] Level 1:colcon.colcon_core.package_identification:_identify(simulator) by extensions ['colcon_pkg']
[0.284s] Level 1:colcon.colcon_core.package_identification:_identify(simulator) by extension 'colcon_pkg'
[0.284s] Level 1:colcon.colcon_core.package_identification:_identify(simulator) by extensions ['colcon_meta']
[0.284s] Level 1:colcon.colcon_core.package_identification:_identify(simulator) by extension 'colcon_meta'
[0.284s] Level 1:colcon.colcon_core.package_identification:_identify(simulator) by extensions ['ros']
[0.284s] Level 1:colcon.colcon_core.package_identification:_identify(simulator) by extension 'ros'
[0.284s] Level 1:colcon.colcon_core.package_identification:_identify(simulator) by extensions ['cmake', 'python']
[0.284s] Level 1:colcon.colcon_core.package_identification:_identify(simulator) by extension 'cmake'
[0.284s] Level 1:colcon.colcon_core.package_identification:_identify(simulator) by extension 'python'
[0.284s] Level 1:colcon.colcon_core.package_identification:_identify(simulator) by extensions ['python_setup_py']
[0.284s] Level 1:colcon.colcon_core.package_identification:_identify(simulator) by extension 'python_setup_py'
[0.284s] Level 1:colcon.colcon_core.package_identification:_identify(simulator/AWSIM) by extensions ['ignore', 'ignore_ament_install']
[0.284s] Level 1:colcon.colcon_core.package_identification:_identify(simulator/AWSIM) by extension 'ignore'
[0.284s] Level 1:colcon.colcon_core.package_identification:_identify(simulator/AWSIM) by extension 'ignore_ament_install'
[0.284s] Level 1:colcon.colcon_core.package_identification:_identify(simulator/AWSIM) by extensions ['colcon_pkg']
[0.284s] Level 1:colcon.colcon_core.package_identification:_identify(simulator/AWSIM) by extension 'colcon_pkg'
[0.284s] Level 1:colcon.colcon_core.package_identification:_identify(simulator/AWSIM) by extensions ['colcon_meta']
[0.284s] Level 1:colcon.colcon_core.package_identification:_identify(simulator/AWSIM) by extension 'colcon_meta'
[0.284s] Level 1:colcon.colcon_core.package_identification:_identify(simulator/AWSIM) by extensions ['ros']
[0.284s] Level 1:colcon.colcon_core.package_identification:_identify(simulator/AWSIM) by extension 'ros'
[0.284s] Level 1:colcon.colcon_core.package_identification:_identify(simulator/AWSIM) by extensions ['cmake', 'python']
[0.284s] Level 1:colcon.colcon_core.package_identification:_identify(simulator/AWSIM) by extension 'cmake'
[0.284s] Level 1:colcon.colcon_core.package_identification:_identify(simulator/AWSIM) by extension 'python'
[0.284s] Level 1:colcon.colcon_core.package_identification:_identify(simulator/AWSIM) by extensions ['python_setup_py']
[0.284s] Level 1:colcon.colcon_core.package_identification:_identify(simulator/AWSIM) by extension 'python_setup_py'
[0.284s] Level 1:colcon.colcon_core.package_identification:_identify(simulator/AWSIM/AWSIM_Data) by extensions ['ignore', 'ignore_ament_install']
[0.284s] Level 1:colcon.colcon_core.package_identification:_identify(simulator/AWSIM/AWSIM_Data) by extension 'ignore'
[0.284s] Level 1:colcon.colcon_core.package_identification:_identify(simulator/AWSIM/AWSIM_Data) by extension 'ignore_ament_install'
[0.285s] Level 1:colcon.colcon_core.package_identification:_identify(simulator/AWSIM/AWSIM_Data) by extensions ['colcon_pkg']
[0.285s] Level 1:colcon.colcon_core.package_identification:_identify(simulator/AWSIM/AWSIM_Data) by extension 'colcon_pkg'
[0.285s] Level 1:colcon.colcon_core.package_identification:_identify(simulator/AWSIM/AWSIM_Data) by extensions ['colcon_meta']
[0.285s] Level 1:colcon.colcon_core.package_identification:_identify(simulator/AWSIM/AWSIM_Data) by extension 'colcon_meta'
[0.285s] Level 1:colcon.colcon_core.package_identification:_identify(simulator/AWSIM/AWSIM_Data) by extensions ['ros']
[0.285s] Level 1:colcon.colcon_core.package_identification:_identify(simulator/AWSIM/AWSIM_Data) by extension 'ros'
[0.285s] Level 1:colcon.colcon_core.package_identification:_identify(simulator/AWSIM/AWSIM_Data) by extensions ['cmake', 'python']
[0.285s] Level 1:colcon.colcon_core.package_identification:_identify(simulator/AWSIM/AWSIM_Data) by extension 'cmake'
[0.285s] Level 1:colcon.colcon_core.package_identification:_identify(simulator/AWSIM/AWSIM_Data) by extension 'python'
[0.285s] Level 1:colcon.colcon_core.package_identification:_identify(simulator/AWSIM/AWSIM_Data) by extensions ['python_setup_py']
[0.285s] Level 1:colcon.colcon_core.package_identification:_identify(simulator/AWSIM/AWSIM_Data) by extension 'python_setup_py'
[0.285s] Level 1:colcon.colcon_core.package_identification:_identify(simulator/AWSIM/AWSIM_Data/Managed) by extensions ['ignore', 'ignore_ament_install']
[0.285s] Level 1:colcon.colcon_core.package_identification:_identify(simulator/AWSIM/AWSIM_Data/Managed) by extension 'ignore'
[0.285s] Level 1:colcon.colcon_core.package_identification:_identify(simulator/AWSIM/AWSIM_Data/Managed) by extension 'ignore_ament_install'
[0.285s] Level 1:colcon.colcon_core.package_identification:_identify(simulator/AWSIM/AWSIM_Data/Managed) by extensions ['colcon_pkg']
[0.285s] Level 1:colcon.colcon_core.package_identification:_identify(simulator/AWSIM/AWSIM_Data/Managed) by extension 'colcon_pkg'
[0.285s] Level 1:colcon.colcon_core.package_identification:_identify(simulator/AWSIM/AWSIM_Data/Managed) by extensions ['colcon_meta']
[0.285s] Level 1:colcon.colcon_core.package_identification:_identify(simulator/AWSIM/AWSIM_Data/Managed) by extension 'colcon_meta'
[0.285s] Level 1:colcon.colcon_core.package_identification:_identify(simulator/AWSIM/AWSIM_Data/Managed) by extensions ['ros']
[0.285s] Level 1:colcon.colcon_core.package_identification:_identify(simulator/AWSIM/AWSIM_Data/Managed) by extension 'ros'
[0.285s] Level 1:colcon.colcon_core.package_identification:_identify(simulator/AWSIM/AWSIM_Data/Managed) by extensions ['cmake', 'python']
[0.285s] Level 1:colcon.colcon_core.package_identification:_identify(simulator/AWSIM/AWSIM_Data/Managed) by extension 'cmake'
[0.285s] Level 1:colcon.colcon_core.package_identification:_identify(simulator/AWSIM/AWSIM_Data/Managed) by extension 'python'
[0.285s] Level 1:colcon.colcon_core.package_identification:_identify(simulator/AWSIM/AWSIM_Data/Managed) by extensions ['python_setup_py']
[0.285s] Level 1:colcon.colcon_core.package_identification:_identify(simulator/AWSIM/AWSIM_Data/Managed) by extension 'python_setup_py'
[0.285s] Level 1:colcon.colcon_core.package_identification:_identify(simulator/AWSIM/AWSIM_Data/MonoBleedingEdge) by extensions ['ignore', 'ignore_ament_install']
[0.285s] Level 1:colcon.colcon_core.package_identification:_identify(simulator/AWSIM/AWSIM_Data/MonoBleedingEdge) by extension 'ignore'
[0.285s] Level 1:colcon.colcon_core.package_identification:_identify(simulator/AWSIM/AWSIM_Data/MonoBleedingEdge) by extension 'ignore_ament_install'
[0.285s] Level 1:colcon.colcon_core.package_identification:_identify(simulator/AWSIM/AWSIM_Data/MonoBleedingEdge) by extensions ['colcon_pkg']
[0.285s] Level 1:colcon.colcon_core.package_identification:_identify(simulator/AWSIM/AWSIM_Data/MonoBleedingEdge) by extension 'colcon_pkg'
[0.285s] Level 1:colcon.colcon_core.package_identification:_identify(simulator/AWSIM/AWSIM_Data/MonoBleedingEdge) by extensions ['colcon_meta']
[0.285s] Level 1:colcon.colcon_core.package_identification:_identify(simulator/AWSIM/AWSIM_Data/MonoBleedingEdge) by extension 'colcon_meta'
[0.285s] Level 1:colcon.colcon_core.package_identification:_identify(simulator/AWSIM/AWSIM_Data/MonoBleedingEdge) by extensions ['ros']
[0.285s] Level 1:colcon.colcon_core.package_identification:_identify(simulator/AWSIM/AWSIM_Data/MonoBleedingEdge) by extension 'ros'
[0.285s] Level 1:colcon.colcon_core.package_identification:_identify(simulator/AWSIM/AWSIM_Data/MonoBleedingEdge) by extensions ['cmake', 'python']
[0.285s] Level 1:colcon.colcon_core.package_identification:_identify(simulator/AWSIM/AWSIM_Data/MonoBleedingEdge) by extension 'cmake'
[0.285s] Level 1:colcon.colcon_core.package_identification:_identify(simulator/AWSIM/AWSIM_Data/MonoBleedingEdge) by extension 'python'
[0.286s] Level 1:colcon.colcon_core.package_identification:_identify(simulator/AWSIM/AWSIM_Data/MonoBleedingEdge) by extensions ['python_setup_py']
[0.286s] Level 1:colcon.colcon_core.package_identification:_identify(simulator/AWSIM/AWSIM_Data/MonoBleedingEdge) by extension 'python_setup_py'
[0.286s] Level 1:colcon.colcon_core.package_identification:_identify(simulator/AWSIM/AWSIM_Data/MonoBleedingEdge/etc) by extensions ['ignore', 'ignore_ament_install']
[0.286s] Level 1:colcon.colcon_core.package_identification:_identify(simulator/AWSIM/AWSIM_Data/MonoBleedingEdge/etc) by extension 'ignore'
[0.286s] Level 1:colcon.colcon_core.package_identification:_identify(simulator/AWSIM/AWSIM_Data/MonoBleedingEdge/etc) by extension 'ignore_ament_install'
[0.286s] Level 1:colcon.colcon_core.package_identification:_identify(simulator/AWSIM/AWSIM_Data/MonoBleedingEdge/etc) by extensions ['colcon_pkg']
[0.286s] Level 1:colcon.colcon_core.package_identification:_identify(simulator/AWSIM/AWSIM_Data/MonoBleedingEdge/etc) by extension 'colcon_pkg'
[0.286s] Level 1:colcon.colcon_core.package_identification:_identify(simulator/AWSIM/AWSIM_Data/MonoBleedingEdge/etc) by extensions ['colcon_meta']
[0.286s] Level 1:colcon.colcon_core.package_identification:_identify(simulator/AWSIM/AWSIM_Data/MonoBleedingEdge/etc) by extension 'colcon_meta'
[0.286s] Level 1:colcon.colcon_core.package_identification:_identify(simulator/AWSIM/AWSIM_Data/MonoBleedingEdge/etc) by extensions ['ros']
[0.286s] Level 1:colcon.colcon_core.package_identification:_identify(simulator/AWSIM/AWSIM_Data/MonoBleedingEdge/etc) by extension 'ros'
[0.286s] Level 1:colcon.colcon_core.package_identification:_identify(simulator/AWSIM/AWSIM_Data/MonoBleedingEdge/etc) by extensions ['cmake', 'python']
[0.286s] Level 1:colcon.colcon_core.package_identification:_identify(simulator/AWSIM/AWSIM_Data/MonoBleedingEdge/etc) by extension 'cmake'
[0.286s] Level 1:colcon.colcon_core.package_identification:_identify(simulator/AWSIM/AWSIM_Data/MonoBleedingEdge/etc) by extension 'python'
[0.286s] Level 1:colcon.colcon_core.package_identification:_identify(simulator/AWSIM/AWSIM_Data/MonoBleedingEdge/etc) by extensions ['python_setup_py']
[0.286s] Level 1:colcon.colcon_core.package_identification:_identify(simulator/AWSIM/AWSIM_Data/MonoBleedingEdge/etc) by extension 'python_setup_py'
[0.286s] Level 1:colcon.colcon_core.package_identification:_identify(simulator/AWSIM/AWSIM_Data/MonoBleedingEdge/etc/mono) by extensions ['ignore', 'ignore_ament_install']
[0.286s] Level 1:colcon.colcon_core.package_identification:_identify(simulator/AWSIM/AWSIM_Data/MonoBleedingEdge/etc/mono) by extension 'ignore'
[0.286s] Level 1:colcon.colcon_core.package_identification:_identify(simulator/AWSIM/AWSIM_Data/MonoBleedingEdge/etc/mono) by extension 'ignore_ament_install'
[0.286s] Level 1:colcon.colcon_core.package_identification:_identify(simulator/AWSIM/AWSIM_Data/MonoBleedingEdge/etc/mono) by extensions ['colcon_pkg']
[0.286s] Level 1:colcon.colcon_core.package_identification:_identify(simulator/AWSIM/AWSIM_Data/MonoBleedingEdge/etc/mono) by extension 'colcon_pkg'
[0.286s] Level 1:colcon.colcon_core.package_identification:_identify(simulator/AWSIM/AWSIM_Data/MonoBleedingEdge/etc/mono) by extensions ['colcon_meta']
[0.286s] Level 1:colcon.colcon_core.package_identification:_identify(simulator/AWSIM/AWSIM_Data/MonoBleedingEdge/etc/mono) by extension 'colcon_meta'
[0.286s] Level 1:colcon.colcon_core.package_identification:_identify(simulator/AWSIM/AWSIM_Data/MonoBleedingEdge/etc/mono) by extensions ['ros']
[0.286s] Level 1:colcon.colcon_core.package_identification:_identify(simulator/AWSIM/AWSIM_Data/MonoBleedingEdge/etc/mono) by extension 'ros'
[0.286s] Level 1:colcon.colcon_core.package_identification:_identify(simulator/AWSIM/AWSIM_Data/MonoBleedingEdge/etc/mono) by extensions ['cmake', 'python']
[0.286s] Level 1:colcon.colcon_core.package_identification:_identify(simulator/AWSIM/AWSIM_Data/MonoBleedingEdge/etc/mono) by extension 'cmake'
[0.286s] Level 1:colcon.colcon_core.package_identification:_identify(simulator/AWSIM/AWSIM_Data/MonoBleedingEdge/etc/mono) by extension 'python'
[0.286s] Level 1:colcon.colcon_core.package_identification:_identify(simulator/AWSIM/AWSIM_Data/MonoBleedingEdge/etc/mono) by extensions ['python_setup_py']
[0.286s] Level 1:colcon.colcon_core.package_identification:_identify(simulator/AWSIM/AWSIM_Data/MonoBleedingEdge/etc/mono) by extension 'python_setup_py'
[0.286s] Level 1:colcon.colcon_core.package_identification:_identify(simulator/AWSIM/AWSIM_Data/MonoBleedingEdge/etc/mono/2.0) by extensions ['ignore', 'ignore_ament_install']
[0.286s] Level 1:colcon.colcon_core.package_identification:_identify(simulator/AWSIM/AWSIM_Data/MonoBleedingEdge/etc/mono/2.0) by extension 'ignore'
[0.286s] Level 1:colcon.colcon_core.package_identification:_identify(simulator/AWSIM/AWSIM_Data/MonoBleedingEdge/etc/mono/2.0) by extension 'ignore_ament_install'
[0.287s] Level 1:colcon.colcon_core.package_identification:_identify(simulator/AWSIM/AWSIM_Data/MonoBleedingEdge/etc/mono/2.0) by extensions ['colcon_pkg']
[0.287s] Level 1:colcon.colcon_core.package_identification:_identify(simulator/AWSIM/AWSIM_Data/MonoBleedingEdge/etc/mono/2.0) by extension 'colcon_pkg'
[0.287s] Level 1:colcon.colcon_core.package_identification:_identify(simulator/AWSIM/AWSIM_Data/MonoBleedingEdge/etc/mono/2.0) by extensions ['colcon_meta']
[0.287s] Level 1:colcon.colcon_core.package_identification:_identify(simulator/AWSIM/AWSIM_Data/MonoBleedingEdge/etc/mono/2.0) by extension 'colcon_meta'
[0.287s] Level 1:colcon.colcon_core.package_identification:_identify(simulator/AWSIM/AWSIM_Data/MonoBleedingEdge/etc/mono/2.0) by extensions ['ros']
[0.287s] Level 1:colcon.colcon_core.package_identification:_identify(simulator/AWSIM/AWSIM_Data/MonoBleedingEdge/etc/mono/2.0) by extension 'ros'
[0.287s] Level 1:colcon.colcon_core.package_identification:_identify(simulator/AWSIM/AWSIM_Data/MonoBleedingEdge/etc/mono/2.0) by extensions ['cmake', 'python']
[0.287s] Level 1:colcon.colcon_core.package_identification:_identify(simulator/AWSIM/AWSIM_Data/MonoBleedingEdge/etc/mono/2.0) by extension 'cmake'
[0.287s] Level 1:colcon.colcon_core.package_identification:_identify(simulator/AWSIM/AWSIM_Data/MonoBleedingEdge/etc/mono/2.0) by extension 'python'
[0.287s] Level 1:colcon.colcon_core.package_identification:_identify(simulator/AWSIM/AWSIM_Data/MonoBleedingEdge/etc/mono/2.0) by extensions ['python_setup_py']
[0.287s] Level 1:colcon.colcon_core.package_identification:_identify(simulator/AWSIM/AWSIM_Data/MonoBleedingEdge/etc/mono/2.0) by extension 'python_setup_py'
[0.287s] Level 1:colcon.colcon_core.package_identification:_identify(simulator/AWSIM/AWSIM_Data/MonoBleedingEdge/etc/mono/2.0/Browsers) by extensions ['ignore', 'ignore_ament_install']
[0.287s] Level 1:colcon.colcon_core.package_identification:_identify(simulator/AWSIM/AWSIM_Data/MonoBleedingEdge/etc/mono/2.0/Browsers) by extension 'ignore'
[0.287s] Level 1:colcon.colcon_core.package_identification:_identify(simulator/AWSIM/AWSIM_Data/MonoBleedingEdge/etc/mono/2.0/Browsers) by extension 'ignore_ament_install'
[0.287s] Level 1:colcon.colcon_core.package_identification:_identify(simulator/AWSIM/AWSIM_Data/MonoBleedingEdge/etc/mono/2.0/Browsers) by extensions ['colcon_pkg']
[0.287s] Level 1:colcon.colcon_core.package_identification:_identify(simulator/AWSIM/AWSIM_Data/MonoBleedingEdge/etc/mono/2.0/Browsers) by extension 'colcon_pkg'
[0.287s] Level 1:colcon.colcon_core.package_identification:_identify(simulator/AWSIM/AWSIM_Data/MonoBleedingEdge/etc/mono/2.0/Browsers) by extensions ['colcon_meta']
[0.287s] Level 1:colcon.colcon_core.package_identification:_identify(simulator/AWSIM/AWSIM_Data/MonoBleedingEdge/etc/mono/2.0/Browsers) by extension 'colcon_meta'
[0.287s] Level 1:colcon.colcon_core.package_identification:_identify(simulator/AWSIM/AWSIM_Data/MonoBleedingEdge/etc/mono/2.0/Browsers) by extensions ['ros']
[0.287s] Level 1:colcon.colcon_core.package_identification:_identify(simulator/AWSIM/AWSIM_Data/MonoBleedingEdge/etc/mono/2.0/Browsers) by extension 'ros'
[0.287s] Level 1:colcon.colcon_core.package_identification:_identify(simulator/AWSIM/AWSIM_Data/MonoBleedingEdge/etc/mono/2.0/Browsers) by extensions ['cmake', 'python']
[0.287s] Level 1:colcon.colcon_core.package_identification:_identify(simulator/AWSIM/AWSIM_Data/MonoBleedingEdge/etc/mono/2.0/Browsers) by extension 'cmake'
[0.287s] Level 1:colcon.colcon_core.package_identification:_identify(simulator/AWSIM/AWSIM_Data/MonoBleedingEdge/etc/mono/2.0/Browsers) by extension 'python'
[0.287s] Level 1:colcon.colcon_core.package_identification:_identify(simulator/AWSIM/AWSIM_Data/MonoBleedingEdge/etc/mono/2.0/Browsers) by extensions ['python_setup_py']
[0.287s] Level 1:colcon.colcon_core.package_identification:_identify(simulator/AWSIM/AWSIM_Data/MonoBleedingEdge/etc/mono/2.0/Browsers) by extension 'python_setup_py'
[0.287s] Level 1:colcon.colcon_core.package_identification:_identify(simulator/AWSIM/AWSIM_Data/MonoBleedingEdge/etc/mono/4.0) by extensions ['ignore', 'ignore_ament_install']
[0.287s] Level 1:colcon.colcon_core.package_identification:_identify(simulator/AWSIM/AWSIM_Data/MonoBleedingEdge/etc/mono/4.0) by extension 'ignore'
[0.287s] Level 1:colcon.colcon_core.package_identification:_identify(simulator/AWSIM/AWSIM_Data/MonoBleedingEdge/etc/mono/4.0) by extension 'ignore_ament_install'
[0.287s] Level 1:colcon.colcon_core.package_identification:_identify(simulator/AWSIM/AWSIM_Data/MonoBleedingEdge/etc/mono/4.0) by extensions ['colcon_pkg']
[0.287s] Level 1:colcon.colcon_core.package_identification:_identify(simulator/AWSIM/AWSIM_Data/MonoBleedingEdge/etc/mono/4.0) by extension 'colcon_pkg'
[0.287s] Level 1:colcon.colcon_core.package_identification:_identify(simulator/AWSIM/AWSIM_Data/MonoBleedingEdge/etc/mono/4.0) by extensions ['colcon_meta']
[0.287s] Level 1:colcon.colcon_core.package_identification:_identify(simulator/AWSIM/AWSIM_Data/MonoBleedingEdge/etc/mono/4.0) by extension 'colcon_meta'
[0.287s] Level 1:colcon.colcon_core.package_identification:_identify(simulator/AWSIM/AWSIM_Data/MonoBleedingEdge/etc/mono/4.0) by extensions ['ros']
[0.287s] Level 1:colcon.colcon_core.package_identification:_identify(simulator/AWSIM/AWSIM_Data/MonoBleedingEdge/etc/mono/4.0) by extension 'ros'
[0.288s] Level 1:colcon.colcon_core.package_identification:_identify(simulator/AWSIM/AWSIM_Data/MonoBleedingEdge/etc/mono/4.0) by extensions ['cmake', 'python']
[0.288s] Level 1:colcon.colcon_core.package_identification:_identify(simulator/AWSIM/AWSIM_Data/MonoBleedingEdge/etc/mono/4.0) by extension 'cmake'
[0.288s] Level 1:colcon.colcon_core.package_identification:_identify(simulator/AWSIM/AWSIM_Data/MonoBleedingEdge/etc/mono/4.0) by extension 'python'
[0.288s] Level 1:colcon.colcon_core.package_identification:_identify(simulator/AWSIM/AWSIM_Data/MonoBleedingEdge/etc/mono/4.0) by extensions ['python_setup_py']
[0.288s] Level 1:colcon.colcon_core.package_identification:_identify(simulator/AWSIM/AWSIM_Data/MonoBleedingEdge/etc/mono/4.0) by extension 'python_setup_py'
[0.288s] Level 1:colcon.colcon_core.package_identification:_identify(simulator/AWSIM/AWSIM_Data/MonoBleedingEdge/etc/mono/4.0/Browsers) by extensions ['ignore', 'ignore_ament_install']
[0.288s] Level 1:colcon.colcon_core.package_identification:_identify(simulator/AWSIM/AWSIM_Data/MonoBleedingEdge/etc/mono/4.0/Browsers) by extension 'ignore'
[0.288s] Level 1:colcon.colcon_core.package_identification:_identify(simulator/AWSIM/AWSIM_Data/MonoBleedingEdge/etc/mono/4.0/Browsers) by extension 'ignore_ament_install'
[0.288s] Level 1:colcon.colcon_core.package_identification:_identify(simulator/AWSIM/AWSIM_Data/MonoBleedingEdge/etc/mono/4.0/Browsers) by extensions ['colcon_pkg']
[0.288s] Level 1:colcon.colcon_core.package_identification:_identify(simulator/AWSIM/AWSIM_Data/MonoBleedingEdge/etc/mono/4.0/Browsers) by extension 'colcon_pkg'
[0.288s] Level 1:colcon.colcon_core.package_identification:_identify(simulator/AWSIM/AWSIM_Data/MonoBleedingEdge/etc/mono/4.0/Browsers) by extensions ['colcon_meta']
[0.288s] Level 1:colcon.colcon_core.package_identification:_identify(simulator/AWSIM/AWSIM_Data/MonoBleedingEdge/etc/mono/4.0/Browsers) by extension 'colcon_meta'
[0.288s] Level 1:colcon.colcon_core.package_identification:_identify(simulator/AWSIM/AWSIM_Data/MonoBleedingEdge/etc/mono/4.0/Browsers) by extensions ['ros']
[0.288s] Level 1:colcon.colcon_core.package_identification:_identify(simulator/AWSIM/AWSIM_Data/MonoBleedingEdge/etc/mono/4.0/Browsers) by extension 'ros'
[0.288s] Level 1:colcon.colcon_core.package_identification:_identify(simulator/AWSIM/AWSIM_Data/MonoBleedingEdge/etc/mono/4.0/Browsers) by extensions ['cmake', 'python']
[0.288s] Level 1:colcon.colcon_core.package_identification:_identify(simulator/AWSIM/AWSIM_Data/MonoBleedingEdge/etc/mono/4.0/Browsers) by extension 'cmake'
[0.288s] Level 1:colcon.colcon_core.package_identification:_identify(simulator/AWSIM/AWSIM_Data/MonoBleedingEdge/etc/mono/4.0/Browsers) by extension 'python'
[0.288s] Level 1:colcon.colcon_core.package_identification:_identify(simulator/AWSIM/AWSIM_Data/MonoBleedingEdge/etc/mono/4.0/Browsers) by extensions ['python_setup_py']
[0.288s] Level 1:colcon.colcon_core.package_identification:_identify(simulator/AWSIM/AWSIM_Data/MonoBleedingEdge/etc/mono/4.0/Browsers) by extension 'python_setup_py'
[0.288s] Level 1:colcon.colcon_core.package_identification:_identify(simulator/AWSIM/AWSIM_Data/MonoBleedingEdge/etc/mono/4.5) by extensions ['ignore', 'ignore_ament_install']
[0.288s] Level 1:colcon.colcon_core.package_identification:_identify(simulator/AWSIM/AWSIM_Data/MonoBleedingEdge/etc/mono/4.5) by extension 'ignore'
[0.288s] Level 1:colcon.colcon_core.package_identification:_identify(simulator/AWSIM/AWSIM_Data/MonoBleedingEdge/etc/mono/4.5) by extension 'ignore_ament_install'
[0.288s] Level 1:colcon.colcon_core.package_identification:_identify(simulator/AWSIM/AWSIM_Data/MonoBleedingEdge/etc/mono/4.5) by extensions ['colcon_pkg']
[0.288s] Level 1:colcon.colcon_core.package_identification:_identify(simulator/AWSIM/AWSIM_Data/MonoBleedingEdge/etc/mono/4.5) by extension 'colcon_pkg'
[0.288s] Level 1:colcon.colcon_core.package_identification:_identify(simulator/AWSIM/AWSIM_Data/MonoBleedingEdge/etc/mono/4.5) by extensions ['colcon_meta']
[0.288s] Level 1:colcon.colcon_core.package_identification:_identify(simulator/AWSIM/AWSIM_Data/MonoBleedingEdge/etc/mono/4.5) by extension 'colcon_meta'
[0.288s] Level 1:colcon.colcon_core.package_identification:_identify(simulator/AWSIM/AWSIM_Data/MonoBleedingEdge/etc/mono/4.5) by extensions ['ros']
[0.288s] Level 1:colcon.colcon_core.package_identification:_identify(simulator/AWSIM/AWSIM_Data/MonoBleedingEdge/etc/mono/4.5) by extension 'ros'
[0.288s] Level 1:colcon.colcon_core.package_identification:_identify(simulator/AWSIM/AWSIM_Data/MonoBleedingEdge/etc/mono/4.5) by extensions ['cmake', 'python']
[0.288s] Level 1:colcon.colcon_core.package_identification:_identify(simulator/AWSIM/AWSIM_Data/MonoBleedingEdge/etc/mono/4.5) by extension 'cmake'
[0.288s] Level 1:colcon.colcon_core.package_identification:_identify(simulator/AWSIM/AWSIM_Data/MonoBleedingEdge/etc/mono/4.5) by extension 'python'
[0.288s] Level 1:colcon.colcon_core.package_identification:_identify(simulator/AWSIM/AWSIM_Data/MonoBleedingEdge/etc/mono/4.5) by extensions ['python_setup_py']
[0.288s] Level 1:colcon.colcon_core.package_identification:_identify(simulator/AWSIM/AWSIM_Data/MonoBleedingEdge/etc/mono/4.5) by extension 'python_setup_py'
[0.288s] Level 1:colcon.colcon_core.package_identification:_identify(simulator/AWSIM/AWSIM_Data/MonoBleedingEdge/etc/mono/4.5/Browsers) by extensions ['ignore', 'ignore_ament_install']
[0.289s] Level 1:colcon.colcon_core.package_identification:_identify(simulator/AWSIM/AWSIM_Data/MonoBleedingEdge/etc/mono/4.5/Browsers) by extension 'ignore'
[0.289s] Level 1:colcon.colcon_core.package_identification:_identify(simulator/AWSIM/AWSIM_Data/MonoBleedingEdge/etc/mono/4.5/Browsers) by extension 'ignore_ament_install'
[0.289s] Level 1:colcon.colcon_core.package_identification:_identify(simulator/AWSIM/AWSIM_Data/MonoBleedingEdge/etc/mono/4.5/Browsers) by extensions ['colcon_pkg']
[0.289s] Level 1:colcon.colcon_core.package_identification:_identify(simulator/AWSIM/AWSIM_Data/MonoBleedingEdge/etc/mono/4.5/Browsers) by extension 'colcon_pkg'
[0.289s] Level 1:colcon.colcon_core.package_identification:_identify(simulator/AWSIM/AWSIM_Data/MonoBleedingEdge/etc/mono/4.5/Browsers) by extensions ['colcon_meta']
[0.289s] Level 1:colcon.colcon_core.package_identification:_identify(simulator/AWSIM/AWSIM_Data/MonoBleedingEdge/etc/mono/4.5/Browsers) by extension 'colcon_meta'
[0.289s] Level 1:colcon.colcon_core.package_identification:_identify(simulator/AWSIM/AWSIM_Data/MonoBleedingEdge/etc/mono/4.5/Browsers) by extensions ['ros']
[0.289s] Level 1:colcon.colcon_core.package_identification:_identify(simulator/AWSIM/AWSIM_Data/MonoBleedingEdge/etc/mono/4.5/Browsers) by extension 'ros'
[0.289s] Level 1:colcon.colcon_core.package_identification:_identify(simulator/AWSIM/AWSIM_Data/MonoBleedingEdge/etc/mono/4.5/Browsers) by extensions ['cmake', 'python']
[0.289s] Level 1:colcon.colcon_core.package_identification:_identify(simulator/AWSIM/AWSIM_Data/MonoBleedingEdge/etc/mono/4.5/Browsers) by extension 'cmake'
[0.289s] Level 1:colcon.colcon_core.package_identification:_identify(simulator/AWSIM/AWSIM_Data/MonoBleedingEdge/etc/mono/4.5/Browsers) by extension 'python'
[0.289s] Level 1:colcon.colcon_core.package_identification:_identify(simulator/AWSIM/AWSIM_Data/MonoBleedingEdge/etc/mono/4.5/Browsers) by extensions ['python_setup_py']
[0.289s] Level 1:colcon.colcon_core.package_identification:_identify(simulator/AWSIM/AWSIM_Data/MonoBleedingEdge/etc/mono/4.5/Browsers) by extension 'python_setup_py'
[0.289s] Level 1:colcon.colcon_core.package_identification:_identify(simulator/AWSIM/AWSIM_Data/MonoBleedingEdge/etc/mono/mconfig) by extensions ['ignore', 'ignore_ament_install']
[0.289s] Level 1:colcon.colcon_core.package_identification:_identify(simulator/AWSIM/AWSIM_Data/MonoBleedingEdge/etc/mono/mconfig) by extension 'ignore'
[0.289s] Level 1:colcon.colcon_core.package_identification:_identify(simulator/AWSIM/AWSIM_Data/MonoBleedingEdge/etc/mono/mconfig) by extension 'ignore_ament_install'
[0.289s] Level 1:colcon.colcon_core.package_identification:_identify(simulator/AWSIM/AWSIM_Data/MonoBleedingEdge/etc/mono/mconfig) by extensions ['colcon_pkg']
[0.289s] Level 1:colcon.colcon_core.package_identification:_identify(simulator/AWSIM/AWSIM_Data/MonoBleedingEdge/etc/mono/mconfig) by extension 'colcon_pkg'
[0.289s] Level 1:colcon.colcon_core.package_identification:_identify(simulator/AWSIM/AWSIM_Data/MonoBleedingEdge/etc/mono/mconfig) by extensions ['colcon_meta']
[0.289s] Level 1:colcon.colcon_core.package_identification:_identify(simulator/AWSIM/AWSIM_Data/MonoBleedingEdge/etc/mono/mconfig) by extension 'colcon_meta'
[0.289s] Level 1:colcon.colcon_core.package_identification:_identify(simulator/AWSIM/AWSIM_Data/MonoBleedingEdge/etc/mono/mconfig) by extensions ['ros']
[0.289s] Level 1:colcon.colcon_core.package_identification:_identify(simulator/AWSIM/AWSIM_Data/MonoBleedingEdge/etc/mono/mconfig) by extension 'ros'
[0.289s] Level 1:colcon.colcon_core.package_identification:_identify(simulator/AWSIM/AWSIM_Data/MonoBleedingEdge/etc/mono/mconfig) by extensions ['cmake', 'python']
[0.289s] Level 1:colcon.colcon_core.package_identification:_identify(simulator/AWSIM/AWSIM_Data/MonoBleedingEdge/etc/mono/mconfig) by extension 'cmake'
[0.289s] Level 1:colcon.colcon_core.package_identification:_identify(simulator/AWSIM/AWSIM_Data/MonoBleedingEdge/etc/mono/mconfig) by extension 'python'
[0.289s] Level 1:colcon.colcon_core.package_identification:_identify(simulator/AWSIM/AWSIM_Data/MonoBleedingEdge/etc/mono/mconfig) by extensions ['python_setup_py']
[0.289s] Level 1:colcon.colcon_core.package_identification:_identify(simulator/AWSIM/AWSIM_Data/MonoBleedingEdge/etc/mono/mconfig) by extension 'python_setup_py'
[0.289s] Level 1:colcon.colcon_core.package_identification:_identify(simulator/AWSIM/AWSIM_Data/MonoBleedingEdge/x86_64) by extensions ['ignore', 'ignore_ament_install']
[0.289s] Level 1:colcon.colcon_core.package_identification:_identify(simulator/AWSIM/AWSIM_Data/MonoBleedingEdge/x86_64) by extension 'ignore'
[0.289s] Level 1:colcon.colcon_core.package_identification:_identify(simulator/AWSIM/AWSIM_Data/MonoBleedingEdge/x86_64) by extension 'ignore_ament_install'
[0.289s] Level 1:colcon.colcon_core.package_identification:_identify(simulator/AWSIM/AWSIM_Data/MonoBleedingEdge/x86_64) by extensions ['colcon_pkg']
[0.289s] Level 1:colcon.colcon_core.package_identification:_identify(simulator/AWSIM/AWSIM_Data/MonoBleedingEdge/x86_64) by extension 'colcon_pkg'
[0.289s] Level 1:colcon.colcon_core.package_identification:_identify(simulator/AWSIM/AWSIM_Data/MonoBleedingEdge/x86_64) by extensions ['colcon_meta']
[0.289s] Level 1:colcon.colcon_core.package_identification:_identify(simulator/AWSIM/AWSIM_Data/MonoBleedingEdge/x86_64) by extension 'colcon_meta'
[0.289s] Level 1:colcon.colcon_core.package_identification:_identify(simulator/AWSIM/AWSIM_Data/MonoBleedingEdge/x86_64) by extensions ['ros']
[0.289s] Level 1:colcon.colcon_core.package_identification:_identify(simulator/AWSIM/AWSIM_Data/MonoBleedingEdge/x86_64) by extension 'ros'
[0.289s] Level 1:colcon.colcon_core.package_identification:_identify(simulator/AWSIM/AWSIM_Data/MonoBleedingEdge/x86_64) by extensions ['cmake', 'python']
[0.289s] Level 1:colcon.colcon_core.package_identification:_identify(simulator/AWSIM/AWSIM_Data/MonoBleedingEdge/x86_64) by extension 'cmake'
[0.289s] Level 1:colcon.colcon_core.package_identification:_identify(simulator/AWSIM/AWSIM_Data/MonoBleedingEdge/x86_64) by extension 'python'
[0.289s] Level 1:colcon.colcon_core.package_identification:_identify(simulator/AWSIM/AWSIM_Data/MonoBleedingEdge/x86_64) by extensions ['python_setup_py']
[0.290s] Level 1:colcon.colcon_core.package_identification:_identify(simulator/AWSIM/AWSIM_Data/MonoBleedingEdge/x86_64) by extension 'python_setup_py'
[0.290s] Level 1:colcon.colcon_core.package_identification:_identify(simulator/AWSIM/AWSIM_Data/Plugins) by extensions ['ignore', 'ignore_ament_install']
[0.290s] Level 1:colcon.colcon_core.package_identification:_identify(simulator/AWSIM/AWSIM_Data/Plugins) by extension 'ignore'
[0.290s] Level 1:colcon.colcon_core.package_identification:_identify(simulator/AWSIM/AWSIM_Data/Plugins) by extension 'ignore_ament_install'
[0.290s] Level 1:colcon.colcon_core.package_identification:_identify(simulator/AWSIM/AWSIM_Data/Plugins) by extensions ['colcon_pkg']
[0.290s] Level 1:colcon.colcon_core.package_identification:_identify(simulator/AWSIM/AWSIM_Data/Plugins) by extension 'colcon_pkg'
[0.290s] Level 1:colcon.colcon_core.package_identification:_identify(simulator/AWSIM/AWSIM_Data/Plugins) by extensions ['colcon_meta']
[0.290s] Level 1:colcon.colcon_core.package_identification:_identify(simulator/AWSIM/AWSIM_Data/Plugins) by extension 'colcon_meta'
[0.290s] Level 1:colcon.colcon_core.package_identification:_identify(simulator/AWSIM/AWSIM_Data/Plugins) by extensions ['ros']
[0.290s] Level 1:colcon.colcon_core.package_identification:_identify(simulator/AWSIM/AWSIM_Data/Plugins) by extension 'ros'
[0.290s] Level 1:colcon.colcon_core.package_identification:_identify(simulator/AWSIM/AWSIM_Data/Plugins) by extensions ['cmake', 'python']
[0.290s] Level 1:colcon.colcon_core.package_identification:_identify(simulator/AWSIM/AWSIM_Data/Plugins) by extension 'cmake'
[0.290s] Level 1:colcon.colcon_core.package_identification:_identify(simulator/AWSIM/AWSIM_Data/Plugins) by extension 'python'
[0.290s] Level 1:colcon.colcon_core.package_identification:_identify(simulator/AWSIM/AWSIM_Data/Plugins) by extensions ['python_setup_py']
[0.290s] Level 1:colcon.colcon_core.package_identification:_identify(simulator/AWSIM/AWSIM_Data/Plugins) by extension 'python_setup_py'
[0.290s] Level 1:colcon.colcon_core.package_identification:_identify(simulator/AWSIM/AWSIM_Data/Resources) by extensions ['ignore', 'ignore_ament_install']
[0.291s] Level 1:colcon.colcon_core.package_identification:_identify(simulator/AWSIM/AWSIM_Data/Resources) by extension 'ignore'
[0.291s] Level 1:colcon.colcon_core.package_identification:_identify(simulator/AWSIM/AWSIM_Data/Resources) by extension 'ignore_ament_install'
[0.291s] Level 1:colcon.colcon_core.package_identification:_identify(simulator/AWSIM/AWSIM_Data/Resources) by extensions ['colcon_pkg']
[0.291s] Level 1:colcon.colcon_core.package_identification:_identify(simulator/AWSIM/AWSIM_Data/Resources) by extension 'colcon_pkg'
[0.291s] Level 1:colcon.colcon_core.package_identification:_identify(simulator/AWSIM/AWSIM_Data/Resources) by extensions ['colcon_meta']
[0.291s] Level 1:colcon.colcon_core.package_identification:_identify(simulator/AWSIM/AWSIM_Data/Resources) by extension 'colcon_meta'
[0.291s] Level 1:colcon.colcon_core.package_identification:_identify(simulator/AWSIM/AWSIM_Data/Resources) by extensions ['ros']
[0.291s] Level 1:colcon.colcon_core.package_identification:_identify(simulator/AWSIM/AWSIM_Data/Resources) by extension 'ros'
[0.291s] Level 1:colcon.colcon_core.package_identification:_identify(simulator/AWSIM/AWSIM_Data/Resources) by extensions ['cmake', 'python']
[0.291s] Level 1:colcon.colcon_core.package_identification:_identify(simulator/AWSIM/AWSIM_Data/Resources) by extension 'cmake'
[0.291s] Level 1:colcon.colcon_core.package_identification:_identify(simulator/AWSIM/AWSIM_Data/Resources) by extension 'python'
[0.291s] Level 1:colcon.colcon_core.package_identification:_identify(simulator/AWSIM/AWSIM_Data/Resources) by extensions ['python_setup_py']
[0.291s] Level 1:colcon.colcon_core.package_identification:_identify(simulator/AWSIM/AWSIM_Data/Resources) by extension 'python_setup_py'
[0.291s] Level 1:colcon.colcon_core.package_identification:_identify(workspace) by extensions ['ignore', 'ignore_ament_install']
[0.291s] Level 1:colcon.colcon_core.package_identification:_identify(workspace) by extension 'ignore'
[0.291s] Level 1:colcon.colcon_core.package_identification:_identify(workspace) by extension 'ignore_ament_install'
[0.291s] Level 1:colcon.colcon_core.package_identification:_identify(workspace) by extensions ['colcon_pkg']
[0.291s] Level 1:colcon.colcon_core.package_identification:_identify(workspace) by extension 'colcon_pkg'
[0.291s] Level 1:colcon.colcon_core.package_identification:_identify(workspace) by extensions ['colcon_meta']
[0.291s] Level 1:colcon.colcon_core.package_identification:_identify(workspace) by extension 'colcon_meta'
[0.291s] Level 1:colcon.colcon_core.package_identification:_identify(workspace) by extensions ['ros']
[0.291s] Level 1:colcon.colcon_core.package_identification:_identify(workspace) by extension 'ros'
[0.291s] Level 1:colcon.colcon_core.package_identification:_identify(workspace) by extensions ['cmake', 'python']
[0.291s] Level 1:colcon.colcon_core.package_identification:_identify(workspace) by extension 'cmake'
[0.291s] Level 1:colcon.colcon_core.package_identification:_identify(workspace) by extension 'python'
[0.291s] Level 1:colcon.colcon_core.package_identification:_identify(workspace) by extensions ['python_setup_py']
[0.291s] Level 1:colcon.colcon_core.package_identification:_identify(workspace) by extension 'python_setup_py'
[0.291s] Level 1:colcon.colcon_core.package_identification:_identify(workspace/build) by extensions ['ignore', 'ignore_ament_install']
[0.291s] Level 1:colcon.colcon_core.package_identification:_identify(workspace/build) by extension 'ignore'
[0.291s] Level 1:colcon.colcon_core.package_identification:_identify(workspace/build) ignored
[0.291s] Level 1:colcon.colcon_core.package_identification:_identify(workspace/install) by extensions ['ignore', 'ignore_ament_install']
[0.291s] Level 1:colcon.colcon_core.package_identification:_identify(workspace/install) by extension 'ignore'
[0.291s] Level 1:colcon.colcon_core.package_identification:_identify(workspace/install) ignored
[0.292s] Level 1:colcon.colcon_core.package_identification:_identify(workspace/log) by extensions ['ignore', 'ignore_ament_install']
[0.292s] Level 1:colcon.colcon_core.package_identification:_identify(workspace/log) by extension 'ignore'
[0.292s] Level 1:colcon.colcon_core.package_identification:_identify(workspace/log) ignored
[0.292s] Level 1:colcon.colcon_core.package_identification:_identify(workspace/src) by extensions ['ignore', 'ignore_ament_install']
[0.292s] Level 1:colcon.colcon_core.package_identification:_identify(workspace/src) by extension 'ignore'
[0.292s] Level 1:colcon.colcon_core.package_identification:_identify(workspace/src) by extension 'ignore_ament_install'
[0.292s] Level 1:colcon.colcon_core.package_identification:_identify(workspace/src) by extensions ['colcon_pkg']
[0.292s] Level 1:colcon.colcon_core.package_identification:_identify(workspace/src) by extension 'colcon_pkg'
[0.292s] Level 1:colcon.colcon_core.package_identification:_identify(workspace/src) by extensions ['colcon_meta']
[0.292s] Level 1:colcon.colcon_core.package_identification:_identify(workspace/src) by extension 'colcon_meta'
[0.292s] Level 1:colcon.colcon_core.package_identification:_identify(workspace/src) by extensions ['ros']
[0.292s] Level 1:colcon.colcon_core.package_identification:_identify(workspace/src) by extension 'ros'
[0.292s] Level 1:colcon.colcon_core.package_identification:_identify(workspace/src) by extensions ['cmake', 'python']
[0.292s] Level 1:colcon.colcon_core.package_identification:_identify(workspace/src) by extension 'cmake'
[0.292s] Level 1:colcon.colcon_core.package_identification:_identify(workspace/src) by extension 'python'
[0.292s] Level 1:colcon.colcon_core.package_identification:_identify(workspace/src) by extensions ['python_setup_py']
[0.292s] Level 1:colcon.colcon_core.package_identification:_identify(workspace/src) by extension 'python_setup_py'
[0.292s] Level 1:colcon.colcon_core.package_identification:_identify(workspace/src/aichallenge_submit) by extensions ['ignore', 'ignore_ament_install']
[0.292s] Level 1:colcon.colcon_core.package_identification:_identify(workspace/src/aichallenge_submit) by extension 'ignore'
[0.292s] Level 1:colcon.colcon_core.package_identification:_identify(workspace/src/aichallenge_submit) by extension 'ignore_ament_install'
[0.292s] Level 1:colcon.colcon_core.package_identification:_identify(workspace/src/aichallenge_submit) by extensions ['colcon_pkg']
[0.292s] Level 1:colcon.colcon_core.package_identification:_identify(workspace/src/aichallenge_submit) by extension 'colcon_pkg'
[0.292s] Level 1:colcon.colcon_core.package_identification:_identify(workspace/src/aichallenge_submit) by extensions ['colcon_meta']
[0.292s] Level 1:colcon.colcon_core.package_identification:_identify(workspace/src/aichallenge_submit) by extension 'colcon_meta'
[0.292s] Level 1:colcon.colcon_core.package_identification:_identify(workspace/src/aichallenge_submit) by extensions ['ros']
[0.292s] Level 1:colcon.colcon_core.package_identification:_identify(workspace/src/aichallenge_submit) by extension 'ros'
[0.292s] Level 1:colcon.colcon_core.package_identification:_identify(workspace/src/aichallenge_submit) by extensions ['cmake', 'python']
[0.292s] Level 1:colcon.colcon_core.package_identification:_identify(workspace/src/aichallenge_submit) by extension 'cmake'
[0.292s] Level 1:colcon.colcon_core.package_identification:_identify(workspace/src/aichallenge_submit) by extension 'python'
[0.292s] Level 1:colcon.colcon_core.package_identification:_identify(workspace/src/aichallenge_submit) by extensions ['python_setup_py']
[0.292s] Level 1:colcon.colcon_core.package_identification:_identify(workspace/src/aichallenge_submit) by extension 'python_setup_py'
[0.292s] Level 1:colcon.colcon_core.package_identification:_identify(workspace/src/aichallenge_submit/aichallenge_submit_launch) by extensions ['ignore', 'ignore_ament_install']
[0.292s] Level 1:colcon.colcon_core.package_identification:_identify(workspace/src/aichallenge_submit/aichallenge_submit_launch) by extension 'ignore'
[0.292s] Level 1:colcon.colcon_core.package_identification:_identify(workspace/src/aichallenge_submit/aichallenge_submit_launch) by extension 'ignore_ament_install'
[0.292s] Level 1:colcon.colcon_core.package_identification:_identify(workspace/src/aichallenge_submit/aichallenge_submit_launch) by extensions ['colcon_pkg']
[0.292s] Level 1:colcon.colcon_core.package_identification:_identify(workspace/src/aichallenge_submit/aichallenge_submit_launch) by extension 'colcon_pkg'
[0.293s] Level 1:colcon.colcon_core.package_identification:_identify(workspace/src/aichallenge_submit/aichallenge_submit_launch) by extensions ['colcon_meta']
[0.293s] Level 1:colcon.colcon_core.package_identification:_identify(workspace/src/aichallenge_submit/aichallenge_submit_launch) by extension 'colcon_meta'
[0.293s] Level 1:colcon.colcon_core.package_identification:_identify(workspace/src/aichallenge_submit/aichallenge_submit_launch) by extensions ['ros']
[0.293s] Level 1:colcon.colcon_core.package_identification:_identify(workspace/src/aichallenge_submit/aichallenge_submit_launch) by extension 'ros'
[0.294s] DEBUG:colcon.colcon_core.package_identification:Package 'workspace/src/aichallenge_submit/aichallenge_submit_launch' with type 'ros.ament_cmake' and name 'aichallenge_submit_launch'
[0.294s] Level 1:colcon.colcon_core.package_identification:_identify(workspace/src/aichallenge_submit/goal_pose_setter) by extensions ['ignore', 'ignore_ament_install']
[0.294s] Level 1:colcon.colcon_core.package_identification:_identify(workspace/src/aichallenge_submit/goal_pose_setter) by extension 'ignore'
[0.294s] Level 1:colcon.colcon_core.package_identification:_identify(workspace/src/aichallenge_submit/goal_pose_setter) by extension 'ignore_ament_install'
[0.294s] Level 1:colcon.colcon_core.package_identification:_identify(workspace/src/aichallenge_submit/goal_pose_setter) by extensions ['colcon_pkg']
[0.294s] Level 1:colcon.colcon_core.package_identification:_identify(workspace/src/aichallenge_submit/goal_pose_setter) by extension 'colcon_pkg'
[0.294s] Level 1:colcon.colcon_core.package_identification:_identify(workspace/src/aichallenge_submit/goal_pose_setter) by extensions ['colcon_meta']
[0.294s] Level 1:colcon.colcon_core.package_identification:_identify(workspace/src/aichallenge_submit/goal_pose_setter) by extension 'colcon_meta'
[0.295s] Level 1:colcon.colcon_core.package_identification:_identify(workspace/src/aichallenge_submit/goal_pose_setter) by extensions ['ros']
[0.295s] Level 1:colcon.colcon_core.package_identification:_identify(workspace/src/aichallenge_submit/goal_pose_setter) by extension 'ros'
[0.295s] DEBUG:colcon.colcon_core.package_identification:Package 'workspace/src/aichallenge_submit/goal_pose_setter' with type 'ros.ament_cmake' and name 'goal_pose_setter'
[0.295s] Level 1:colcon.colcon_core.package_identification:_identify(workspace/src/aichallenge_submit/gyro_odometer) by extensions ['ignore', 'ignore_ament_install']
[0.295s] Level 1:colcon.colcon_core.package_identification:_identify(workspace/src/aichallenge_submit/gyro_odometer) by extension 'ignore'
[0.295s] Level 1:colcon.colcon_core.package_identification:_identify(workspace/src/aichallenge_submit/gyro_odometer) by extension 'ignore_ament_install'
[0.295s] Level 1:colcon.colcon_core.package_identification:_identify(workspace/src/aichallenge_submit/gyro_odometer) by extensions ['colcon_pkg']
[0.295s] Level 1:colcon.colcon_core.package_identification:_identify(workspace/src/aichallenge_submit/gyro_odometer) by extension 'colcon_pkg'
[0.295s] Level 1:colcon.colcon_core.package_identification:_identify(workspace/src/aichallenge_submit/gyro_odometer) by extensions ['colcon_meta']
[0.295s] Level 1:colcon.colcon_core.package_identification:_identify(workspace/src/aichallenge_submit/gyro_odometer) by extension 'colcon_meta'
[0.295s] Level 1:colcon.colcon_core.package_identification:_identify(workspace/src/aichallenge_submit/gyro_odometer) by extensions ['ros']
[0.295s] Level 1:colcon.colcon_core.package_identification:_identify(workspace/src/aichallenge_submit/gyro_odometer) by extension 'ros'
[0.296s] DEBUG:colcon.colcon_core.package_identification:Package 'workspace/src/aichallenge_submit/gyro_odometer' with type 'ros.ament_cmake' and name 'gyro_odometer'
[0.296s] Level 1:colcon.colcon_core.package_identification:_identify(workspace/src/aichallenge_submit/imu_corrector) by extensions ['ignore', 'ignore_ament_install']
[0.296s] Level 1:colcon.colcon_core.package_identification:_identify(workspace/src/aichallenge_submit/imu_corrector) by extension 'ignore'
[0.296s] Level 1:colcon.colcon_core.package_identification:_identify(workspace/src/aichallenge_submit/imu_corrector) by extension 'ignore_ament_install'
[0.296s] Level 1:colcon.colcon_core.package_identification:_identify(workspace/src/aichallenge_submit/imu_corrector) by extensions ['colcon_pkg']
[0.296s] Level 1:colcon.colcon_core.package_identification:_identify(workspace/src/aichallenge_submit/imu_corrector) by extension 'colcon_pkg'
[0.296s] Level 1:colcon.colcon_core.package_identification:_identify(workspace/src/aichallenge_submit/imu_corrector) by extensions ['colcon_meta']
[0.296s] Level 1:colcon.colcon_core.package_identification:_identify(workspace/src/aichallenge_submit/imu_corrector) by extension 'colcon_meta'
[0.296s] Level 1:colcon.colcon_core.package_identification:_identify(workspace/src/aichallenge_submit/imu_corrector) by extensions ['ros']
[0.296s] Level 1:colcon.colcon_core.package_identification:_identify(workspace/src/aichallenge_submit/imu_corrector) by extension 'ros'
[0.297s] DEBUG:colcon.colcon_core.package_identification:Package 'workspace/src/aichallenge_submit/imu_corrector' with type 'ros.ament_cmake' and name 'imu_corrector'
[0.297s] Level 1:colcon.colcon_core.package_identification:_identify(workspace/src/aichallenge_submit/imu_gnss_poser) by extensions ['ignore', 'ignore_ament_install']
[0.297s] Level 1:colcon.colcon_core.package_identification:_identify(workspace/src/aichallenge_submit/imu_gnss_poser) by extension 'ignore'
[0.297s] Level 1:colcon.colcon_core.package_identification:_identify(workspace/src/aichallenge_submit/imu_gnss_poser) by extension 'ignore_ament_install'
[0.297s] Level 1:colcon.colcon_core.package_identification:_identify(workspace/src/aichallenge_submit/imu_gnss_poser) by extensions ['colcon_pkg']
[0.297s] Level 1:colcon.colcon_core.package_identification:_identify(workspace/src/aichallenge_submit/imu_gnss_poser) by extension 'colcon_pkg'
[0.297s] Level 1:colcon.colcon_core.package_identification:_identify(workspace/src/aichallenge_submit/imu_gnss_poser) by extensions ['colcon_meta']
[0.297s] Level 1:colcon.colcon_core.package_identification:_identify(workspace/src/aichallenge_submit/imu_gnss_poser) by extension 'colcon_meta'
[0.297s] Level 1:colcon.colcon_core.package_identification:_identify(workspace/src/aichallenge_submit/imu_gnss_poser) by extensions ['ros']
[0.297s] Level 1:colcon.colcon_core.package_identification:_identify(workspace/src/aichallenge_submit/imu_gnss_poser) by extension 'ros'
[0.298s] DEBUG:colcon.colcon_core.package_identification:Package 'workspace/src/aichallenge_submit/imu_gnss_poser' with type 'ros.ament_cmake' and name 'imu_gnss_poser'
[0.298s] Level 1:colcon.colcon_core.package_identification:_identify(workspace/src/aichallenge_submit/my_control_node) by extensions ['ignore', 'ignore_ament_install']
[0.298s] Level 1:colcon.colcon_core.package_identification:_identify(workspace/src/aichallenge_submit/my_control_node) by extension 'ignore'
[0.298s] Level 1:colcon.colcon_core.package_identification:_identify(workspace/src/aichallenge_submit/my_control_node) by extension 'ignore_ament_install'
[0.298s] Level 1:colcon.colcon_core.package_identification:_identify(workspace/src/aichallenge_submit/my_control_node) by extensions ['colcon_pkg']
[0.298s] Level 1:colcon.colcon_core.package_identification:_identify(workspace/src/aichallenge_submit/my_control_node) by extension 'colcon_pkg'
[0.298s] Level 1:colcon.colcon_core.package_identification:_identify(workspace/src/aichallenge_submit/my_control_node) by extensions ['colcon_meta']
[0.298s] Level 1:colcon.colcon_core.package_identification:_identify(workspace/src/aichallenge_submit/my_control_node) by extension 'colcon_meta'
[0.298s] Level 1:colcon.colcon_core.package_identification:_identify(workspace/src/aichallenge_submit/my_control_node) by extensions ['ros']
[0.298s] Level 1:colcon.colcon_core.package_identification:_identify(workspace/src/aichallenge_submit/my_control_node) by extension 'ros'
[0.298s] DEBUG:colcon.colcon_core.package_identification:Package 'workspace/src/aichallenge_submit/my_control_node' with type 'ros.ament_python' and name 'my_control_node'
[0.298s] Level 1:colcon.colcon_core.package_identification:_identify(workspace/src/aichallenge_submit/path_to_trajectory) by extensions ['ignore', 'ignore_ament_install']
[0.298s] Level 1:colcon.colcon_core.package_identification:_identify(workspace/src/aichallenge_submit/path_to_trajectory) by extension 'ignore'
[0.298s] Level 1:colcon.colcon_core.package_identification:_identify(workspace/src/aichallenge_submit/path_to_trajectory) by extension 'ignore_ament_install'
[0.298s] Level 1:colcon.colcon_core.package_identification:_identify(workspace/src/aichallenge_submit/path_to_trajectory) by extensions ['colcon_pkg']
[0.298s] Level 1:colcon.colcon_core.package_identification:_identify(workspace/src/aichallenge_submit/path_to_trajectory) by extension 'colcon_pkg'
[0.299s] Level 1:colcon.colcon_core.package_identification:_identify(workspace/src/aichallenge_submit/path_to_trajectory) by extensions ['colcon_meta']
[0.299s] Level 1:colcon.colcon_core.package_identification:_identify(workspace/src/aichallenge_submit/path_to_trajectory) by extension 'colcon_meta'
[0.299s] Level 1:colcon.colcon_core.package_identification:_identify(workspace/src/aichallenge_submit/path_to_trajectory) by extensions ['ros']
[0.299s] Level 1:colcon.colcon_core.package_identification:_identify(workspace/src/aichallenge_submit/path_to_trajectory) by extension 'ros'
[0.299s] DEBUG:colcon.colcon_core.package_identification:Package 'workspace/src/aichallenge_submit/path_to_trajectory' with type 'ros.ament_cmake' and name 'path_to_trajectory'
[0.299s] Level 1:colcon.colcon_core.package_identification:_identify(workspace/src/aichallenge_submit/racing_kart_description) by extensions ['ignore', 'ignore_ament_install']
[0.299s] Level 1:colcon.colcon_core.package_identification:_identify(workspace/src/aichallenge_submit/racing_kart_description) by extension 'ignore'
[0.299s] Level 1:colcon.colcon_core.package_identification:_identify(workspace/src/aichallenge_submit/racing_kart_description) by extension 'ignore_ament_install'
[0.299s] Level 1:colcon.colcon_core.package_identification:_identify(workspace/src/aichallenge_submit/racing_kart_description) by extensions ['colcon_pkg']
[0.299s] Level 1:colcon.colcon_core.package_identification:_identify(workspace/src/aichallenge_submit/racing_kart_description) by extension 'colcon_pkg'
[0.299s] Level 1:colcon.colcon_core.package_identification:_identify(workspace/src/aichallenge_submit/racing_kart_description) by extensions ['colcon_meta']
[0.299s] Level 1:colcon.colcon_core.package_identification:_identify(workspace/src/aichallenge_submit/racing_kart_description) by extension 'colcon_meta'
[0.299s] Level 1:colcon.colcon_core.package_identification:_identify(workspace/src/aichallenge_submit/racing_kart_description) by extensions ['ros']
[0.299s] Level 1:colcon.colcon_core.package_identification:_identify(workspace/src/aichallenge_submit/racing_kart_description) by extension 'ros'
[0.300s] DEBUG:colcon.colcon_core.package_identification:Package 'workspace/src/aichallenge_submit/racing_kart_description' with type 'ros.ament_cmake' and name 'racing_kart_description'
[0.300s] Level 1:colcon.colcon_core.package_identification:_identify(workspace/src/aichallenge_submit/racing_kart_sensor_kit_description) by extensions ['ignore', 'ignore_ament_install']
[0.300s] Level 1:colcon.colcon_core.package_identification:_identify(workspace/src/aichallenge_submit/racing_kart_sensor_kit_description) by extension 'ignore'
[0.300s] Level 1:colcon.colcon_core.package_identification:_identify(workspace/src/aichallenge_submit/racing_kart_sensor_kit_description) by extension 'ignore_ament_install'
[0.300s] Level 1:colcon.colcon_core.package_identification:_identify(workspace/src/aichallenge_submit/racing_kart_sensor_kit_description) by extensions ['colcon_pkg']
[0.300s] Level 1:colcon.colcon_core.package_identification:_identify(workspace/src/aichallenge_submit/racing_kart_sensor_kit_description) by extension 'colcon_pkg'
[0.300s] Level 1:colcon.colcon_core.package_identification:_identify(workspace/src/aichallenge_submit/racing_kart_sensor_kit_description) by extensions ['colcon_meta']
[0.300s] Level 1:colcon.colcon_core.package_identification:_identify(workspace/src/aichallenge_submit/racing_kart_sensor_kit_description) by extension 'colcon_meta'
[0.300s] Level 1:colcon.colcon_core.package_identification:_identify(workspace/src/aichallenge_submit/racing_kart_sensor_kit_description) by extensions ['ros']
[0.300s] Level 1:colcon.colcon_core.package_identification:_identify(workspace/src/aichallenge_submit/racing_kart_sensor_kit_description) by extension 'ros'
[0.300s] DEBUG:colcon.colcon_core.package_identification:Package 'workspace/src/aichallenge_submit/racing_kart_sensor_kit_description' with type 'ros.ament_cmake' and name 'racing_kart_sensor_kit_description'
[0.300s] Level 1:colcon.colcon_core.package_identification:_identify(workspace/src/aichallenge_submit/simple_pure_pursuit) by extensions ['ignore', 'ignore_ament_install']
[0.300s] Level 1:colcon.colcon_core.package_identification:_identify(workspace/src/aichallenge_submit/simple_pure_pursuit) by extension 'ignore'
[0.300s] Level 1:colcon.colcon_core.package_identification:_identify(workspace/src/aichallenge_submit/simple_pure_pursuit) by extension 'ignore_ament_install'
[0.300s] Level 1:colcon.colcon_core.package_identification:_identify(workspace/src/aichallenge_submit/simple_pure_pursuit) by extensions ['colcon_pkg']
[0.300s] Level 1:colcon.colcon_core.package_identification:_identify(workspace/src/aichallenge_submit/simple_pure_pursuit) by extension 'colcon_pkg'
[0.300s] Level 1:colcon.colcon_core.package_identification:_identify(workspace/src/aichallenge_submit/simple_pure_pursuit) by extensions ['colcon_meta']
[0.300s] Level 1:colcon.colcon_core.package_identification:_identify(workspace/src/aichallenge_submit/simple_pure_pursuit) by extension 'colcon_meta'
[0.300s] Level 1:colcon.colcon_core.package_identification:_identify(workspace/src/aichallenge_submit/simple_pure_pursuit) by extensions ['ros']
[0.300s] Level 1:colcon.colcon_core.package_identification:_identify(workspace/src/aichallenge_submit/simple_pure_pursuit) by extension 'ros'
[0.301s] DEBUG:colcon.colcon_core.package_identification:Package 'workspace/src/aichallenge_submit/simple_pure_pursuit' with type 'ros.ament_cmake' and name 'simple_pure_pursuit'
[0.301s] Level 1:colcon.colcon_core.package_identification:_identify(workspace/src/aichallenge_system) by extensions ['ignore', 'ignore_ament_install']
[0.301s] Level 1:colcon.colcon_core.package_identification:_identify(workspace/src/aichallenge_system) by extension 'ignore'
[0.301s] Level 1:colcon.colcon_core.package_identification:_identify(workspace/src/aichallenge_system) by extension 'ignore_ament_install'
[0.301s] Level 1:colcon.colcon_core.package_identification:_identify(workspace/src/aichallenge_system) by extensions ['colcon_pkg']
[0.301s] Level 1:colcon.colcon_core.package_identification:_identify(workspace/src/aichallenge_system) by extension 'colcon_pkg'
[0.301s] Level 1:colcon.colcon_core.package_identification:_identify(workspace/src/aichallenge_system) by extensions ['colcon_meta']
[0.301s] Level 1:colcon.colcon_core.package_identification:_identify(workspace/src/aichallenge_system) by extension 'colcon_meta'
[0.301s] Level 1:colcon.colcon_core.package_identification:_identify(workspace/src/aichallenge_system) by extensions ['ros']
[0.301s] Level 1:colcon.colcon_core.package_identification:_identify(workspace/src/aichallenge_system) by extension 'ros'
[0.301s] Level 1:colcon.colcon_core.package_identification:_identify(workspace/src/aichallenge_system) by extensions ['cmake', 'python']
[0.301s] Level 1:colcon.colcon_core.package_identification:_identify(workspace/src/aichallenge_system) by extension 'cmake'
[0.301s] Level 1:colcon.colcon_core.package_identification:_identify(workspace/src/aichallenge_system) by extension 'python'
[0.301s] Level 1:colcon.colcon_core.package_identification:_identify(workspace/src/aichallenge_system) by extensions ['python_setup_py']
[0.301s] Level 1:colcon.colcon_core.package_identification:_identify(workspace/src/aichallenge_system) by extension 'python_setup_py'
[0.301s] Level 1:colcon.colcon_core.package_identification:_identify(workspace/src/aichallenge_system/aichallenge_awsim_adapter) by extensions ['ignore', 'ignore_ament_install']
[0.301s] Level 1:colcon.colcon_core.package_identification:_identify(workspace/src/aichallenge_system/aichallenge_awsim_adapter) by extension 'ignore'
[0.301s] Level 1:colcon.colcon_core.package_identification:_identify(workspace/src/aichallenge_system/aichallenge_awsim_adapter) by extension 'ignore_ament_install'
[0.301s] Level 1:colcon.colcon_core.package_identification:_identify(workspace/src/aichallenge_system/aichallenge_awsim_adapter) by extensions ['colcon_pkg']
[0.301s] Level 1:colcon.colcon_core.package_identification:_identify(workspace/src/aichallenge_system/aichallenge_awsim_adapter) by extension 'colcon_pkg'
[0.301s] Level 1:colcon.colcon_core.package_identification:_identify(workspace/src/aichallenge_system/aichallenge_awsim_adapter) by extensions ['colcon_meta']
[0.302s] Level 1:colcon.colcon_core.package_identification:_identify(workspace/src/aichallenge_system/aichallenge_awsim_adapter) by extension 'colcon_meta'
[0.302s] Level 1:colcon.colcon_core.package_identification:_identify(workspace/src/aichallenge_system/aichallenge_awsim_adapter) by extensions ['ros']
[0.302s] Level 1:colcon.colcon_core.package_identification:_identify(workspace/src/aichallenge_system/aichallenge_awsim_adapter) by extension 'ros'
[0.302s] DEBUG:colcon.colcon_core.package_identification:Package 'workspace/src/aichallenge_system/aichallenge_awsim_adapter' with type 'ros.ament_cmake' and name 'aichallenge_awsim_adapter'
[0.302s] Level 1:colcon.colcon_core.package_identification:_identify(workspace/src/aichallenge_system/aichallenge_system_launch) by extensions ['ignore', 'ignore_ament_install']
[0.302s] Level 1:colcon.colcon_core.package_identification:_identify(workspace/src/aichallenge_system/aichallenge_system_launch) by extension 'ignore'
[0.302s] Level 1:colcon.colcon_core.package_identification:_identify(workspace/src/aichallenge_system/aichallenge_system_launch) by extension 'ignore_ament_install'
[0.302s] Level 1:colcon.colcon_core.package_identification:_identify(workspace/src/aichallenge_system/aichallenge_system_launch) by extensions ['colcon_pkg']
[0.302s] Level 1:colcon.colcon_core.package_identification:_identify(workspace/src/aichallenge_system/aichallenge_system_launch) by extension 'colcon_pkg'
[0.302s] Level 1:colcon.colcon_core.package_identification:_identify(workspace/src/aichallenge_system/aichallenge_system_launch) by extensions ['colcon_meta']
[0.302s] Level 1:colcon.colcon_core.package_identification:_identify(workspace/src/aichallenge_system/aichallenge_system_launch) by extension 'colcon_meta'
[0.303s] Level 1:colcon.colcon_core.package_identification:_identify(workspace/src/aichallenge_system/aichallenge_system_launch) by extensions ['ros']
[0.303s] Level 1:colcon.colcon_core.package_identification:_identify(workspace/src/aichallenge_system/aichallenge_system_launch) by extension 'ros'
[0.303s] DEBUG:colcon.colcon_core.package_identification:Package 'workspace/src/aichallenge_system/aichallenge_system_launch' with type 'ros.ament_cmake' and name 'aichallenge_system_launch'
[0.303s] Level 1:colcon.colcon_core.package_identification:_identify(workspace/src/aichallenge_system/script) by extensions ['ignore', 'ignore_ament_install']
[0.303s] Level 1:colcon.colcon_core.package_identification:_identify(workspace/src/aichallenge_system/script) by extension 'ignore'
[0.303s] Level 1:colcon.colcon_core.package_identification:_identify(workspace/src/aichallenge_system/script) by extension 'ignore_ament_install'
[0.303s] Level 1:colcon.colcon_core.package_identification:_identify(workspace/src/aichallenge_system/script) by extensions ['colcon_pkg']
[0.303s] Level 1:colcon.colcon_core.package_identification:_identify(workspace/src/aichallenge_system/script) by extension 'colcon_pkg'
[0.303s] Level 1:colcon.colcon_core.package_identification:_identify(workspace/src/aichallenge_system/script) by extensions ['colcon_meta']
[0.303s] Level 1:colcon.colcon_core.package_identification:_identify(workspace/src/aichallenge_system/script) by extension 'colcon_meta'
[0.303s] Level 1:colcon.colcon_core.package_identification:_identify(workspace/src/aichallenge_system/script) by extensions ['ros']
[0.303s] Level 1:colcon.colcon_core.package_identification:_identify(workspace/src/aichallenge_system/script) by extension 'ros'
[0.303s] Level 1:colcon.colcon_core.package_identification:_identify(workspace/src/aichallenge_system/script) by extensions ['cmake', 'python']
[0.303s] Level 1:colcon.colcon_core.package_identification:_identify(workspace/src/aichallenge_system/script) by extension 'cmake'
[0.303s] Level 1:colcon.colcon_core.package_identification:_identify(workspace/src/aichallenge_system/script) by extension 'python'
[0.303s] Level 1:colcon.colcon_core.package_identification:_identify(workspace/src/aichallenge_system/script) by extensions ['python_setup_py']
[0.303s] Level 1:colcon.colcon_core.package_identification:_identify(workspace/src/aichallenge_system/script) by extension 'python_setup_py'
[0.303s] Level 1:colcon.colcon_core.package_discovery:discover_packages(recursive) using defaults
[0.303s] Level 1:colcon.colcon_core.package_discovery:discover_packages(ignore) discover
[0.303s] Level 1:colcon.colcon_core.package_discovery:discover_packages(ignore) using defaults
[0.303s] Level 1:colcon.colcon_core.package_discovery:discover_packages(path) discover
[0.303s] Level 1:colcon.colcon_core.package_discovery:discover_packages(path) using defaults
[0.329s] INFO:colcon.colcon_core.package_selection:Skipping not selected package 'aichallenge_awsim_adapter' in 'workspace/src/aichallenge_system/aichallenge_awsim_adapter'
[0.330s] INFO:colcon.colcon_core.package_selection:Skipping not selected package 'goal_pose_setter' in 'workspace/src/aichallenge_submit/goal_pose_setter'
[0.330s] INFO:colcon.colcon_core.package_selection:Skipping not selected package 'gyro_odometer' in 'workspace/src/aichallenge_submit/gyro_odometer'
[0.330s] INFO:colcon.colcon_core.package_selection:Skipping not selected package 'imu_corrector' in 'workspace/src/aichallenge_submit/imu_corrector'
[0.330s] INFO:colcon.colcon_core.package_selection:Skipping not selected package 'imu_gnss_poser' in 'workspace/src/aichallenge_submit/imu_gnss_poser'
[0.330s] INFO:colcon.colcon_core.package_selection:Skipping not selected package 'path_to_trajectory' in 'workspace/src/aichallenge_submit/path_to_trajectory'
[0.330s] INFO:colcon.colcon_core.package_selection:Skipping not selected package 'racing_kart_description' in 'workspace/src/aichallenge_submit/racing_kart_description'
[0.330s] INFO:colcon.colcon_core.package_selection:Skipping not selected package 'racing_kart_sensor_kit_description' in 'workspace/src/aichallenge_submit/racing_kart_sensor_kit_description'
[0.330s] INFO:colcon.colcon_core.package_selection:Skipping not selected package 'simple_pure_pursuit' in 'workspace/src/aichallenge_submit/simple_pure_pursuit'
[0.330s] INFO:colcon.colcon_core.package_selection:Skipping not selected package 'aichallenge_submit_launch' in 'workspace/src/aichallenge_submit/aichallenge_submit_launch'
[0.330s] INFO:colcon.colcon_core.package_selection:Skipping not selected package 'aichallenge_system_launch' in 'workspace/src/aichallenge_system/aichallenge_system_launch'
[0.330s] Level 1:colcon.colcon_core.package_discovery:discover_packages(prefix_path) check parameters
[0.330s] Level 1:colcon.colcon_core.package_discovery:discover_packages(prefix_path) discover
[0.339s] DEBUG:colcon.colcon_installed_package_information.package_discovery:Found 219 installed packages in /autoware/install
[0.340s] DEBUG:colcon.colcon_installed_package_information.package_discovery:Found 262 installed packages in /opt/ros/humble
[0.341s] Level 1:colcon.colcon_core.package_discovery:discover_packages(prefix_path) using defaults
[0.409s] Level 5:colcon.colcon_core.verb:set package 'my_control_node' build argument 'cmake_args' from command line to 'None'
[0.409s] Level 5:colcon.colcon_core.verb:set package 'my_control_node' build argument 'cmake_target' from command line to 'None'
[0.409s] Level 5:colcon.colcon_core.verb:set package 'my_control_node' build argument 'cmake_target_skip_unavailable' from command line to 'False'
[0.409s] Level 5:colcon.colcon_core.verb:set package 'my_control_node' build argument 'cmake_clean_cache' from command line to 'False'
[0.409s] Level 5:colcon.colcon_core.verb:set package 'my_control_node' build argument 'cmake_clean_first' from command line to 'False'
[0.409s] Level 5:colcon.colcon_core.verb:set package 'my_control_node' build argument 'cmake_force_configure' from command line to 'False'
[0.409s] Level 5:colcon.colcon_core.verb:set package 'my_control_node' build argument 'ament_cmake_args' from command line to 'None'
[0.409s] Level 5:colcon.colcon_core.verb:set package 'my_control_node' build argument 'catkin_cmake_args' from command line to 'None'
[0.409s] Level 5:colcon.colcon_core.verb:set package 'my_control_node' build argument 'catkin_skip_building_tests' from command line to 'False'
[0.409s] DEBUG:colcon.colcon_core.verb:Building package 'my_control_node' with the following arguments: {'ament_cmake_args': None, 'build_base': '/aichallenge/build/my_control_node', 'catkin_cmake_args': None, 'catkin_skip_building_tests': False, 'cmake_args': None, 'cmake_clean_cache': False, 'cmake_clean_first': False, 'cmake_force_configure': False, 'cmake_target': None, 'cmake_target_skip_unavailable': False, 'install_base': '/aichallenge/install/my_control_node', 'merge_install': False, 'path': '/aichallenge/workspace/src/aichallenge_submit/my_control_node', 'symlink_install': False, 'test_result_base': None}
[0.409s] INFO:colcon.colcon_core.executor:Executing jobs using 'parallel' executor
[0.410s] DEBUG:colcon.colcon_parallel_executor.executor.parallel:run_until_complete
[0.410s] INFO:colcon.colcon_ros.task.ament_python.build:Building ROS package in '/aichallenge/workspace/src/aichallenge_submit/my_control_node' with build type 'ament_python'
[0.410s] Level 1:colcon.colcon_core.shell:create_environment_hook('my_control_node', 'ament_prefix_path')
[0.414s] INFO:colcon.colcon_core.plugin_system:Skipping extension 'colcon_core.shell.bat': Not used on non-Windows systems
[0.414s] INFO:colcon.colcon_core.shell:Creating environment hook '/aichallenge/install/my_control_node/share/my_control_node/hook/ament_prefix_path.ps1'
[0.414s] INFO:colcon.colcon_core.shell:Creating environment descriptor '/aichallenge/install/my_control_node/share/my_control_node/hook/ament_prefix_path.dsv'
[0.414s] INFO:colcon.colcon_core.shell:Creating environment hook '/aichallenge/install/my_control_node/share/my_control_node/hook/ament_prefix_path.sh'
[0.415s] INFO:colcon.colcon_core.shell:Skip shell extension 'powershell' for command environment: Not usable outside of PowerShell
[0.415s] DEBUG:colcon.colcon_core.shell:Skip shell extension 'dsv' for command environment
[0.637s] WARNING:colcon.colcon_ros.task.ament_python.build:Package 'my_control_node' doesn't explicitly install a marker in the package index (colcon-ros currently does it implicitly but that fallback will be removed in the future)
[0.638s] WARNING:colcon.colcon_ros.task.ament_python.build:Package 'my_control_node' doesn't explicitly install the 'package.xml' file (colcon-ros currently does it implicitly but that fallback will be removed in the future)
[0.638s] INFO:colcon.colcon_core.task.python.build:Building Python package in '/aichallenge/workspace/src/aichallenge_submit/my_control_node'
[0.638s] INFO:colcon.colcon_core.shell:Skip shell extension 'powershell' for command environment: Not usable outside of PowerShell
[0.638s] DEBUG:colcon.colcon_core.shell:Skip shell extension 'dsv' for command environment
[0.994s] DEBUG:colcon.colcon_core.event_handler.log_command:Invoking command in '/aichallenge/workspace/src/aichallenge_submit/my_control_node': PYTHONPATH=/aichallenge/build/my_control_node/prefix_override:/aichallenge/install/my_control_node/lib/python3.10/site-packages:${PYTHONPATH} /usr/bin/python3 -W ignore:setup.py install is deprecated setup.py egg_info --egg-base ../../../../build/my_control_node build --build-base /aichallenge/build/my_control_node/build install --record /aichallenge/build/my_control_node/install.log --single-version-externally-managed
[1.219s] DEBUG:colcon.colcon_core.event_handler.log_command:Invoked command in '/aichallenge/workspace/src/aichallenge_submit/my_control_node' returned '0': PYTHONPATH=/aichallenge/build/my_control_node/prefix_override:/aichallenge/install/my_control_node/lib/python3.10/site-packages:${PYTHONPATH} /usr/bin/python3 -W ignore:setup.py install is deprecated setup.py egg_info --egg-base ../../../../build/my_control_node build --build-base /aichallenge/build/my_control_node/build install --record /aichallenge/build/my_control_node/install.log --single-version-externally-managed
[1.223s] Level 1:colcon.colcon_core.environment:checking '/aichallenge/install/my_control_node' for CMake module files
[1.223s] Level 1:colcon.colcon_core.environment:checking '/aichallenge/install/my_control_node' for CMake config files
[1.224s] Level 1:colcon.colcon_core.environment:checking '/aichallenge/install/my_control_node/lib'
[1.224s] Level 1:colcon.colcon_core.environment:checking '/aichallenge/install/my_control_node/bin'
[1.224s] Level 1:colcon.colcon_core.environment:checking '/aichallenge/install/my_control_node/lib/pkgconfig/my_control_node.pc'
[1.224s] Level 1:colcon.colcon_core.environment:checking '/aichallenge/install/my_control_node/lib/python3.10/site-packages'
[1.224s] Level 1:colcon.colcon_core.shell:create_environment_hook('my_control_node', 'pythonpath')
[1.224s] INFO:colcon.colcon_core.shell:Creating environment hook '/aichallenge/install/my_control_node/share/my_control_node/hook/pythonpath.ps1'
[1.224s] INFO:colcon.colcon_core.shell:Creating environment descriptor '/aichallenge/install/my_control_node/share/my_control_node/hook/pythonpath.dsv'
[1.225s] INFO:colcon.colcon_core.shell:Creating environment hook '/aichallenge/install/my_control_node/share/my_control_node/hook/pythonpath.sh'
[1.225s] Level 1:colcon.colcon_core.environment:checking '/aichallenge/install/my_control_node/bin'
[1.225s] Level 1:colcon.colcon_core.environment:create_environment_scripts_only(my_control_node)
[1.225s] INFO:colcon.colcon_core.shell:Creating package script '/aichallenge/install/my_control_node/share/my_control_node/package.ps1'
[1.226s] INFO:colcon.colcon_core.shell:Creating package descriptor '/aichallenge/install/my_control_node/share/my_control_node/package.dsv'
[1.226s] INFO:colcon.colcon_core.shell:Creating package script '/aichallenge/install/my_control_node/share/my_control_node/package.sh'
[1.227s] INFO:colcon.colcon_core.shell:Creating package script '/aichallenge/install/my_control_node/share/my_control_node/package.bash'
[1.227s] INFO:colcon.colcon_core.shell:Creating package script '/aichallenge/install/my_control_node/share/my_control_node/package.zsh'
[1.227s] Level 1:colcon.colcon_core.environment:create_file_with_runtime_dependencies(/aichallenge/install/my_control_node/share/colcon-core/packages/my_control_node)
[1.227s] DEBUG:colcon.colcon_parallel_executor.executor.parallel:closing loop
[1.228s] DEBUG:colcon.colcon_parallel_executor.executor.parallel:loop closed
[1.228s] DEBUG:colcon.colcon_parallel_executor.executor.parallel:run_until_complete finished with '0'
[1.228s] DEBUG:colcon.colcon_core.event_reactor:joining thread
[1.233s] INFO:colcon.colcon_core.plugin_system:Skipping extension 'colcon_notification.desktop_notification.notify_send': Could not find 'notify-send'
[1.233s] INFO:colcon.colcon_core.plugin_system:Skipping extension 'colcon_notification.desktop_notification.terminal_notifier': Not used on non-Darwin systems
[1.233s] INFO:colcon.colcon_core.plugin_system:Skipping extension 'colcon_notification.desktop_notification.win32': Not used on non-Windows systems
[1.233s] INFO:colcon.colcon_notification.desktop_notification:Sending desktop notification using 'notify2'
[1.235s] DEBUG:colcon.colcon_notification.desktop_notification.notify2:Failed to initialize notify2: org.freedesktop.DBus.Error.Spawn.ExecFailed: /usr/bin/dbus-launch terminated abnormally without any error message
[1.235s] DEBUG:colcon.colcon_core.event_reactor:joined thread
[1.236s] INFO:colcon.colcon_core.shell:Creating prefix script '/aichallenge/install/local_setup.ps1'
[1.236s] INFO:colcon.colcon_core.shell:Creating prefix util module '/aichallenge/install/_local_setup_util_ps1.py'
[1.237s] INFO:colcon.colcon_core.shell:Creating prefix chain script '/aichallenge/install/setup.ps1'
[1.246s] INFO:colcon.colcon_core.shell:Creating prefix script '/aichallenge/install/local_setup.sh'
[1.247s] INFO:colcon.colcon_core.shell:Creating prefix util module '/aichallenge/install/_local_setup_util_sh.py'
[1.248s] INFO:colcon.colcon_core.shell:Creating prefix chain script '/aichallenge/install/setup.sh'
[1.262s] INFO:colcon.colcon_core.shell:Creating prefix script '/aichallenge/install/local_setup.bash'
[1.263s] INFO:colcon.colcon_core.shell:Creating prefix chain script '/aichallenge/install/setup.bash'
[1.274s] INFO:colcon.colcon_core.shell:Creating prefix script '/aichallenge/install/local_setup.zsh'
[1.274s] INFO:colcon.colcon_core.shell:Creating prefix chain script '/aichallenge/install/setup.zsh'
